=== STEP 1: Navigate to http://localhost:5173/ ===
Page loaded

=== Taking screenshot of home page ===
Screenshot saved

=== Checking page content ===
Page title: Devices for Intuition
Available buttons/links: [
  {
    "tag": "BUTTON",
    "text": "⚙",
    "id": "",
    "className": "flex items-center gap-1 px-1.5 py-1.5 rounded-lg text-[7px] font-mono uppercase tracking-widest\n              transition-all backdrop-blur-sm bg-black/50 border border-white/8 text-white/25 hover:text-white/50 hover:bg-black/70"
  },
  {
    "tag": "BUTTON",
    "text": "gravarAuto · standard",
    "id": "",
    "className": "group flex items-center gap-1.5 px-2.5 py-1.5 rounded-lg\n            bg-black/50 border border-white/10 text-white/35\n            hover:bg-black/70 hover:border-purple-400/30 hover:text-white/65\n            transition-all backdrop-blur-sm"
  },
  {
    "tag": "BUTTON",
    "text": "◉ ATIVO",
    "id": "",
    "className": ""
  },
  {
    "tag": "BUTTON",
    "text": "↺",
    "id": "",
    "className": ""
  },
  {
    "tag": "BUTTON",
    "text": "⏸ Pausar",
    "id": "",
    "className": ""
  },
  {
    "tag": "BUTTON",
    "text": "↺",
    "id": "",
    "className": ""
  },
  {
    "tag": "BUTTON",
    "text": "○",
    "id": "",
    "className": ""
  },
  {
    "tag": "BUTTON",
    "text": "Parâmetros",
    "id": "",
    "className": ""
  },
  {
    "tag": "BUTTON",
    "text": "○ livre",
    "id": "",
    "className": ""
  },
  {
    "tag": "BUTTON",
    "text": "LenteTopologia",
    "id": "",
    "className": ""
  },
  {
    "tag": "BUTTON",
    "text": "◉Mapa",
    "id": "",
    "className": ""
  },
  {
    "tag": "BUTTON",
    "text": "○Campo",
    "id": "",
    "className": ""
  },
  {
    "tag": "BUTTON",
    "text": "○Vetores",
    "id": "",
    "className": ""
  },
  {
    "tag": "BUTTON",
    "text": "○Rastros",
    "id": "",
    "className": ""
  },
  {
    "tag": "BUTTON",
    "text": "◉Bonds",
    "id": "",
    "className": ""
  },
  {
    "tag": "BUTTON",
    "text": "◉Arquétipos",
    "id": "",
    "className": ""
  },
  {
    "tag": "BUTTON",
    "text": "300",
    "id": "",
    "className": ""
  },
  {
    "tag": "BUTTON",
    "text": "600",
    "id": "",
    "className": ""
  },
  {
    "tag": "BUTTON",
    "text": "900",
    "id": "",
    "className": ""
  },
  {
    "tag": "BUTTON",
    "text": "1.2k",
    "id": "",
    "className": ""
  },
  {
    "tag": "BUTTON",
    "text": "",
    "id": "",
    "className": ""
  },
  {
    "tag": "BUTTON",
    "text": "",
    "id": "",
    "className": ""
  },
  {
    "tag": "BUTTON",
    "text": "",
    "id": "",
    "className": ""
  },
  {
    "tag": "BUTTON",
    "text": "",
    "id": "",
    "className": ""
  },
  {
    "tag": "BUTTON",
    "text": "",
    "id": "",
    "className": ""
  },
  {
    "tag": "BUTTON",
    "text": "",
    "id": "",
    "className": ""
  },
  {
    "tag": "BUTTON",
    "text": "",
    "id": "",
    "className": ""
  },
  {
    "tag": "BUTTON",
    "text": "◈ Nova Consciência",
    "id": "",
    "className": ""
  },
  {
    "tag": "BUTTON",
    "text": "PresetMandala Calm",
    "id": "",
    "className": ""
  },
  {
    "tag": "BUTTON",
    "text": "Crônica2",
    "id": "",
    "className": ""
  },
  {
    "tag": "BUTTON",
    "text": "Processo Psíquico",
    "id": "",
    "className": ""
  },
  {
    "tag": "BUTTON",
    "text": "Mapa Psíquico",
    "id": "",
    "className": ""
  },
  {
    "tag": "BUTTON",
    "text": "Arquétipos",
    "id": "",
    "className": ""
  },
  {
    "tag": "BUTTON",
    "text": "gravar",
    "id": "",
    "className": "group flex items-center gap-1.5 px-2.5 py-1.5 rounded-lg\n            bg-black/50 border border-white/10 text-white/35\n            hover:bg-black/70 hover:border-purple-400/30 hover:text-white/65\n            transition-all backdrop-blur-sm"
  },
  {
    "tag": "BUTTON",
    "text": "",
    "id": "",
    "className": "flex items-center justify-center transition-all"
  },
  {
    "tag": "BUTTON",
    "text": "Eno Drift Garden",
    "id": "",
    "className": "flex items-center gap-1.5 px-3 transition-all"
  },
  {
    "tag": "BUTTON",
    "text": "F",
    "id": "",
    "className": "flex items-center justify-center transition-all"
  },
  {
    "tag": "BUTTON",
    "text": "Major",
    "id": "",
    "className": "flex items-center justify-center transition-all"
  },
  {
    "tag": "BUTTON",
    "text": "Off",
    "id": "",
    "className": "transition-all"
  },
  {
    "tag": "BUTTON",
    "text": "Notes",
    "id": "",
    "className": "transition-all"
  },
  {
    "tag": "BUTTON",
    "text": "Harmony",
    "id": "",
    "className": "transition-all"
  },
  {
    "tag": "BUTTON",
    "text": "Rhythm",
    "id": "",
    "className": "transition-all"
  },
  {
    "tag": "BUTTON",
    "text": "Tension",
    "id": "",
    "className": "transition-all"
  },
  {
    "tag": "BUTTON",
    "text": "Events",
    "id": "",
    "className": "transition-all"
  },
  {
    "tag": "BUTTON",
    "text": "",
    "id": "",
    "className": "flex items-center justify-center transition-all"
  },
  {
    "tag": "BUTTON",
    "text": "3D",
    "id": "",
    "className": "flex items-center justify-center transition-all"
  },
  {
    "tag": "BUTTON",
    "text": "V",
    "id": "",
    "className": "flex items-center justify-center transition-all"
  },
  {
    "tag": "BUTTON",
    "text": "",
    "id": "",
    "className": "flex items-center justify-center transition-all"
  },
  {
    "tag": "BUTTON",
    "text": "⚛",
    "id": "",
    "className": "flex items-center justify-center transition-all"
  },
  {
    "tag": "BUTTON",
    "text": "",
    "id": "",
    "className": "flex items-center justify-center transition-all"
  },
  {
    "tag": "BUTTON",
    "text": "",
    "id": "",
    "className": "flex items-center justify-center transition-all"
  },
  {
    "tag": "BUTTON",
    "text": "",
    "id": "",
    "className": "flex items-center justify-center transition-all"
  },
  {
    "tag": "BUTTON",
    "text": "",
    "id": "",
    "className": "flex items-center justify-center transition-all"
  },
  {
    "tag": "BUTTON",
    "text": "",
    "id": "",
    "className": "flex items-center justify-center transition-all"
  },
  {
    "tag": "BUTTON",
    "text": "",
    "id": "",
    "className": "flex items-center justify-center transition-all"
  },
  {
    "tag": "BUTTON",
    "text": "−",
    "id": "",
    "className": "w-5 h-5 flex items-center justify-center rounded hover:bg-white/8 transition-colors"
  },
  {
    "tag": "BUTTON",
    "text": "100%",
    "id": "",
    "className": "px-1 text-center rounded hover:bg-white/5 transition-colors"
  },
  {
    "tag": "BUTTON",
    "text": "+",
    "id": "",
    "className": "w-5 h-5 flex items-center justify-center rounded hover:bg-white/8 transition-colors"
  },
  {
    "tag": "BUTTON",
    "text": "",
    "id": "",
    "className": "flex items-center justify-center transition-all relative"
  },
  {
    "tag": "BUTTON",
    "text": "",
    "id": "",
    "className": "flex items-center justify-center transition-all relative"
  },
  {
    "tag": "BUTTON",
    "text": "",
    "id": "",
    "className": "flex items-center justify-center transition-all relative"
  },
  {
    "tag": "BUTTON",
    "text": "",
    "id": "",
    "className": "flex items-center justify-center transition-all relative"
  },
  {
    "tag": "BUTTON",
    "text": "",
    "id": "",
    "className": "flex items-center justify-center transition-all relative"
  },
  {
    "tag": "BUTTON",
    "text": "",
    "id": "",
    "className": "flex items-center justify-center transition-all relative"
  },
  {
    "tag": "BUTTON",
    "text": "",
    "id": "",
    "className": "flex items-center justify-center transition-all relative"
  },
  {
    "tag": "BUTTON",
    "text": "",
    "id": "",
    "className": "flex items-center justify-center transition-all relative"
  },
  {
    "tag": "BUTTON",
    "text": "",
    "id": "",
    "className": "flex items-center justify-center transition-all relative"
  },
  {
    "tag": "BUTTON",
    "text": "",
    "id": "",
    "className": "flex items-center justify-center transition-all relative"
  },
  {
    "tag": "BUTTON",
    "text": "≋",
    "id": "",
    "className": "flex items-center justify-center transition-all relative"
  },
  {
    "tag": "BUTTON",
    "text": "⊢",
    "id": "",
    "className": "flex items-center justify-center transition-all relative"
  },
  {
    "tag": "BUTTON",
    "text": "⊙",
    "id": "",
    "className": "flex items-center justify-center transition-all relative"
  },
  {
    "tag": "BUTTON",
    "text": "⟺",
    "id": "",
    "className": "flex items-center justify-center transition-all relative"
  },
  {
    "tag": "BUTTON",
    "text": "◉",
    "id": "",
    "className": "flex items-center justify-center transition-all relative"
  },
  {
    "tag": "BUTTON",
    "text": "⇥",
    "id": "",
    "className": "flex items-center justify-center transition-all relative"
  },
  {
    "tag": "BUTTON",
    "text": "⬡",
    "id": "",
    "className": "flex items-center justify-center transition-all relative"
  },
  {
    "tag": "BUTTON",
    "text": "⌇",
    "id": "",
    "className": "flex items-center justify-center transition-all relative"
  },
  {
    "tag": "BUTTON",
    "text": "✦",
    "id": "",
    "className": "flex items-center justify-center transition-all relative"
  },
  {
    "tag": "BUTTON",
    "text": "⌛",
    "id": "",
    "className": "flex items-center justify-center transition-all relative"
  },
  {
    "tag": "BUTTON",
    "text": "▾",
    "id": "",
    "className": ""
  },
  {
    "tag": "BUTTON",
    "text": "⚡",
    "id": "",
    "className": "flex items-center justify-center transition-all hover:scale-110"
  },
  {
    "tag": "BUTTON",
    "text": "❄",
    "id": "",
    "className": "flex items-center justify-center transition-all hover:scale-110"
  },
  {
    "tag": "BUTTON",
    "text": "💥",
    "id": "",
    "className": "flex items-center justify-center transition-all hover:scale-110"
  },
  {
    "tag": "BUTTON",
    "text": "◎",
    "id": "",
    "className": "flex items-center justify-center transition-all hover:scale-110"
  },
  {
    "tag": "BUTTON",
    "text": "✦",
    "id": "",
    "className": "flex items-center justify-center transition-all hover:scale-110"
  },
  {
    "tag": "BUTTON",
    "text": "+",
    "id": "",
    "className": "flex items-center justify-center transition-all hover:scale-110"
  },
  {
    "tag": "BUTTON",
    "text": "−",
    "id": "",
    "className": "flex items-center justify-center transition-all hover:scale-110"
  },
  {
    "tag": "BUTTON",
    "text": "",
    "id": "",
    "className": "flex items-center justify-center transition-all"
  },
  {
    "tag": "BUTTON",
    "text": "OFF",
    "id": "",
    "className": "transition-all"
  },
  {
    "tag": "BUTTON",
    "text": "▾",
    "id": "",
    "className": ""
  },
  {
    "tag": "BUTTON",
    "text": "8",
    "id": "",
    "className": ""
  },
  {
    "tag": "BUTTON",
    "text": "12",
    "id": "",
    "className": ""
  },
  {
    "tag": "BUTTON",
    "text": "16",
    "id": "",
    "className": ""
  },
  {
    "tag": "BUTTON",
    "text": "0.5×",
    "id": "",
    "className": ""
  },
  {
    "tag": "BUTTON",
    "text": "1×",
    "id": "",
    "className": ""
  },
  {
    "tag": "BUTTON",
    "text": "2×",
    "id": "",
    "className": ""
  },
  {
    "tag": "BUTTON",
    "text": "4×",
    "id": "",
    "className": ""
  },
  {
    "tag": "BUTTON",
    "text": "1",
    "id": "",
    "className": ""
  },
  {
    "tag": "BUTTON",
    "text": "2",
    "id": "",
    "className": ""
  },
  {
    "tag": "BUTTON",
    "text": "3",
    "id": "",
    "className": ""
  },
  {
    "tag": "BUTTON",
    "text": "4",
    "id": "",
    "className": ""
  },
  {
    "tag": "BUTTON",
    "text": "5",
    "id": "",
    "className": ""
  },
  {
    "tag": "BUTTON",
    "text": "6",
    "id": "",
    "className": ""
  },
  {
    "tag": "BUTTON",
    "text": "7",
    "id": "",
    "className": ""
  },
  {
    "tag": "BUTTON",
    "text": "8",
    "id": "",
    "className": ""
  },
  {
    "tag": "BUTTON",
    "text": "",
    "id": "",
    "className": "absolute -left-4 top-4 z-30 w-4 h-8 flex items-center justify-center transition-all"
  },
  {
    "tag": "BUTTON",
    "text": "▾",
    "id": "",
    "className": ""
  },
  {
    "tag": "BUTTON",
    "text": "✕",
    "id": "",
    "className": ""
  },
  {
    "tag": "BUTTON",
    "text": "C",
    "id": "",
    "className": "flex-1 transition-all"
  },
  {
    "tag": "BUTTON",
    "text": "C#",
    "id": "",
    "className": "flex-1 transition-all"
  },
  {
    "tag": "BUTTON",
    "text": "D",
    "id": "",
    "className": "flex-1 transition-all"
  },
  {
    "tag": "BUTTON",
    "text": "Eb",
    "id": "",
    "className": "flex-1 transition-all"
  },
  {
    "tag": "BUTTON",
    "text": "E",
    "id": "",
    "className": "flex-1 transition-all"
  },
  {
    "tag": "BUTTON",
    "text": "F",
    "id": "",
    "className": "flex-1 transition-all"
  },
  {
    "tag": "BUTTON",
    "text": "F#",
    "id": "",
    "className": "flex-1 transition-all"
  },
  {
    "tag": "BUTTON",
    "text": "G",
    "id": "",
    "className": "flex-1 transition-all"
  },
  {
    "tag": "BUTTON",
    "text": "Ab",
    "id": "",
    "className": "flex-1 transition-all"
  },
  {
    "tag": "BUTTON",
    "text": "A",
    "id": "",
    "className": "flex-1 transition-all"
  },
  {
    "tag": "BUTTON",
    "text": "Bb",
    "id": "",
    "className": "flex-1 transition-all"
  },
  {
    "tag": "BUTTON",
    "text": "B",
    "id": "",
    "className": "flex-1 transition-all"
  },
  {
    "tag": "BUTTON",
    "text": "Major ",
    "id": "",
    "className": "flex items-center gap-1 transition-all"
  },
  {
    "tag": "BUTTON",
    "text": "F",
    "id": "",
    "className": "transition-all active:scale-95"
  },
  {
    "tag": "BUTTON",
    "text": "G",
    "id": "",
    "className": "transition-all active:scale-95"
  },
  {
    "tag": "BUTTON",
    "text": "A",
    "id": "",
    "className": "transition-all active:scale-95"
  },
  {
    "tag": "BUTTON",
    "text": "Bb",
    "id": "",
    "className": "transition-all active:scale-95"
  },
  {
    "tag": "BUTTON",
    "text": "C",
    "id": "",
    "className": "transition-all active:scale-95"
  },
  {
    "tag": "BUTTON",
    "text": "D",
    "id": "",
    "className": "transition-all active:scale-95"
  },
  {
    "tag": "BUTTON",
    "text": "E",
    "id": "",
    "className": "transition-all active:scale-95"
  },
  {
    "tag": "BUTTON",
    "text": "C",
    "id": "",
    "className": "transition-all active:scale-95"
  },
  {
    "tag": "BUTTON",
    "text": "C#",
    "id": "",
    "className": "transition-all active:scale-95"
  },
  {
    "tag": "BUTTON",
    "text": "D",
    "id": "",
    "className": "transition-all active:scale-95"
  },
  {
    "tag": "BUTTON",
    "text": "Eb",
    "id": "",
    "className": "transition-all active:scale-95"
  },
  {
    "tag": "BUTTON",
    "text": "E",
    "id": "",
    "className": "transition-all active:scale-95"
  },
  {
    "tag": "BUTTON",
    "text": "F",
    "id": "",
    "className": "transition-all active:scale-95"
  },
  {
    "tag": "BUTTON",
    "text": "F#",
    "id": "",
    "className": "transition-all active:scale-95"
  },
  {
    "tag": "BUTTON",
    "text": "G",
    "id": "",
    "className": "transition-all active:scale-95"
  },
  {
    "tag": "BUTTON",
    "text": "Ab",
    "id": "",
    "className": "transition-all active:scale-95"
  },
  {
    "tag": "BUTTON",
    "text": "A",
    "id": "",
    "className": "transition-all active:scale-95"
  },
  {
    "tag": "BUTTON",
    "text": "Bb",
    "id": "",
    "className": "transition-all active:scale-95"
  },
  {
    "tag": "BUTTON",
    "text": "B",
    "id": "",
    "className": "transition-all active:scale-95"
  },
  {
    "tag": "BUTTON",
    "text": "○ OFF",
    "id": "",
    "className": "flex items-center gap-1 px-2.5 py-1 transition-all"
  },
  {
    "tag": "BUTTON",
    "text": "8",
    "id": "",
    "className": "transition-all"
  },
  {
    "tag": "BUTTON",
    "text": "16",
    "id": "",
    "className": "transition-all"
  },
  {
    "tag": "BUTTON",
    "text": "Padrões ▾",
    "id": "",
    "className": "transition-all"
  },
  {
    "tag": "BUTTON",
    "text": "Limpar",
    "id": "",
    "className": "transition-all"
  },
  {
    "tag": "BUTTON",
    "text": "M",
    "id": "",
    "className": "w-[18px] h-[18px] flex items-center justify-center transition-all"
  },
  {
    "tag": "BUTTON",
    "text": "S",
    "id": "",
    "className": "w-[18px] h-[18px] flex items-center justify-center transition-all"
  },
  {
    "tag": "BUTTON",
    "text": "✕",
    "id": "",
    "className": "transition-colors"
  },
  {
    "tag": "BUTTON",
    "text": "",
    "id": "",
    "className": "relative flex-1 transition-all "
  },
  {
    "tag": "BUTTON",
    "text": "",
    "id": "",
    "className": "relative flex-1 transition-all "
  },
  {
    "tag": "BUTTON",
    "text": "",
    "id": "",
    "className": "relative flex-1 transition-all "
  },
  {
    "tag": "BUTTON",
    "text": "",
    "id": "",
    "className": "relative flex-1 transition-all "
  },
  {
    "tag": "BUTTON",
    "text": "",
    "id": "",
    "className": "relative flex-1 transition-all "
  },
  {
    "tag": "BUTTON",
    "text": "",
    "id": "",
    "className": "relative flex-1 transition-all "
  },
  {
    "tag": "BUTTON",
    "text": "",
    "id": "",
    "className": "relative flex-1 transition-all "
  },
  {
    "tag": "BUTTON",
    "text": "",
    "id": "",
    "className": "relative flex-1 transition-all "
  },
  {
    "tag": "BUTTON",
    "text": "",
    "id": "",
    "className": "relative flex-1 transition-all "
  },
  {
    "tag": "BUTTON",
    "text": "",
    "id": "",
    "className": "relative flex-1 transition-all "
  },
  {
    "tag": "BUTTON",
    "text": "",
    "id": "",
    "className": "relative flex-1 transition-all "
  },
  {
    "tag": "BUTTON",
    "text": "",
    "id": "",
    "className": "relative flex-1 transition-all "
  },
  {
    "tag": "BUTTON",
    "text": "",
    "id": "",
    "className": "relative flex-1 transition-all "
  },
  {
    "tag": "BUTTON",
    "text": "",
    "id": "",
    "className": "relative flex-1 transition-all "
  },
  {
    "tag": "BUTTON",
    "text": "",
    "id": "",
    "className": "relative flex-1 transition-all "
  },
  {
    "tag": "BUTTON",
    "text": "",
    "id": "",
    "className": "relative flex-1 transition-all "
  },
  {
    "tag": "BUTTON",
    "text": "M",
    "id": "",
    "className": "w-[18px] h-[18px] flex items-center justify-center transition-all"
  },
  {
    "tag": "BUTTON",
    "text": "S",
    "id": "",
    "className": "w-[18px] h-[18px] flex items-center justify-center transition-all"
  },
  {
    "tag": "BUTTON",
    "text": "✕",
    "id": "",
    "className": "transition-colors"
  },
  {
    "tag": "BUTTON",
    "text": "",
    "id": "",
    "className": "relative flex-1 transition-all "
  },
  {
    "tag": "BUTTON",
    "text": "",
    "id": "",
    "className": "relative flex-1 transition-all "
  },
  {
    "tag": "BUTTON",
    "text": "",
    "id": "",
    "className": "relative flex-1 transition-all "
  },
  {
    "tag": "BUTTON",
    "text": "",
    "id": "",
    "className": "relative flex-1 transition-all "
  },
  {
    "tag": "BUTTON",
    "text": "",
    "id": "",
    "className": "relative flex-1 transition-all "
  },
  {
    "tag": "BUTTON",
    "text": "",
    "id": "",
    "className": "relative flex-1 transition-all "
  },
  {
    "tag": "BUTTON",
    "text": "",
    "id": "",
    "className": "relative flex-1 transition-all "
  },
  {
    "tag": "BUTTON",
    "text": "",
    "id": "",
    "className": "relative flex-1 transition-all "
  },
  {
    "tag": "BUTTON",
    "text": "",
    "id": "",
    "className": "relative flex-1 transition-all "
  },
  {
    "tag": "BUTTON",
    "text": "",
    "id": "",
    "className": "relative flex-1 transition-all "
  },
  {
    "tag": "BUTTON",
    "text": "",
    "id": "",
    "className": "relative flex-1 transition-all "
  },
  {
    "tag": "BUTTON",
    "text": "",
    "id": "",
    "className": "relative flex-1 transition-all "
  },
  {
    "tag": "BUTTON",
    "text": "",
    "id": "",
    "className": "relative flex-1 transition-all "
  },
  {
    "tag": "BUTTON",
    "text": "",
    "id": "",
    "className": "relative flex-1 transition-all "
  },
  {
    "tag": "BUTTON",
    "text": "",
    "id": "",
    "className": "relative flex-1 transition-all "
  },
  {
    "tag": "BUTTON",
    "text": "",
    "id": "",
    "className": "relative flex-1 transition-all "
  },
  {
    "tag": "BUTTON",
    "text": "M",
    "id": "",
    "className": "w-[18px] h-[18px] flex items-center justify-center transition-all"
  },
  {
    "tag": "BUTTON",
    "text": "S",
    "id": "",
    "className": "w-[18px] h-[18px] flex items-center justify-center transition-all"
  },
  {
    "tag": "BUTTON",
    "text": "✕",
    "id": "",
    "className": "transition-colors"
  },
  {
    "tag": "BUTTON",
    "text": "",
    "id": "",
    "className": "relative flex-1 transition-all "
  },
  {
    "tag": "BUTTON",
    "text": "",
    "id": "",
    "className": "relative flex-1 transition-all "
  },
  {
    "tag": "BUTTON",
    "text": "",
    "id": "",
    "className": "relative flex-1 transition-all "
  },
  {
    "tag": "BUTTON",
    "text": "",
    "id": "",
    "className": "relative flex-1 transition-all "
  },
  {
    "tag": "BUTTON",
    "text": "",
    "id": "",
    "className": "relative flex-1 transition-all "
  },
  {
    "tag": "BUTTON",
    "text": "",
    "id": "",
    "className": "relative flex-1 transition-all "
  },
  {
    "tag": "BUTTON",
    "text": "",
    "id": "",
    "className": "relative flex-1 transition-all "
  },
  {
    "tag": "BUTTON",
    "text": "",
    "id": "",
    "className": "relative flex-1 transition-all "
  },
  {
    "tag": "BUTTON",
    "text": "",
    "id": "",
    "className": "relative flex-1 transition-all "
  },
  {
    "tag": "BUTTON",
    "text": "",
    "id": "",
    "className": "relative flex-1 transition-all "
  },
  {
    "tag": "BUTTON",
    "text": "",
    "id": "",
    "className": "relative flex-1 transition-all "
  },
  {
    "tag": "BUTTON",
    "text": "",
    "id": "",
    "className": "relative flex-1 transition-all "
  },
  {
    "tag": "BUTTON",
    "text": "",
    "id": "",
    "className": "relative flex-1 transition-all "
  },
  {
    "tag": "BUTTON",
    "text": "",
    "id": "",
    "className": "relative flex-1 transition-all "
  },
  {
    "tag": "BUTTON",
    "text": "",
    "id": "",
    "className": "relative flex-1 transition-all "
  },
  {
    "tag": "BUTTON",
    "text": "",
    "id": "",
    "className": "relative flex-1 transition-all "
  },
  {
    "tag": "BUTTON",
    "text": "M",
    "id": "",
    "className": "w-[18px] h-[18px] flex items-center justify-center transition-all"
  },
  {
    "tag": "BUTTON",
    "text": "S",
    "id": "",
    "className": "w-[18px] h-[18px] flex items-center justify-center transition-all"
  },
  {
    "tag": "BUTTON",
    "text": "✕",
    "id": "",
    "className": "transition-colors"
  },
  {
    "tag": "BUTTON",
    "text": "",
    "id": "",
    "className": "relative flex-1 transition-all "
  },
  {
    "tag": "BUTTON",
    "text": "",
    "id": "",
    "className": "relative flex-1 transition-all "
  },
  {
    "tag": "BUTTON",
    "text": "",
    "id": "",
    "className": "relative flex-1 transition-all "
  },
  {
    "tag": "BUTTON",
    "text": "",
    "id": "",
    "className": "relative flex-1 transition-all "
  },
  {
    "tag": "BUTTON",
    "text": "",
    "id": "",
    "className": "relative flex-1 transition-all "
  },
  {
    "tag": "BUTTON",
    "text": "",
    "id": "",
    "className": "relative flex-1 transition-all "
  },
  {
    "tag": "BUTTON",
    "text": "",
    "id": "",
    "className": "relative flex-1 transition-all "
  },
  {
    "tag": "BUTTON",
    "text": "",
    "id": "",
    "className": "relative flex-1 transition-all "
  },
  {
    "tag": "BUTTON",
    "text": "",
    "id": "",
    "className": "relative flex-1 transition-all "
  },
  {
    "tag": "BUTTON",
    "text": "",
    "id": "",
    "className": "relative flex-1 transition-all "
  },
  {
    "tag": "BUTTON",
    "text": "",
    "id": "",
    "className": "relative flex-1 transition-all "
  },
  {
    "tag": "BUTTON",
    "text": "",
    "id": "",
    "className": "relative flex-1 transition-all "
  },
  {
    "tag": "BUTTON",
    "text": "",
    "id": "",
    "className": "relative flex-1 transition-all "
  },
  {
    "tag": "BUTTON",
    "text": "",
    "id": "",
    "className": "relative flex-1 transition-all "
  },
  {
    "tag": "BUTTON",
    "text": "",
    "id": "",
    "className": "relative flex-1 transition-all "
  },
  {
    "tag": "BUTTON",
    "text": "",
    "id": "",
    "className": "relative flex-1 transition-all "
  },
  {
    "tag": "BUTTON",
    "text": "M",
    "id": "",
    "className": "w-[18px] h-[18px] flex items-center justify-center transition-all"
  },
  {
    "tag": "BUTTON",
    "text": "S",
    "id": "",
    "className": "w-[18px] h-[18px] flex items-center justify-center transition-all"
  },
  {
    "tag": "BUTTON",
    "text": "✕",
    "id": "",
    "className": "transition-colors"
  },
  {
    "tag": "BUTTON",
    "text": "",
    "id": "",
    "className": "relative flex-1 transition-all "
  },
  {
    "tag": "BUTTON",
    "text": "",
    "id": "",
    "className": "relative flex-1 transition-all "
  },
  {
    "tag": "BUTTON",
    "text": "",
    "id": "",
    "className": "relative flex-1 transition-all "
  },
  {
    "tag": "BUTTON",
    "text": "",
    "id": "",
    "className": "relative flex-1 transition-all "
  },
  {
    "tag": "BUTTON",
    "text": "",
    "id": "",
    "className": "relative flex-1 transition-all "
  },
  {
    "tag": "BUTTON",
    "text": "",
    "id": "",
    "className": "relative flex-1 transition-all "
  },
  {
    "tag": "BUTTON",
    "text": "",
    "id": "",
    "className": "relative flex-1 transition-all "
  },
  {
    "tag": "BUTTON",
    "text": "",
    "id": "",
    "className": "relative flex-1 transition-all "
  },
  {
    "tag": "BUTTON",
    "text": "",
    "id": "",
    "className": "relative flex-1 transition-all "
  },
  {
    "tag": "BUTTON",
    "text": "",
    "id": "",
    "className": "relative flex-1 transition-all "
  },
  {
    "tag": "BUTTON",
    "text": "",
    "id": "",
    "className": "relative flex-1 transition-all "
  },
  {
    "tag": "BUTTON",
    "text": "",
    "id": "",
    "className": "relative flex-1 transition-all "
  },
  {
    "tag": "BUTTON",
    "text": "",
    "id": "",
    "className": "relative flex-1 transition-all "
  },
  {
    "tag": "BUTTON",
    "text": "",
    "id": "",
    "className": "relative flex-1 transition-all "
  },
  {
    "tag": "BUTTON",
    "text": "",
    "id": "",
    "className": "relative flex-1 transition-all "
  },
  {
    "tag": "BUTTON",
    "text": "",
    "id": "",
    "className": "relative flex-1 transition-all "
  },
  {
    "tag": "BUTTON",
    "text": "M",
    "id": "",
    "className": "w-[18px] h-[18px] flex items-center justify-center transition-all"
  },
  {
    "tag": "BUTTON",
    "text": "S",
    "id": "",
    "className": "w-[18px] h-[18px] flex items-center justify-center transition-all"
  },
  {
    "tag": "BUTTON",
    "text": "✕",
    "id": "",
    "className": "transition-colors"
  },
  {
    "tag": "BUTTON",
    "text": "",
    "id": "",
    "className": "relative flex-1 transition-all "
  },
  {
    "tag": "BUTTON",
    "text": "",
    "id": "",
    "className": "relative flex-1 transition-all "
  },
  {
    "tag": "BUTTON",
    "text": "",
    "id": "",
    "className": "relative flex-1 transition-all "
  },
  {
    "tag": "BUTTON",
    "text": "",
    "id": "",
    "className": "relative flex-1 transition-all "
  },
  {
    "tag": "BUTTON",
    "text": "",
    "id": "",
    "className": "relative flex-1 transition-all "
  },
  {
    "tag": "BUTTON",
    "text": "",
    "id": "",
    "className": "relative flex-1 transition-all "
  },
  {
    "tag": "BUTTON",
    "text": "",
    "id": "",
    "className": "relative flex-1 transition-all "
  },
  {
    "tag": "BUTTON",
    "text": "",
    "id": "",
    "className": "relative flex-1 transition-all "
  },
  {
    "tag": "BUTTON",
    "text": "",
    "id": "",
    "className": "relative flex-1 transition-all "
  },
  {
    "tag": "BUTTON",
    "text": "",
    "id": "",
    "className": "relative flex-1 transition-all "
  },
  {
    "tag": "BUTTON",
    "text": "",
    "id": "",
    "className": "relative flex-1 transition-all "
  },
  {
    "tag": "BUTTON",
    "text": "",
    "id": "",
    "className": "relative flex-1 transition-all "
  },
  {
    "tag": "BUTTON",
    "text": "",
    "id": "",
    "className": "relative flex-1 transition-all "
  },
  {
    "tag": "BUTTON",
    "text": "",
    "id": "",
    "className": "relative flex-1 transition-all "
  },
  {
    "tag": "BUTTON",
    "text": "",
    "id": "",
    "className": "relative flex-1 transition-all "
  },
  {
    "tag": "BUTTON",
    "text": "",
    "id": "",
    "className": "relative flex-1 transition-all "
  },
  {
    "tag": "BUTTON",
    "text": "gravar",
    "id": "",
    "className": "group flex items-center gap-1.5 px-2.5 py-1.5 rounded-lg\n            bg-black/50 border border-white/10 text-white/35\n            hover:bg-black/70 hover:border-purple-400/30 hover:text-white/65\n            transition-all backdrop-blur-sm"
  },
  {
    "tag": "BUTTON",
    "text": "",
    "id": "",
    "className": "absolute top-2 right-2 transition-colors"
  },
  {
    "tag": "BUTTON",
    "text": "Tabela",
    "id": "",
    "className": ""
  },
  {
    "tag": "BUTTON",
    "text": "Atanor",
    "id": "",
    "className": ""
  },
  {
    "tag": "BUTTON",
    "text": "Opus",
    "id": "",
    "className": ""
  },
  {
    "tag": "BUTTON",
    "text": "Arcana",
    "id": "",
    "className": ""
  },
  {
    "tag": "BUTTON",
    "text": "",
    "id": "",
    "className": ""
  },
  {
    "tag": "BUTTON",
    "text": "",
    "id": "",
    "className": ""
  },
  {
    "tag": "BUTTON",
    "text": "",
    "id": "",
    "className": ""
  },
  {
    "tag": "BUTTON",
    "text": "Lento",
    "id": "",
    "className": ""
  },
  {
    "tag": "BUTTON",
    "text": "Médio",
    "id": "",
    "className": ""
  },
  {
    "tag": "BUTTON",
    "text": "Normal",
    "id": "",
    "className": ""
  },
  {
    "tag": "BUTTON",
    "text": "−",
    "id": "",
    "className": "w-5 h-5 flex items-center justify-center rounded hover:bg-white/8 transition-colors"
  },
  {
    "tag": "BUTTON",
    "text": "100%",
    "id": "",
    "className": "px-1 text-center rounded hover:bg-white/5 transition-colors"
  },
  {
    "tag": "BUTTON",
    "text": "+",
    "id": "",
    "className": "w-5 h-5 flex items-center justify-center rounded hover:bg-white/8 transition-colors"
  },
  {
    "tag": "BUTTON",
    "text": "🪴Terrarium",
    "id": "",
    "className": "flex items-center gap-1 px-1.5 py-0.5 rounded text-[6.5px] font-mono border transition-all\n                border-white/15 text-white/55 bg-white/6"
  },
  {
    "tag": "BUTTON",
    "text": "🏜Flat",
    "id": "",
    "className": "flex items-center gap-1 px-1.5 py-0.5 rounded text-[6.5px] font-mono border transition-all\n                border-transparent text-white/20 hover:text-white/45 hover:bg-white/[0.03]"
  },
  {
    "tag": "BUTTON",
    "text": "🕳Cave",
    "id": "",
    "className": "flex items-center gap-1 px-1.5 py-0.5 rounded text-[6.5px] font-mono border transition-all\n                border-transparent text-white/20 hover:text-white/45 hover:bg-white/[0.03]"
  },
  {
    "tag": "BUTTON",
    "text": "⛰Ramp",
    "id": "",
    "className": "flex items-center gap-1 px-1.5 py-0.5 rounded text-[6.5px] font-mono border transition-all\n                border-transparent text-white/20 hover:text-white/45 hover:bg-white/[0.03]"
  },
  {
    "tag": "BUTTON",
    "text": "🌊Water",
    "id": "",
    "className": "flex items-center gap-1 px-1.5 py-0.5 rounded text-[6.5px] font-mono border transition-all\n                border-transparent text-white/20 hover:text-white/45 hover:bg-white/[0.03]"
  },
  {
    "tag": "BUTTON",
    "text": "🪜Steps",
    "id": "",
    "className": "flex items-center gap-1 px-1.5 py-0.5 rounded text-[6.5px] font-mono border transition-all\n                border-transparent text-white/20 hover:text-white/45 hover:bg-white/[0.03]"
  },
  {
    "tag": "BUTTON",
    "text": "",
    "id": "",
    "className": "flex items-center justify-center gap-0.5 rounded transition-all border\n      px-1.5 py-0.5 text-[6.5px] font-mono uppercase tracking-widest\n      border-white/[0.06] text-white/30 hover:text-white/55 hover:bg-white/[0.04]"
  },
  {
    "tag": "BUTTON",
    "text": "",
    "id": "",
    "className": "flex items-center justify-center gap-0.5 rounded transition-all border\n      px-1.5 py-0.5 text-[6.5px] font-mono uppercase tracking-widest\n      border-white/[0.06] text-white/30 hover:text-white/55 hover:bg-white/[0.04]"
  },
  {
    "tag": "BUTTON",
    "text": "",
    "id": "",
    "className": "flex items-center justify-center gap-0.5 rounded transition-all border\n      px-1.5 py-0.5 text-[6.5px] font-mono uppercase tracking-widest\n      border-white/[0.06] text-white/30 hover:text-white/55 hover:bg-white/[0.04]"
  },
  {
    "tag": "BUTTON",
    "text": "",
    "id": "",
    "className": "flex items-center justify-center gap-0.5 rounded transition-all border\n      px-1.5 py-0.5 text-[6.5px] font-mono uppercase tracking-widest\n      border-white/[0.06] text-white/30 hover:text-white/55 hover:bg-white/[0.04]"
  },
  {
    "tag": "BUTTON",
    "text": "",
    "id": "",
    "className": "flex items-center justify-center gap-0.5 rounded transition-all border\n      px-1.5 py-0.5 text-[6.5px] font-mono uppercase tracking-widest\n      border-white/[0.06] text-white/30 hover:text-white/55 hover:bg-white/[0.04]"
  },
  {
    "tag": "BUTTON",
    "text": "",
    "id": "",
    "className": "flex items-center justify-center gap-0.5 rounded transition-all border\n      px-1.5 py-0.5 text-[6.5px] font-mono uppercase tracking-widest\n      border-white/[0.06] text-white/30 hover:text-white/55 hover:bg-white/[0.04]"
  },
  {
    "tag": "BUTTON",
    "text": "",
    "id": "",
    "className": "flex items-center justify-center gap-0.5 rounded transition-all border\n      px-1.5 py-0.5 text-[6.5px] font-mono uppercase tracking-widest\n      border-white/[0.06] text-white/30 hover:text-white/55 hover:bg-white/[0.04]"
  },
  {
    "tag": "BUTTON",
    "text": "",
    "id": "",
    "className": "flex items-center justify-center gap-0.5 rounded transition-all border\n      px-1.5 py-0.5 text-[6.5px] font-mono uppercase tracking-widest\n      border-white/[0.06] text-white/30 hover:text-white/55 hover:bg-white/[0.04]"
  },
  {
    "tag": "BUTTON",
    "text": "",
    "id": "",
    "className": "flex items-center justify-center gap-0.5 rounded transition-all border\n      px-1.5 py-0.5 text-[6.5px] font-mono uppercase tracking-widest\n      border-current/30 bg-current/8"
  },
  {
    "tag": "BUTTON",
    "text": "Pause",
    "id": "",
    "className": "flex items-center gap-0.5 px-2 py-0.5 rounded text-[6.5px] font-mono uppercase tracking-widest transition-all border\n            border-cyan-400/30 text-cyan-300/80 bg-cyan-500/8"
  },
  {
    "tag": "BUTTON",
    "text": "",
    "id": "",
    "className": "p-1 rounded border border-white/[0.05] text-white/25 hover:text-white/50 transition-all"
  },
  {
    "tag": "BUTTON",
    "text": "1×",
    "id": "",
    "className": "w-5 h-4 rounded text-[6px] font-mono border transition-all\n                border-cyan-400/25 text-cyan-300 bg-cyan-500/6"
  },
  {
    "tag": "BUTTON",
    "text": "2×",
    "id": "",
    "className": "w-5 h-4 rounded text-[6px] font-mono border transition-all\n                border-white/[0.04] text-white/20 hover:text-white/45"
  },
  {
    "tag": "BUTTON",
    "text": "4×",
    "id": "",
    "className": "w-5 h-4 rounded text-[6px] font-mono border transition-all\n                border-white/[0.04] text-white/20 hover:text-white/45"
  },
  {
    "tag": "BUTTON",
    "text": "",
    "id": "",
    "className": "p-0.5 text-white/25 hover:text-white/50"
  },
  {
    "tag": "BUTTON",
    "text": "",
    "id": "",
    "className": "p-0.5 text-white/25 hover:text-white/50"
  },
  {
    "tag": "BUTTON",
    "text": "",
    "id": "",
    "className": "p-0.5 text-white/25 hover:text-white/50"
  },
  {
    "tag": "BUTTON",
    "text": " 0",
    "id": "",
    "className": "flex items-center gap-0.5 px-2 py-0.5 rounded text-[6px] font-mono border border-white/[0.05]\n              text-white/25 hover:text-white/50 transition-all"
  },
  {
    "tag": "BUTTON",
    "text": "",
    "id": "",
    "className": "absolute -right-4 top-12 z-30 w-4 h-8 flex items-center justify-center\n              bg-black/60 border border-white/[0.06] rounded-r text-white/25 hover:text-white/50 transition-all"
  },
  {
    "tag": "BUTTON",
    "text": "Mat",
    "id": "",
    "className": "flex-1 flex flex-col items-center gap-0.5 py-1 rounded text-[5px] font-mono transition-all\n                      text-white/60 bg-white/6"
  },
  {
    "tag": "BUTTON",
    "text": "Obj",
    "id": "",
    "className": "flex-1 flex flex-col items-center gap-0.5 py-1 rounded text-[5px] font-mono transition-all\n                      text-white/18 hover:text-white/35 hover:bg-white/[0.02]"
  },
  {
    "tag": "BUTTON",
    "text": "Life",
    "id": "",
    "className": "flex-1 flex flex-col items-center gap-0.5 py-1 rounded text-[5px] font-mono transition-all\n                      text-white/18 hover:text-white/35 hover:bg-white/[0.02]"
  },
  {
    "tag": "BUTTON",
    "text": "Flora",
    "id": "",
    "className": "flex-1 flex flex-col items-center gap-0.5 py-1 rounded text-[5px] font-mono transition-all\n                      text-white/18 hover:text-white/35 hover:bg-white/[0.02]"
  },
  {
    "tag": "BUTTON",
    "text": "Env",
    "id": "",
    "className": "flex-1 flex flex-col items-center gap-0.5 py-1 rounded text-[5px] font-mono transition-all\n                      text-white/18 hover:text-white/35 hover:bg-white/[0.02]"
  },
  {
    "tag": "BUTTON",
    "text": "Eco",
    "id": "",
    "className": "flex-1 flex flex-col items-center gap-0.5 py-1 rounded text-[5px] font-mono transition-all\n                      text-white/18 hover:text-white/35 hover:bg-white/[0.02]"
  },
  {
    "tag": "BUTTON",
    "text": "",
    "id": "",
    "className": "flex-1 flex items-center justify-center py-0.5 rounded text-[6px] font-mono border transition-all\n                              border-blue-400/25 text-blue-300 bg-blue-500/8"
  },
  {
    "tag": "BUTTON",
    "text": "",
    "id": "",
    "className": "flex-1 flex items-center justify-center py-0.5 rounded text-[6px] font-mono border transition-all\n                              border-white/[0.04] text-white/20 hover:text-white/45"
  },
  {
    "tag": "BUTTON",
    "text": "",
    "id": "",
    "className": "flex-1 flex items-center justify-center py-0.5 rounded text-[6px] font-mono border transition-all\n                              border-white/[0.04] text-white/20 hover:text-white/45"
  },
  {
    "tag": "BUTTON",
    "text": "━",
    "id": "",
    "className": "flex-1 flex items-center justify-center py-0.5 rounded text-[6px] font-mono border transition-all\n                              border-white/[0.04] text-white/20 hover:text-white/45"
  },
  {
    "tag": "BUTTON",
    "text": "┃",
    "id": "",
    "className": "flex-1 flex items-center justify-center py-0.5 rounded text-[6px] font-mono border transition-all\n                              border-white/[0.04] text-white/20 hover:text-white/45"
  },
  {
    "tag": "BUTTON",
    "text": "Fluids4",
    "id": "",
    "className": "flex items-center w-full px-2 py-1.5 gap-1 hover:bg-white/[0.03] transition-all"
  },
  {
    "tag": "BUTTON",
    "text": "Water",
    "id": "",
    "className": "flex items-center gap-1 px-1 py-0.5 rounded text-[6.5px] font-mono\n                                    border transition-all border-transparent text-white/28 hover:bg-white/[0.04] hover:text-white/50"
  },
  {
    "tag": "BUTTON",
    "text": "Oil",
    "id": "",
    "className": "flex items-center gap-1 px-1 py-0.5 rounded text-[6.5px] font-mono\n                                    border transition-all border-transparent text-white/28 hover:bg-white/[0.04] hover:text-white/50"
  },
  {
    "tag": "BUTTON",
    "text": "Magma",
    "id": "",
    "className": "flex items-center gap-1 px-1 py-0.5 rounded text-[6.5px] font-mono\n                                    border transition-all border-transparent text-white/28 hover:bg-white/[0.04] hover:text-white/50"
  },
  {
    "tag": "BUTTON",
    "text": "Acid",
    "id": "",
    "className": "flex items-center gap-1 px-1 py-0.5 rounded text-[6.5px] font-mono\n                                    border transition-all border-transparent text-white/28 hover:bg-white/[0.04] hover:text-white/50"
  },
  {
    "tag": "BUTTON",
    "text": "Powders5",
    "id": "",
    "className": "flex items-center w-full px-2 py-1.5 gap-1 hover:bg-white/[0.03] transition-all"
  },
  {
    "tag": "BUTTON",
    "text": "Solids5",
    "id": "",
    "className": "flex items-center w-full px-2 py-1.5 gap-1 hover:bg-white/[0.03] transition-all"
  },
  {
    "tag": "BUTTON",
    "text": "Gas3",
    "id": "",
    "className": "flex items-center w-full px-2 py-1.5 gap-1 hover:bg-white/[0.03] transition-all"
  },
  {
    "tag": "BUTTON",
    "text": "Biology3",
    "id": "",
    "className": "flex items-center w-full px-2 py-1.5 gap-1 hover:bg-white/[0.03] transition-all"
  },
  {
    "tag": "BUTTON",
    "text": "Food",
    "id": "",
    "className": "flex items-center gap-1 px-1 py-0.5 rounded text-[6.5px] font-mono\n                                    border transition-all border-transparent text-white/28 hover:bg-white/[0.04] hover:text-white/50"
  },
  {
    "tag": "BUTTON",
    "text": "Seed",
    "id": "",
    "className": "flex items-center gap-1 px-1 py-0.5 rounded text-[6.5px] font-mono\n                                    border transition-all border-transparent text-white/28 hover:bg-white/[0.04] hover:text-white/50"
  },
  {
    "tag": "BUTTON",
    "text": "Vine",
    "id": "",
    "className": "flex items-center gap-1 px-1 py-0.5 rounded text-[6.5px] font-mono\n                                    border transition-all border-transparent text-white/28 hover:bg-white/[0.04] hover:text-white/50"
  },
  {
    "tag": "BUTTON",
    "text": "Tools2",
    "id": "",
    "className": "flex items-center w-full px-2 py-1.5 gap-1 hover:bg-white/[0.03] transition-all"
  },
  {
    "tag": "BUTTON",
    "text": " Scatter Food",
    "id": "",
    "className": "w-full py-1 rounded text-[6.5px] font-mono border border-emerald-400/15\n                          text-emerald-300/45 hover:bg-emerald-500/6 transition-all flex items-center justify-center gap-1"
  },
  {
    "tag": "BUTTON",
    "text": " Clear All",
    "id": "",
    "className": "w-full py-1 rounded text-[6.5px] font-mono border border-red-400/15\n                          text-red-300/35 hover:bg-red-500/6 transition-all flex items-center justify-center gap-1"
  },
  {
    "tag": "BUTTON",
    "text": "ADMIN",
    "id": "",
    "className": "fixed top-3 right-3 z-20 px-3 py-2 rounded-xl border border-dashed border-white/15 bg-black/60 hover:bg-white/5 transition-colors"
  },
  {
    "tag": "A",
    "text": "FRANS@RADICAL.VISION",
    "id": "",
    "className": "inline-block mt-3 text-zinc-500 text-[10px] tracking-widest uppercase hover:text-zinc-300 transition-colors"
  }
]

=== STEP 2: Scroll to labs section ===
Scrolled to labs section

=== STEP 3: Looking for Rhizome Search lab ===
Found "Rhizome Search" lab card
Page Error: n is not defined
ReferenceError: n is not defined
    at applyForces (http://localhost:5173/src/sim/rhizome/rhizomeEngine.ts:473:38)
    at tickRhizome (http://localhost:5173/src/sim/rhizome/rhizomeEngine.ts:326:3)
    at loop (http://localhost:5173/src/ui/labs/RhizomeLab.tsx?t=1772147833677:1882:7)
Page Error: n is not defined
ReferenceError: n is not defined
    at applyForces (http://localhost:5173/src/sim/rhizome/rhizomeEngine.ts:473:38)
    at tickRhizome (http://localhost:5173/src/sim/rhizome/rhizomeEngine.ts:326:3)
    at loop (http://localhost:5173/src/ui/labs/RhizomeLab.tsx?t=1772147833677:1882:7)
Page Error: n is not defined
ReferenceError: n is not defined
    at applyForces (http://localhost:5173/src/sim/rhizome/rhizomeEngine.ts:473:38)
    at tickRhizome (http://localhost:5173/src/sim/rhizome/rhizomeEngine.ts:326:3)
    at loop (http://localhost:5173/src/ui/labs/RhizomeLab.tsx?t=1772147833677:1882:7)
Page Error: n is not defined
ReferenceError: n is not defined
    at applyForces (http://localhost:5173/src/sim/rhizome/rhizomeEngine.ts:473:38)
    at tickRhizome (http://localhost:5173/src/sim/rhizome/rhizomeEngine.ts:326:3)
    at loop (http://localhost:5173/src/ui/labs/RhizomeLab.tsx?t=1772147833677:1882:7)
Page Error: n is not defined
ReferenceError: n is not defined
    at applyForces (http://localhost:5173/src/sim/rhizome/rhizomeEngine.ts:473:38)
    at tickRhizome (http://localhost:5173/src/sim/rhizome/rhizomeEngine.ts:326:3)
    at loop (http://localhost:5173/src/ui/labs/RhizomeLab.tsx?t=1772147833677:1882:7)
Clicked Rhizome Search lab card

=== STEP 4: Wait 3 seconds for lab to load ===
Page Error: n is not defined
ReferenceError: n is not defined
    at applyForces (http://localhost:5173/src/sim/rhizome/rhizomeEngine.ts:473:38)
    at tickRhizome (http://localhost:5173/src/sim/rhizome/rhizomeEngine.ts:326:3)
    at loop (http://localhost:5173/src/ui/labs/RhizomeLab.tsx?t=1772147833677:1882:7)
Page Error: n is not defined
ReferenceError: n is not defined
    at applyForces (http://localhost:5173/src/sim/rhizome/rhizomeEngine.ts:473:38)
    at tickRhizome (http://localhost:5173/src/sim/rhizome/rhizomeEngine.ts:326:3)
    at loop (http://localhost:5173/src/ui/labs/RhizomeLab.tsx?t=1772147833677:1882:7)
Page Error: n is not defined
ReferenceError: n is not defined
    at applyForces (http://localhost:5173/src/sim/rhizome/rhizomeEngine.ts:473:38)
    at tickRhizome (http://localhost:5173/src/sim/rhizome/rhizomeEngine.ts:326:3)
    at loop (http://localhost:5173/src/ui/labs/RhizomeLab.tsx?t=1772147833677:1882:7)
Page Error: n is not defined
ReferenceError: n is not defined
    at applyForces (http://localhost:5173/src/sim/rhizome/rhizomeEngine.ts:473:38)
    at tickRhizome (http://localhost:5173/src/sim/rhizome/rhizomeEngine.ts:326:3)
    at loop (http://localhost:5173/src/ui/labs/RhizomeLab.tsx?t=1772147833677:1882:7)
Page Error: n is not defined
ReferenceError: n is not defined
    at applyForces (http://localhost:5173/src/sim/rhizome/rhizomeEngine.ts:473:38)
    at tickRhizome (http://localhost:5173/src/sim/rhizome/rhizomeEngine.ts:326:3)
    at loop (http://localhost:5173/src/ui/labs/RhizomeLab.tsx?t=1772147833677:1882:7)
Page Error: n is not defined
ReferenceError: n is not defined
    at applyForces (http://localhost:5173/src/sim/rhizome/rhizomeEngine.ts:473:38)
    at tickRhizome (http://localhost:5173/src/sim/rhizome/rhizomeEngine.ts:326:3)
    at loop (http://localhost:5173/src/ui/labs/RhizomeLab.tsx?t=1772147833677:1882:7)
Page Error: n is not defined
ReferenceError: n is not defined
    at applyForces (http://localhost:5173/src/sim/rhizome/rhizomeEngine.ts:473:38)
    at tickRhizome (http://localhost:5173/src/sim/rhizome/rhizomeEngine.ts:326:3)
    at loop (http://localhost:5173/src/ui/labs/RhizomeLab.tsx?t=1772147833677:1882:7)
Page Error: n is not defined
ReferenceError: n is not defined
    at applyForces (http://localhost:5173/src/sim/rhizome/rhizomeEngine.ts:473:38)
    at tickRhizome (http://localhost:5173/src/sim/rhizome/rhizomeEngine.ts:326:3)
    at loop (http://localhost:5173/src/ui/labs/RhizomeLab.tsx?t=1772147833677:1882:7)
Page Error: n is not defined
ReferenceError: n is not defined
    at applyForces (http://localhost:5173/src/sim/rhizome/rhizomeEngine.ts:473:38)
    at tickRhizome (http://localhost:5173/src/sim/rhizome/rhizomeEngine.ts:326:3)
    at loop (http://localhost:5173/src/ui/labs/RhizomeLab.tsx?t=1772147833677:1882:7)
Page Error: n is not defined
ReferenceError: n is not defined
    at applyForces (http://localhost:5173/src/sim/rhizome/rhizomeEngine.ts:473:38)
    at tickRhizome (http://localhost:5173/src/sim/rhizome/rhizomeEngine.ts:326:3)
    at loop (http://localhost:5173/src/ui/labs/RhizomeLab.tsx?t=1772147833677:1882:7)
Page Error: n is not defined
ReferenceError: n is not defined
    at applyForces (http://localhost:5173/src/sim/rhizome/rhizomeEngine.ts:473:38)
    at tickRhizome (http://localhost:5173/src/sim/rhizome/rhizomeEngine.ts:326:3)
    at loop (http://localhost:5173/src/ui/labs/RhizomeLab.tsx?t=1772147833677:1882:7)
Page Error: n is not defined
ReferenceError: n is not defined
    at applyForces (http://localhost:5173/src/sim/rhizome/rhizomeEngine.ts:473:38)
    at tickRhizome (http://localhost:5173/src/sim/rhizome/rhizomeEngine.ts:326:3)
    at loop (http://localhost:5173/src/ui/labs/RhizomeLab.tsx?t=1772147833677:1882:7)
Page Error: n is not defined
ReferenceError: n is not defined
    at applyForces (http://localhost:5173/src/sim/rhizome/rhizomeEngine.ts:473:38)
    at tickRhizome (http://localhost:5173/src/sim/rhizome/rhizomeEngine.ts:326:3)
    at loop (http://localhost:5173/src/ui/labs/RhizomeLab.tsx?t=1772147833677:1882:7)
Page Error: n is not defined
ReferenceError: n is not defined
    at applyForces (http://localhost:5173/src/sim/rhizome/rhizomeEngine.ts:473:38)
    at tickRhizome (http://localhost:5173/src/sim/rhizome/rhizomeEngine.ts:326:3)
    at loop (http://localhost:5173/src/ui/labs/RhizomeLab.tsx?t=1772147833677:1882:7)
Page Error: n is not defined
ReferenceError: n is not defined
    at applyForces (http://localhost:5173/src/sim/rhizome/rhizomeEngine.ts:473:38)
    at tickRhizome (http://localhost:5173/src/sim/rhizome/rhizomeEngine.ts:326:3)
    at loop (http://localhost:5173/src/ui/labs/RhizomeLab.tsx?t=1772147833677:1882:7)
Page Error: n is not defined
ReferenceError: n is not defined
    at applyForces (http://localhost:5173/src/sim/rhizome/rhizomeEngine.ts:473:38)
    at tickRhizome (http://localhost:5173/src/sim/rhizome/rhizomeEngine.ts:326:3)
    at loop (http://localhost:5173/src/ui/labs/RhizomeLab.tsx?t=1772147833677:1882:7)
Page Error: n is not defined
ReferenceError: n is not defined
    at applyForces (http://localhost:5173/src/sim/rhizome/rhizomeEngine.ts:473:38)
    at tickRhizome (http://localhost:5173/src/sim/rhizome/rhizomeEngine.ts:326:3)
    at loop (http://localhost:5173/src/ui/labs/RhizomeLab.tsx?t=1772147833677:1882:7)
Page Error: n is not defined
ReferenceError: n is not defined
    at applyForces (http://localhost:5173/src/sim/rhizome/rhizomeEngine.ts:473:38)
    at tickRhizome (http://localhost:5173/src/sim/rhizome/rhizomeEngine.ts:326:3)
    at loop (http://localhost:5173/src/ui/labs/RhizomeLab.tsx?t=1772147833677:1882:7)
Page Error: n is not defined
ReferenceError: n is not defined
    at applyForces (http://localhost:5173/src/sim/rhizome/rhizomeEngine.ts:473:38)
    at tickRhizome (http://localhost:5173/src/sim/rhizome/rhizomeEngine.ts:326:3)
    at loop (http://localhost:5173/src/ui/labs/RhizomeLab.tsx?t=1772147833677:1882:7)
Page Error: n is not defined
ReferenceError: n is not defined
    at applyForces (http://localhost:5173/src/sim/rhizome/rhizomeEngine.ts:473:38)
    at tickRhizome (http://localhost:5173/src/sim/rhizome/rhizomeEngine.ts:326:3)
    at loop (http://localhost:5173/src/ui/labs/RhizomeLab.tsx?t=1772147833677:1882:7)
Page Error: n is not defined
ReferenceError: n is not defined
    at applyForces (http://localhost:5173/src/sim/rhizome/rhizomeEngine.ts:473:38)
    at tickRhizome (http://localhost:5173/src/sim/rhizome/rhizomeEngine.ts:326:3)
    at loop (http://localhost:5173/src/ui/labs/RhizomeLab.tsx?t=1772147833677:1882:7)
Page Error: n is not defined
ReferenceError: n is not defined
    at applyForces (http://localhost:5173/src/sim/rhizome/rhizomeEngine.ts:473:38)
    at tickRhizome (http://localhost:5173/src/sim/rhizome/rhizomeEngine.ts:326:3)
    at loop (http://localhost:5173/src/ui/labs/RhizomeLab.tsx?t=1772147833677:1882:7)
Page Error: n is not defined
ReferenceError: n is not defined
    at applyForces (http://localhost:5173/src/sim/rhizome/rhizomeEngine.ts:473:38)
    at tickRhizome (http://localhost:5173/src/sim/rhizome/rhizomeEngine.ts:326:3)
    at loop (http://localhost:5173/src/ui/labs/RhizomeLab.tsx?t=1772147833677:1882:7)
Page Error: n is not defined
ReferenceError: n is not defined
    at applyForces (http://localhost:5173/src/sim/rhizome/rhizomeEngine.ts:473:38)
    at tickRhizome (http://localhost:5173/src/sim/rhizome/rhizomeEngine.ts:326:3)
    at loop (http://localhost:5173/src/ui/labs/RhizomeLab.tsx?t=1772147833677:1882:7)
Page Error: n is not defined
ReferenceError: n is not defined
    at applyForces (http://localhost:5173/src/sim/rhizome/rhizomeEngine.ts:473:38)
    at tickRhizome (http://localhost:5173/src/sim/rhizome/rhizomeEngine.ts:326:3)
    at loop (http://localhost:5173/src/ui/labs/RhizomeLab.tsx?t=1772147833677:1882:7)
Page Error: n is not defined
ReferenceError: n is not defined
    at applyForces (http://localhost:5173/src/sim/rhizome/rhizomeEngine.ts:473:38)
    at tickRhizome (http://localhost:5173/src/sim/rhizome/rhizomeEngine.ts:326:3)
    at loop (http://localhost:5173/src/ui/labs/RhizomeLab.tsx?t=1772147833677:1882:7)
Page Error: n is not defined
ReferenceError: n is not defined
    at applyForces (http://localhost:5173/src/sim/rhizome/rhizomeEngine.ts:473:38)
    at tickRhizome (http://localhost:5173/src/sim/rhizome/rhizomeEngine.ts:326:3)
    at loop (http://localhost:5173/src/ui/labs/RhizomeLab.tsx?t=1772147833677:1882:7)
Page Error: n is not defined
ReferenceError: n is not defined
    at applyForces (http://localhost:5173/src/sim/rhizome/rhizomeEngine.ts:473:38)
    at tickRhizome (http://localhost:5173/src/sim/rhizome/rhizomeEngine.ts:326:3)
    at loop (http://localhost:5173/src/ui/labs/RhizomeLab.tsx?t=1772147833677:1882:7)
Page Error: n is not defined
ReferenceError: n is not defined
    at applyForces (http://localhost:5173/src/sim/rhizome/rhizomeEngine.ts:473:38)
    at tickRhizome (http://localhost:5173/src/sim/rhizome/rhizomeEngine.ts:326:3)
    at loop (http://localhost:5173/src/ui/labs/RhizomeLab.tsx?t=1772147833677:1882:7)
Page Error: n is not defined
ReferenceError: n is not defined
    at applyForces (http://localhost:5173/src/sim/rhizome/rhizomeEngine.ts:473:38)
    at tickRhizome (http://localhost:5173/src/sim/rhizome/rhizomeEngine.ts:326:3)
    at loop (http://localhost:5173/src/ui/labs/RhizomeLab.tsx?t=1772147833677:1882:7)
Page Error: n is not defined
ReferenceError: n is not defined
    at applyForces (http://localhost:5173/src/sim/rhizome/rhizomeEngine.ts:473:38)
    at tickRhizome (http://localhost:5173/src/sim/rhizome/rhizomeEngine.ts:326:3)
    at loop (http://localhost:5173/src/ui/labs/RhizomeLab.tsx?t=1772147833677:1882:7)
Page Error: n is not defined
ReferenceError: n is not defined
    at applyForces (http://localhost:5173/src/sim/rhizome/rhizomeEngine.ts:473:38)
    at tickRhizome (http://localhost:5173/src/sim/rhizome/rhizomeEngine.ts:326:3)
    at loop (http://localhost:5173/src/ui/labs/RhizomeLab.tsx?t=1772147833677:1882:7)
Page Error: n is not defined
ReferenceError: n is not defined
    at applyForces (http://localhost:5173/src/sim/rhizome/rhizomeEngine.ts:473:38)
    at tickRhizome (http://localhost:5173/src/sim/rhizome/rhizomeEngine.ts:326:3)
    at loop (http://localhost:5173/src/ui/labs/RhizomeLab.tsx?t=1772147833677:1882:7)
Page Error: n is not defined
ReferenceError: n is not defined
    at applyForces (http://localhost:5173/src/sim/rhizome/rhizomeEngine.ts:473:38)
    at tickRhizome (http://localhost:5173/src/sim/rhizome/rhizomeEngine.ts:326:3)
    at loop (http://localhost:5173/src/ui/labs/RhizomeLab.tsx?t=1772147833677:1882:7)
Page Error: n is not defined
ReferenceError: n is not defined
    at applyForces (http://localhost:5173/src/sim/rhizome/rhizomeEngine.ts:473:38)
    at tickRhizome (http://localhost:5173/src/sim/rhizome/rhizomeEngine.ts:326:3)
    at loop (http://localhost:5173/src/ui/labs/RhizomeLab.tsx?t=1772147833677:1882:7)
Page Error: n is not defined
ReferenceError: n is not defined
    at applyForces (http://localhost:5173/src/sim/rhizome/rhizomeEngine.ts:473:38)
    at tickRhizome (http://localhost:5173/src/sim/rhizome/rhizomeEngine.ts:326:3)
    at loop (http://localhost:5173/src/ui/labs/RhizomeLab.tsx?t=1772147833677:1882:7)
Page Error: n is not defined
ReferenceError: n is not defined
    at applyForces (http://localhost:5173/src/sim/rhizome/rhizomeEngine.ts:473:38)
    at tickRhizome (http://localhost:5173/src/sim/rhizome/rhizomeEngine.ts:326:3)
    at loop (http://localhost:5173/src/ui/labs/RhizomeLab.tsx?t=1772147833677:1882:7)
Page Error: n is not defined
ReferenceError: n is not defined
    at applyForces (http://localhost:5173/src/sim/rhizome/rhizomeEngine.ts:473:38)
    at tickRhizome (http://localhost:5173/src/sim/rhizome/rhizomeEngine.ts:326:3)
    at loop (http://localhost:5173/src/ui/labs/RhizomeLab.tsx?t=1772147833677:1882:7)
Page Error: n is not defined
ReferenceError: n is not defined
    at applyForces (http://localhost:5173/src/sim/rhizome/rhizomeEngine.ts:473:38)
    at tickRhizome (http://localhost:5173/src/sim/rhizome/rhizomeEngine.ts:326:3)
    at loop (http://localhost:5173/src/ui/labs/RhizomeLab.tsx?t=1772147833677:1882:7)
Page Error: n is not defined
ReferenceError: n is not defined
    at applyForces (http://localhost:5173/src/sim/rhizome/rhizomeEngine.ts:473:38)
    at tickRhizome (http://localhost:5173/src/sim/rhizome/rhizomeEngine.ts:326:3)
    at loop (http://localhost:5173/src/ui/labs/RhizomeLab.tsx?t=1772147833677:1882:7)
Page Error: n is not defined
ReferenceError: n is not defined
    at applyForces (http://localhost:5173/src/sim/rhizome/rhizomeEngine.ts:473:38)
    at tickRhizome (http://localhost:5173/src/sim/rhizome/rhizomeEngine.ts:326:3)
    at loop (http://localhost:5173/src/ui/labs/RhizomeLab.tsx?t=1772147833677:1882:7)
Page Error: n is not defined
ReferenceError: n is not defined
    at applyForces (http://localhost:5173/src/sim/rhizome/rhizomeEngine.ts:473:38)
    at tickRhizome (http://localhost:5173/src/sim/rhizome/rhizomeEngine.ts:326:3)
    at loop (http://localhost:5173/src/ui/labs/RhizomeLab.tsx?t=1772147833677:1882:7)
Page Error: n is not defined
ReferenceError: n is not defined
    at applyForces (http://localhost:5173/src/sim/rhizome/rhizomeEngine.ts:473:38)
    at tickRhizome (http://localhost:5173/src/sim/rhizome/rhizomeEngine.ts:326:3)
    at loop (http://localhost:5173/src/ui/labs/RhizomeLab.tsx?t=1772147833677:1882:7)
Page Error: n is not defined
ReferenceError: n is not defined
    at applyForces (http://localhost:5173/src/sim/rhizome/rhizomeEngine.ts:473:38)
    at tickRhizome (http://localhost:5173/src/sim/rhizome/rhizomeEngine.ts:326:3)
    at loop (http://localhost:5173/src/ui/labs/RhizomeLab.tsx?t=1772147833677:1882:7)
Page Error: n is not defined
ReferenceError: n is not defined
    at applyForces (http://localhost:5173/src/sim/rhizome/rhizomeEngine.ts:473:38)
    at tickRhizome (http://localhost:5173/src/sim/rhizome/rhizomeEngine.ts:326:3)
    at loop (http://localhost:5173/src/ui/labs/RhizomeLab.tsx?t=1772147833677:1882:7)
Page Error: n is not defined
ReferenceError: n is not defined
    at applyForces (http://localhost:5173/src/sim/rhizome/rhizomeEngine.ts:473:38)
    at tickRhizome (http://localhost:5173/src/sim/rhizome/rhizomeEngine.ts:326:3)
    at loop (http://localhost:5173/src/ui/labs/RhizomeLab.tsx?t=1772147833677:1882:7)
Page Error: n is not defined
ReferenceError: n is not defined
    at applyForces (http://localhost:5173/src/sim/rhizome/rhizomeEngine.ts:473:38)
    at tickRhizome (http://localhost:5173/src/sim/rhizome/rhizomeEngine.ts:326:3)
    at loop (http://localhost:5173/src/ui/labs/RhizomeLab.tsx?t=1772147833677:1882:7)
Page Error: n is not defined
ReferenceError: n is not defined
    at applyForces (http://localhost:5173/src/sim/rhizome/rhizomeEngine.ts:473:38)
    at tickRhizome (http://localhost:5173/src/sim/rhizome/rhizomeEngine.ts:326:3)
    at loop (http://localhost:5173/src/ui/labs/RhizomeLab.tsx?t=1772147833677:1882:7)
Page Error: n is not defined
ReferenceError: n is not defined
    at applyForces (http://localhost:5173/src/sim/rhizome/rhizomeEngine.ts:473:38)
    at tickRhizome (http://localhost:5173/src/sim/rhizome/rhizomeEngine.ts:326:3)
    at loop (http://localhost:5173/src/ui/labs/RhizomeLab.tsx?t=1772147833677:1882:7)
Page Error: n is not defined
ReferenceError: n is not defined
    at applyForces (http://localhost:5173/src/sim/rhizome/rhizomeEngine.ts:473:38)
    at tickRhizome (http://localhost:5173/src/sim/rhizome/rhizomeEngine.ts:326:3)
    at loop (http://localhost:5173/src/ui/labs/RhizomeLab.tsx?t=1772147833677:1882:7)
Page Error: n is not defined
ReferenceError: n is not defined
    at applyForces (http://localhost:5173/src/sim/rhizome/rhizomeEngine.ts:473:38)
    at tickRhizome (http://localhost:5173/src/sim/rhizome/rhizomeEngine.ts:326:3)
    at loop (http://localhost:5173/src/ui/labs/RhizomeLab.tsx?t=1772147833677:1882:7)
Page Error: n is not defined
ReferenceError: n is not defined
    at applyForces (http://localhost:5173/src/sim/rhizome/rhizomeEngine.ts:473:38)
    at tickRhizome (http://localhost:5173/src/sim/rhizome/rhizomeEngine.ts:326:3)
    at loop (http://localhost:5173/src/ui/labs/RhizomeLab.tsx?t=1772147833677:1882:7)
Page Error: n is not defined
ReferenceError: n is not defined
    at applyForces (http://localhost:5173/src/sim/rhizome/rhizomeEngine.ts:473:38)
    at tickRhizome (http://localhost:5173/src/sim/rhizome/rhizomeEngine.ts:326:3)
    at loop (http://localhost:5173/src/ui/labs/RhizomeLab.tsx?t=1772147833677:1882:7)
Page Error: n is not defined
ReferenceError: n is not defined
    at applyForces (http://localhost:5173/src/sim/rhizome/rhizomeEngine.ts:473:38)
    at tickRhizome (http://localhost:5173/src/sim/rhizome/rhizomeEngine.ts:326:3)
    at loop (http://localhost:5173/src/ui/labs/RhizomeLab.tsx?t=1772147833677:1882:7)
Page Error: n is not defined
ReferenceError: n is not defined
    at applyForces (http://localhost:5173/src/sim/rhizome/rhizomeEngine.ts:473:38)
    at tickRhizome (http://localhost:5173/src/sim/rhizome/rhizomeEngine.ts:326:3)
    at loop (http://localhost:5173/src/ui/labs/RhizomeLab.tsx?t=1772147833677:1882:7)
Page Error: n is not defined
ReferenceError: n is not defined
    at applyForces (http://localhost:5173/src/sim/rhizome/rhizomeEngine.ts:473:38)
    at tickRhizome (http://localhost:5173/src/sim/rhizome/rhizomeEngine.ts:326:3)
    at loop (http://localhost:5173/src/ui/labs/RhizomeLab.tsx?t=1772147833677:1882:7)
Page Error: n is not defined
ReferenceError: n is not defined
    at applyForces (http://localhost:5173/src/sim/rhizome/rhizomeEngine.ts:473:38)
    at tickRhizome (http://localhost:5173/src/sim/rhizome/rhizomeEngine.ts:326:3)
    at loop (http://localhost:5173/src/ui/labs/RhizomeLab.tsx?t=1772147833677:1882:7)
Page Error: n is not defined
ReferenceError: n is not defined
    at applyForces (http://localhost:5173/src/sim/rhizome/rhizomeEngine.ts:473:38)
    at tickRhizome (http://localhost:5173/src/sim/rhizome/rhizomeEngine.ts:326:3)
    at loop (http://localhost:5173/src/ui/labs/RhizomeLab.tsx?t=1772147833677:1882:7)
Page Error: n is not defined
ReferenceError: n is not defined
    at applyForces (http://localhost:5173/src/sim/rhizome/rhizomeEngine.ts:473:38)
    at tickRhizome (http://localhost:5173/src/sim/rhizome/rhizomeEngine.ts:326:3)
    at loop (http://localhost:5173/src/ui/labs/RhizomeLab.tsx?t=1772147833677:1882:7)
Page Error: n is not defined
ReferenceError: n is not defined
    at applyForces (http://localhost:5173/src/sim/rhizome/rhizomeEngine.ts:473:38)
    at tickRhizome (http://localhost:5173/src/sim/rhizome/rhizomeEngine.ts:326:3)
    at loop (http://localhost:5173/src/ui/labs/RhizomeLab.tsx?t=1772147833677:1882:7)
Page Error: n is not defined
ReferenceError: n is not defined
    at applyForces (http://localhost:5173/src/sim/rhizome/rhizomeEngine.ts:473:38)
    at tickRhizome (http://localhost:5173/src/sim/rhizome/rhizomeEngine.ts:326:3)
    at loop (http://localhost:5173/src/ui/labs/RhizomeLab.tsx?t=1772147833677:1882:7)
Page Error: n is not defined
ReferenceError: n is not defined
    at applyForces (http://localhost:5173/src/sim/rhizome/rhizomeEngine.ts:473:38)
    at tickRhizome (http://localhost:5173/src/sim/rhizome/rhizomeEngine.ts:326:3)
    at loop (http://localhost:5173/src/ui/labs/RhizomeLab.tsx?t=1772147833677:1882:7)
Page Error: n is not defined
ReferenceError: n is not defined
    at applyForces (http://localhost:5173/src/sim/rhizome/rhizomeEngine.ts:473:38)
    at tickRhizome (http://localhost:5173/src/sim/rhizome/rhizomeEngine.ts:326:3)
    at loop (http://localhost:5173/src/ui/labs/RhizomeLab.tsx?t=1772147833677:1882:7)
Page Error: n is not defined
ReferenceError: n is not defined
    at applyForces (http://localhost:5173/src/sim/rhizome/rhizomeEngine.ts:473:38)
    at tickRhizome (http://localhost:5173/src/sim/rhizome/rhizomeEngine.ts:326:3)
    at loop (http://localhost:5173/src/ui/labs/RhizomeLab.tsx?t=1772147833677:1882:7)
Page Error: n is not defined
ReferenceError: n is not defined
    at applyForces (http://localhost:5173/src/sim/rhizome/rhizomeEngine.ts:473:38)
    at tickRhizome (http://localhost:5173/src/sim/rhizome/rhizomeEngine.ts:326:3)
    at loop (http://localhost:5173/src/ui/labs/RhizomeLab.tsx?t=1772147833677:1882:7)
Page Error: n is not defined
ReferenceError: n is not defined
    at applyForces (http://localhost:5173/src/sim/rhizome/rhizomeEngine.ts:473:38)
    at tickRhizome (http://localhost:5173/src/sim/rhizome/rhizomeEngine.ts:326:3)
    at loop (http://localhost:5173/src/ui/labs/RhizomeLab.tsx?t=1772147833677:1882:7)
Page Error: n is not defined
ReferenceError: n is not defined
    at applyForces (http://localhost:5173/src/sim/rhizome/rhizomeEngine.ts:473:38)
    at tickRhizome (http://localhost:5173/src/sim/rhizome/rhizomeEngine.ts:326:3)
    at loop (http://localhost:5173/src/ui/labs/RhizomeLab.tsx?t=1772147833677:1882:7)
Page Error: n is not defined
ReferenceError: n is not defined
    at applyForces (http://localhost:5173/src/sim/rhizome/rhizomeEngine.ts:473:38)
    at tickRhizome (http://localhost:5173/src/sim/rhizome/rhizomeEngine.ts:326:3)
    at loop (http://localhost:5173/src/ui/labs/RhizomeLab.tsx?t=1772147833677:1882:7)
Page Error: n is not defined
ReferenceError: n is not defined
    at applyForces (http://localhost:5173/src/sim/rhizome/rhizomeEngine.ts:473:38)
    at tickRhizome (http://localhost:5173/src/sim/rhizome/rhizomeEngine.ts:326:3)
    at loop (http://localhost:5173/src/ui/labs/RhizomeLab.tsx?t=1772147833677:1882:7)
Page Error: n is not defined
ReferenceError: n is not defined
    at applyForces (http://localhost:5173/src/sim/rhizome/rhizomeEngine.ts:473:38)
    at tickRhizome (http://localhost:5173/src/sim/rhizome/rhizomeEngine.ts:326:3)
    at loop (http://localhost:5173/src/ui/labs/RhizomeLab.tsx?t=1772147833677:1882:7)
Page Error: n is not defined
ReferenceError: n is not defined
    at applyForces (http://localhost:5173/src/sim/rhizome/rhizomeEngine.ts:473:38)
    at tickRhizome (http://localhost:5173/src/sim/rhizome/rhizomeEngine.ts:326:3)
    at loop (http://localhost:5173/src/ui/labs/RhizomeLab.tsx?t=1772147833677:1882:7)
Page Error: n is not defined
ReferenceError: n is not defined
    at applyForces (http://localhost:5173/src/sim/rhizome/rhizomeEngine.ts:473:38)
    at tickRhizome (http://localhost:5173/src/sim/rhizome/rhizomeEngine.ts:326:3)
    at loop (http://localhost:5173/src/ui/labs/RhizomeLab.tsx?t=1772147833677:1882:7)
Page Error: n is not defined
ReferenceError: n is not defined
    at applyForces (http://localhost:5173/src/sim/rhizome/rhizomeEngine.ts:473:38)
    at tickRhizome (http://localhost:5173/src/sim/rhizome/rhizomeEngine.ts:326:3)
    at loop (http://localhost:5173/src/ui/labs/RhizomeLab.tsx?t=1772147833677:1882:7)
Page Error: n is not defined
ReferenceError: n is not defined
    at applyForces (http://localhost:5173/src/sim/rhizome/rhizomeEngine.ts:473:38)
    at tickRhizome (http://localhost:5173/src/sim/rhizome/rhizomeEngine.ts:326:3)
    at loop (http://localhost:5173/src/ui/labs/RhizomeLab.tsx?t=1772147833677:1882:7)
Page Error: n is not defined
ReferenceError: n is not defined
    at applyForces (http://localhost:5173/src/sim/rhizome/rhizomeEngine.ts:473:38)
    at tickRhizome (http://localhost:5173/src/sim/rhizome/rhizomeEngine.ts:326:3)
    at loop (http://localhost:5173/src/ui/labs/RhizomeLab.tsx?t=1772147833677:1882:7)
Page Error: n is not defined
ReferenceError: n is not defined
    at applyForces (http://localhost:5173/src/sim/rhizome/rhizomeEngine.ts:473:38)
    at tickRhizome (http://localhost:5173/src/sim/rhizome/rhizomeEngine.ts:326:3)
    at loop (http://localhost:5173/src/ui/labs/RhizomeLab.tsx?t=1772147833677:1882:7)
Page Error: n is not defined
ReferenceError: n is not defined
    at applyForces (http://localhost:5173/src/sim/rhizome/rhizomeEngine.ts:473:38)
    at tickRhizome (http://localhost:5173/src/sim/rhizome/rhizomeEngine.ts:326:3)
    at loop (http://localhost:5173/src/ui/labs/RhizomeLab.tsx?t=1772147833677:1882:7)
Page Error: n is not defined
ReferenceError: n is not defined
    at applyForces (http://localhost:5173/src/sim/rhizome/rhizomeEngine.ts:473:38)
    at tickRhizome (http://localhost:5173/src/sim/rhizome/rhizomeEngine.ts:326:3)
    at loop (http://localhost:5173/src/ui/labs/RhizomeLab.tsx?t=1772147833677:1882:7)
Page Error: n is not defined
ReferenceError: n is not defined
    at applyForces (http://localhost:5173/src/sim/rhizome/rhizomeEngine.ts:473:38)
    at tickRhizome (http://localhost:5173/src/sim/rhizome/rhizomeEngine.ts:326:3)
    at loop (http://localhost:5173/src/ui/labs/RhizomeLab.tsx?t=1772147833677:1882:7)
Page Error: n is not defined
ReferenceError: n is not defined
    at applyForces (http://localhost:5173/src/sim/rhizome/rhizomeEngine.ts:473:38)
    at tickRhizome (http://localhost:5173/src/sim/rhizome/rhizomeEngine.ts:326:3)
    at loop (http://localhost:5173/src/ui/labs/RhizomeLab.tsx?t=1772147833677:1882:7)
Page Error: n is not defined
ReferenceError: n is not defined
    at applyForces (http://localhost:5173/src/sim/rhizome/rhizomeEngine.ts:473:38)
    at tickRhizome (http://localhost:5173/src/sim/rhizome/rhizomeEngine.ts:326:3)
    at loop (http://localhost:5173/src/ui/labs/RhizomeLab.tsx?t=1772147833677:1882:7)
Page Error: n is not defined
ReferenceError: n is not defined
    at applyForces (http://localhost:5173/src/sim/rhizome/rhizomeEngine.ts:473:38)
    at tickRhizome (http://localhost:5173/src/sim/rhizome/rhizomeEngine.ts:326:3)
    at loop (http://localhost:5173/src/ui/labs/RhizomeLab.tsx?t=1772147833677:1882:7)
Page Error: n is not defined
ReferenceError: n is not defined
    at applyForces (http://localhost:5173/src/sim/rhizome/rhizomeEngine.ts:473:38)
    at tickRhizome (http://localhost:5173/src/sim/rhizome/rhizomeEngine.ts:326:3)
    at loop (http://localhost:5173/src/ui/labs/RhizomeLab.tsx?t=1772147833677:1882:7)
Page Error: n is not defined
ReferenceError: n is not defined
    at applyForces (http://localhost:5173/src/sim/rhizome/rhizomeEngine.ts:473:38)
    at tickRhizome (http://localhost:5173/src/sim/rhizome/rhizomeEngine.ts:326:3)
    at loop (http://localhost:5173/src/ui/labs/RhizomeLab.tsx?t=1772147833677:1882:7)
Page Error: n is not defined
ReferenceError: n is not defined
    at applyForces (http://localhost:5173/src/sim/rhizome/rhizomeEngine.ts:473:38)
    at tickRhizome (http://localhost:5173/src/sim/rhizome/rhizomeEngine.ts:326:3)
    at loop (http://localhost:5173/src/ui/labs/RhizomeLab.tsx?t=1772147833677:1882:7)
Page Error: n is not defined
ReferenceError: n is not defined
    at applyForces (http://localhost:5173/src/sim/rhizome/rhizomeEngine.ts:473:38)
    at tickRhizome (http://localhost:5173/src/sim/rhizome/rhizomeEngine.ts:326:3)
    at loop (http://localhost:5173/src/ui/labs/RhizomeLab.tsx?t=1772147833677:1882:7)
Page Error: n is not defined
ReferenceError: n is not defined
    at applyForces (http://localhost:5173/src/sim/rhizome/rhizomeEngine.ts:473:38)
    at tickRhizome (http://localhost:5173/src/sim/rhizome/rhizomeEngine.ts:326:3)
    at loop (http://localhost:5173/src/ui/labs/RhizomeLab.tsx?t=1772147833677:1882:7)
Page Error: n is not defined
ReferenceError: n is not defined
    at applyForces (http://localhost:5173/src/sim/rhizome/rhizomeEngine.ts:473:38)
    at tickRhizome (http://localhost:5173/src/sim/rhizome/rhizomeEngine.ts:326:3)
    at loop (http://localhost:5173/src/ui/labs/RhizomeLab.tsx?t=1772147833677:1882:7)
Page Error: n is not defined
ReferenceError: n is not defined
    at applyForces (http://localhost:5173/src/sim/rhizome/rhizomeEngine.ts:473:38)
    at tickRhizome (http://localhost:5173/src/sim/rhizome/rhizomeEngine.ts:326:3)
    at loop (http://localhost:5173/src/ui/labs/RhizomeLab.tsx?t=1772147833677:1882:7)
Page Error: n is not defined
ReferenceError: n is not defined
    at applyForces (http://localhost:5173/src/sim/rhizome/rhizomeEngine.ts:473:38)
    at tickRhizome (http://localhost:5173/src/sim/rhizome/rhizomeEngine.ts:326:3)
    at loop (http://localhost:5173/src/ui/labs/RhizomeLab.tsx?t=1772147833677:1882:7)
Page Error: n is not defined
ReferenceError: n is not defined
    at applyForces (http://localhost:5173/src/sim/rhizome/rhizomeEngine.ts:473:38)
    at tickRhizome (http://localhost:5173/src/sim/rhizome/rhizomeEngine.ts:326:3)
    at loop (http://localhost:5173/src/ui/labs/RhizomeLab.tsx?t=1772147833677:1882:7)
Page Error: n is not defined
ReferenceError: n is not defined
    at applyForces (http://localhost:5173/src/sim/rhizome/rhizomeEngine.ts:473:38)
    at tickRhizome (http://localhost:5173/src/sim/rhizome/rhizomeEngine.ts:326:3)
    at loop (http://localhost:5173/src/ui/labs/RhizomeLab.tsx?t=1772147833677:1882:7)
Page Error: n is not defined
ReferenceError: n is not defined
    at applyForces (http://localhost:5173/src/sim/rhizome/rhizomeEngine.ts:473:38)
    at tickRhizome (http://localhost:5173/src/sim/rhizome/rhizomeEngine.ts:326:3)
    at loop (http://localhost:5173/src/ui/labs/RhizomeLab.tsx?t=1772147833677:1882:7)
Page Error: n is not defined
ReferenceError: n is not defined
    at applyForces (http://localhost:5173/src/sim/rhizome/rhizomeEngine.ts:473:38)
    at tickRhizome (http://localhost:5173/src/sim/rhizome/rhizomeEngine.ts:326:3)
    at loop (http://localhost:5173/src/ui/labs/RhizomeLab.tsx?t=1772147833677:1882:7)
Page Error: n is not defined
ReferenceError: n is not defined
    at applyForces (http://localhost:5173/src/sim/rhizome/rhizomeEngine.ts:473:38)
    at tickRhizome (http://localhost:5173/src/sim/rhizome/rhizomeEngine.ts:326:3)
    at loop (http://localhost:5173/src/ui/labs/RhizomeLab.tsx?t=1772147833677:1882:7)
Page Error: n is not defined
ReferenceError: n is not defined
    at applyForces (http://localhost:5173/src/sim/rhizome/rhizomeEngine.ts:473:38)
    at tickRhizome (http://localhost:5173/src/sim/rhizome/rhizomeEngine.ts:326:3)
    at loop (http://localhost:5173/src/ui/labs/RhizomeLab.tsx?t=1772147833677:1882:7)
Page Error: n is not defined
ReferenceError: n is not defined
    at applyForces (http://localhost:5173/src/sim/rhizome/rhizomeEngine.ts:473:38)
    at tickRhizome (http://localhost:5173/src/sim/rhizome/rhizomeEngine.ts:326:3)
    at loop (http://localhost:5173/src/ui/labs/RhizomeLab.tsx?t=1772147833677:1882:7)
Page Error: n is not defined
ReferenceError: n is not defined
    at applyForces (http://localhost:5173/src/sim/rhizome/rhizomeEngine.ts:473:38)
    at tickRhizome (http://localhost:5173/src/sim/rhizome/rhizomeEngine.ts:326:3)
    at loop (http://localhost:5173/src/ui/labs/RhizomeLab.tsx?t=1772147833677:1882:7)
Page Error: n is not defined
ReferenceError: n is not defined
    at applyForces (http://localhost:5173/src/sim/rhizome/rhizomeEngine.ts:473:38)
    at tickRhizome (http://localhost:5173/src/sim/rhizome/rhizomeEngine.ts:326:3)
    at loop (http://localhost:5173/src/ui/labs/RhizomeLab.tsx?t=1772147833677:1882:7)
Page Error: n is not defined
ReferenceError: n is not defined
    at applyForces (http://localhost:5173/src/sim/rhizome/rhizomeEngine.ts:473:38)
    at tickRhizome (http://localhost:5173/src/sim/rhizome/rhizomeEngine.ts:326:3)
    at loop (http://localhost:5173/src/ui/labs/RhizomeLab.tsx?t=1772147833677:1882:7)
Page Error: n is not defined
ReferenceError: n is not defined
    at applyForces (http://localhost:5173/src/sim/rhizome/rhizomeEngine.ts:473:38)
    at tickRhizome (http://localhost:5173/src/sim/rhizome/rhizomeEngine.ts:326:3)
    at loop (http://localhost:5173/src/ui/labs/RhizomeLab.tsx?t=1772147833677:1882:7)
Page Error: n is not defined
ReferenceError: n is not defined
    at applyForces (http://localhost:5173/src/sim/rhizome/rhizomeEngine.ts:473:38)
    at tickRhizome (http://localhost:5173/src/sim/rhizome/rhizomeEngine.ts:326:3)
    at loop (http://localhost:5173/src/ui/labs/RhizomeLab.tsx?t=1772147833677:1882:7)
Page Error: n is not defined
ReferenceError: n is not defined
    at applyForces (http://localhost:5173/src/sim/rhizome/rhizomeEngine.ts:473:38)
    at tickRhizome (http://localhost:5173/src/sim/rhizome/rhizomeEngine.ts:326:3)
    at loop (http://localhost:5173/src/ui/labs/RhizomeLab.tsx?t=1772147833677:1882:7)
Page Error: n is not defined
ReferenceError: n is not defined
    at applyForces (http://localhost:5173/src/sim/rhizome/rhizomeEngine.ts:473:38)
    at tickRhizome (http://localhost:5173/src/sim/rhizome/rhizomeEngine.ts:326:3)
    at loop (http://localhost:5173/src/ui/labs/RhizomeLab.tsx?t=1772147833677:1882:7)
Page Error: n is not defined
ReferenceError: n is not defined
    at applyForces (http://localhost:5173/src/sim/rhizome/rhizomeEngine.ts:473:38)
    at tickRhizome (http://localhost:5173/src/sim/rhizome/rhizomeEngine.ts:326:3)
    at loop (http://localhost:5173/src/ui/labs/RhizomeLab.tsx?t=1772147833677:1882:7)
Page Error: n is not defined
ReferenceError: n is not defined
    at applyForces (http://localhost:5173/src/sim/rhizome/rhizomeEngine.ts:473:38)
    at tickRhizome (http://localhost:5173/src/sim/rhizome/rhizomeEngine.ts:326:3)
    at loop (http://localhost:5173/src/ui/labs/RhizomeLab.tsx?t=1772147833677:1882:7)
Page Error: n is not defined
ReferenceError: n is not defined
    at applyForces (http://localhost:5173/src/sim/rhizome/rhizomeEngine.ts:473:38)
    at tickRhizome (http://localhost:5173/src/sim/rhizome/rhizomeEngine.ts:326:3)
    at loop (http://localhost:5173/src/ui/labs/RhizomeLab.tsx?t=1772147833677:1882:7)
Page Error: n is not defined
ReferenceError: n is not defined
    at applyForces (http://localhost:5173/src/sim/rhizome/rhizomeEngine.ts:473:38)
    at tickRhizome (http://localhost:5173/src/sim/rhizome/rhizomeEngine.ts:326:3)
    at loop (http://localhost:5173/src/ui/labs/RhizomeLab.tsx?t=1772147833677:1882:7)
Page Error: n is not defined
ReferenceError: n is not defined
    at applyForces (http://localhost:5173/src/sim/rhizome/rhizomeEngine.ts:473:38)
    at tickRhizome (http://localhost:5173/src/sim/rhizome/rhizomeEngine.ts:326:3)
    at loop (http://localhost:5173/src/ui/labs/RhizomeLab.tsx?t=1772147833677:1882:7)
Page Error: n is not defined
ReferenceError: n is not defined
    at applyForces (http://localhost:5173/src/sim/rhizome/rhizomeEngine.ts:473:38)
    at tickRhizome (http://localhost:5173/src/sim/rhizome/rhizomeEngine.ts:326:3)
    at loop (http://localhost:5173/src/ui/labs/RhizomeLab.tsx?t=1772147833677:1882:7)
Page Error: n is not defined
ReferenceError: n is not defined
    at applyForces (http://localhost:5173/src/sim/rhizome/rhizomeEngine.ts:473:38)
    at tickRhizome (http://localhost:5173/src/sim/rhizome/rhizomeEngine.ts:326:3)
    at loop (http://localhost:5173/src/ui/labs/RhizomeLab.tsx?t=1772147833677:1882:7)
Page Error: n is not defined
ReferenceError: n is not defined
    at applyForces (http://localhost:5173/src/sim/rhizome/rhizomeEngine.ts:473:38)
    at tickRhizome (http://localhost:5173/src/sim/rhizome/rhizomeEngine.ts:326:3)
    at loop (http://localhost:5173/src/ui/labs/RhizomeLab.tsx?t=1772147833677:1882:7)
Page Error: n is not defined
ReferenceError: n is not defined
    at applyForces (http://localhost:5173/src/sim/rhizome/rhizomeEngine.ts:473:38)
    at tickRhizome (http://localhost:5173/src/sim/rhizome/rhizomeEngine.ts:326:3)
    at loop (http://localhost:5173/src/ui/labs/RhizomeLab.tsx?t=1772147833677:1882:7)
Page Error: n is not defined
ReferenceError: n is not defined
    at applyForces (http://localhost:5173/src/sim/rhizome/rhizomeEngine.ts:473:38)
    at tickRhizome (http://localhost:5173/src/sim/rhizome/rhizomeEngine.ts:326:3)
    at loop (http://localhost:5173/src/ui/labs/RhizomeLab.tsx?t=1772147833677:1882:7)
Page Error: n is not defined
ReferenceError: n is not defined
    at applyForces (http://localhost:5173/src/sim/rhizome/rhizomeEngine.ts:473:38)
    at tickRhizome (http://localhost:5173/src/sim/rhizome/rhizomeEngine.ts:326:3)
    at loop (http://localhost:5173/src/ui/labs/RhizomeLab.tsx?t=1772147833677:1882:7)
Page Error: n is not defined
ReferenceError: n is not defined
    at applyForces (http://localhost:5173/src/sim/rhizome/rhizomeEngine.ts:473:38)
    at tickRhizome (http://localhost:5173/src/sim/rhizome/rhizomeEngine.ts:326:3)
    at loop (http://localhost:5173/src/ui/labs/RhizomeLab.tsx?t=1772147833677:1882:7)
Page Error: n is not defined
ReferenceError: n is not defined
    at applyForces (http://localhost:5173/src/sim/rhizome/rhizomeEngine.ts:473:38)
    at tickRhizome (http://localhost:5173/src/sim/rhizome/rhizomeEngine.ts:326:3)
    at loop (http://localhost:5173/src/ui/labs/RhizomeLab.tsx?t=1772147833677:1882:7)
Page Error: n is not defined
ReferenceError: n is not defined
    at applyForces (http://localhost:5173/src/sim/rhizome/rhizomeEngine.ts:473:38)
    at tickRhizome (http://localhost:5173/src/sim/rhizome/rhizomeEngine.ts:326:3)
    at loop (http://localhost:5173/src/ui/labs/RhizomeLab.tsx?t=1772147833677:1882:7)
Page Error: n is not defined
ReferenceError: n is not defined
    at applyForces (http://localhost:5173/src/sim/rhizome/rhizomeEngine.ts:473:38)
    at tickRhizome (http://localhost:5173/src/sim/rhizome/rhizomeEngine.ts:326:3)
    at loop (http://localhost:5173/src/ui/labs/RhizomeLab.tsx?t=1772147833677:1882:7)
Page Error: n is not defined
ReferenceError: n is not defined
    at applyForces (http://localhost:5173/src/sim/rhizome/rhizomeEngine.ts:473:38)
    at tickRhizome (http://localhost:5173/src/sim/rhizome/rhizomeEngine.ts:326:3)
    at loop (http://localhost:5173/src/ui/labs/RhizomeLab.tsx?t=1772147833677:1882:7)
Page Error: n is not defined
ReferenceError: n is not defined
    at applyForces (http://localhost:5173/src/sim/rhizome/rhizomeEngine.ts:473:38)
    at tickRhizome (http://localhost:5173/src/sim/rhizome/rhizomeEngine.ts:326:3)
    at loop (http://localhost:5173/src/ui/labs/RhizomeLab.tsx?t=1772147833677:1882:7)
Page Error: n is not defined
ReferenceError: n is not defined
    at applyForces (http://localhost:5173/src/sim/rhizome/rhizomeEngine.ts:473:38)
    at tickRhizome (http://localhost:5173/src/sim/rhizome/rhizomeEngine.ts:326:3)
    at loop (http://localhost:5173/src/ui/labs/RhizomeLab.tsx?t=1772147833677:1882:7)
Page Error: n is not defined
ReferenceError: n is not defined
    at applyForces (http://localhost:5173/src/sim/rhizome/rhizomeEngine.ts:473:38)
    at tickRhizome (http://localhost:5173/src/sim/rhizome/rhizomeEngine.ts:326:3)
    at loop (http://localhost:5173/src/ui/labs/RhizomeLab.tsx?t=1772147833677:1882:7)
Page Error: n is not defined
ReferenceError: n is not defined
    at applyForces (http://localhost:5173/src/sim/rhizome/rhizomeEngine.ts:473:38)
    at tickRhizome (http://localhost:5173/src/sim/rhizome/rhizomeEngine.ts:326:3)
    at loop (http://localhost:5173/src/ui/labs/RhizomeLab.tsx?t=1772147833677:1882:7)
Page Error: n is not defined
ReferenceError: n is not defined
    at applyForces (http://localhost:5173/src/sim/rhizome/rhizomeEngine.ts:473:38)
    at tickRhizome (http://localhost:5173/src/sim/rhizome/rhizomeEngine.ts:326:3)
    at loop (http://localhost:5173/src/ui/labs/RhizomeLab.tsx?t=1772147833677:1882:7)
Page Error: n is not defined
ReferenceError: n is not defined
    at applyForces (http://localhost:5173/src/sim/rhizome/rhizomeEngine.ts:473:38)
    at tickRhizome (http://localhost:5173/src/sim/rhizome/rhizomeEngine.ts:326:3)
    at loop (http://localhost:5173/src/ui/labs/RhizomeLab.tsx?t=1772147833677:1882:7)
Page Error: n is not defined
ReferenceError: n is not defined
    at applyForces (http://localhost:5173/src/sim/rhizome/rhizomeEngine.ts:473:38)
    at tickRhizome (http://localhost:5173/src/sim/rhizome/rhizomeEngine.ts:326:3)
    at loop (http://localhost:5173/src/ui/labs/RhizomeLab.tsx?t=1772147833677:1882:7)
Page Error: n is not defined
ReferenceError: n is not defined
    at applyForces (http://localhost:5173/src/sim/rhizome/rhizomeEngine.ts:473:38)
    at tickRhizome (http://localhost:5173/src/sim/rhizome/rhizomeEngine.ts:326:3)
    at loop (http://localhost:5173/src/ui/labs/RhizomeLab.tsx?t=1772147833677:1882:7)
Page Error: n is not defined
ReferenceError: n is not defined
    at applyForces (http://localhost:5173/src/sim/rhizome/rhizomeEngine.ts:473:38)
    at tickRhizome (http://localhost:5173/src/sim/rhizome/rhizomeEngine.ts:326:3)
    at loop (http://localhost:5173/src/ui/labs/RhizomeLab.tsx?t=1772147833677:1882:7)
Page Error: n is not defined
ReferenceError: n is not defined
    at applyForces (http://localhost:5173/src/sim/rhizome/rhizomeEngine.ts:473:38)
    at tickRhizome (http://localhost:5173/src/sim/rhizome/rhizomeEngine.ts:326:3)
    at loop (http://localhost:5173/src/ui/labs/RhizomeLab.tsx?t=1772147833677:1882:7)
Page Error: n is not defined
ReferenceError: n is not defined
    at applyForces (http://localhost:5173/src/sim/rhizome/rhizomeEngine.ts:473:38)
    at tickRhizome (http://localhost:5173/src/sim/rhizome/rhizomeEngine.ts:326:3)
    at loop (http://localhost:5173/src/ui/labs/RhizomeLab.tsx?t=1772147833677:1882:7)
Page Error: n is not defined
ReferenceError: n is not defined
    at applyForces (http://localhost:5173/src/sim/rhizome/rhizomeEngine.ts:473:38)
    at tickRhizome (http://localhost:5173/src/sim/rhizome/rhizomeEngine.ts:326:3)
    at loop (http://localhost:5173/src/ui/labs/RhizomeLab.tsx?t=1772147833677:1882:7)
Page Error: n is not defined
ReferenceError: n is not defined
    at applyForces (http://localhost:5173/src/sim/rhizome/rhizomeEngine.ts:473:38)
    at tickRhizome (http://localhost:5173/src/sim/rhizome/rhizomeEngine.ts:326:3)
    at loop (http://localhost:5173/src/ui/labs/RhizomeLab.tsx?t=1772147833677:1882:7)
Page Error: n is not defined
ReferenceError: n is not defined
    at applyForces (http://localhost:5173/src/sim/rhizome/rhizomeEngine.ts:473:38)
    at tickRhizome (http://localhost:5173/src/sim/rhizome/rhizomeEngine.ts:326:3)
    at loop (http://localhost:5173/src/ui/labs/RhizomeLab.tsx?t=1772147833677:1882:7)
Page Error: n is not defined
ReferenceError: n is not defined
    at applyForces (http://localhost:5173/src/sim/rhizome/rhizomeEngine.ts:473:38)
    at tickRhizome (http://localhost:5173/src/sim/rhizome/rhizomeEngine.ts:326:3)
    at loop (http://localhost:5173/src/ui/labs/RhizomeLab.tsx?t=1772147833677:1882:7)
Page Error: n is not defined
ReferenceError: n is not defined
    at applyForces (http://localhost:5173/src/sim/rhizome/rhizomeEngine.ts:473:38)
    at tickRhizome (http://localhost:5173/src/sim/rhizome/rhizomeEngine.ts:326:3)
    at loop (http://localhost:5173/src/ui/labs/RhizomeLab.tsx?t=1772147833677:1882:7)
Page Error: n is not defined
ReferenceError: n is not defined
    at applyForces (http://localhost:5173/src/sim/rhizome/rhizomeEngine.ts:473:38)
    at tickRhizome (http://localhost:5173/src/sim/rhizome/rhizomeEngine.ts:326:3)
    at loop (http://localhost:5173/src/ui/labs/RhizomeLab.tsx?t=1772147833677:1882:7)
Page Error: n is not defined
ReferenceError: n is not defined
    at applyForces (http://localhost:5173/src/sim/rhizome/rhizomeEngine.ts:473:38)
    at tickRhizome (http://localhost:5173/src/sim/rhizome/rhizomeEngine.ts:326:3)
    at loop (http://localhost:5173/src/ui/labs/RhizomeLab.tsx?t=1772147833677:1882:7)
Page Error: n is not defined
ReferenceError: n is not defined
    at applyForces (http://localhost:5173/src/sim/rhizome/rhizomeEngine.ts:473:38)
    at tickRhizome (http://localhost:5173/src/sim/rhizome/rhizomeEngine.ts:326:3)
    at loop (http://localhost:5173/src/ui/labs/RhizomeLab.tsx?t=1772147833677:1882:7)
Page Error: n is not defined
ReferenceError: n is not defined
    at applyForces (http://localhost:5173/src/sim/rhizome/rhizomeEngine.ts:473:38)
    at tickRhizome (http://localhost:5173/src/sim/rhizome/rhizomeEngine.ts:326:3)
    at loop (http://localhost:5173/src/ui/labs/RhizomeLab.tsx?t=1772147833677:1882:7)
Page Error: n is not defined
ReferenceError: n is not defined
    at applyForces (http://localhost:5173/src/sim/rhizome/rhizomeEngine.ts:473:38)
    at tickRhizome (http://localhost:5173/src/sim/rhizome/rhizomeEngine.ts:326:3)
    at loop (http://localhost:5173/src/ui/labs/RhizomeLab.tsx?t=1772147833677:1882:7)
Page Error: n is not defined
ReferenceError: n is not defined
    at applyForces (http://localhost:5173/src/sim/rhizome/rhizomeEngine.ts:473:38)
    at tickRhizome (http://localhost:5173/src/sim/rhizome/rhizomeEngine.ts:326:3)
    at loop (http://localhost:5173/src/ui/labs/RhizomeLab.tsx?t=1772147833677:1882:7)
Page Error: n is not defined
ReferenceError: n is not defined
    at applyForces (http://localhost:5173/src/sim/rhizome/rhizomeEngine.ts:473:38)
    at tickRhizome (http://localhost:5173/src/sim/rhizome/rhizomeEngine.ts:326:3)
    at loop (http://localhost:5173/src/ui/labs/RhizomeLab.tsx?t=1772147833677:1882:7)
Page Error: n is not defined
ReferenceError: n is not defined
    at applyForces (http://localhost:5173/src/sim/rhizome/rhizomeEngine.ts:473:38)
    at tickRhizome (http://localhost:5173/src/sim/rhizome/rhizomeEngine.ts:326:3)
    at loop (http://localhost:5173/src/ui/labs/RhizomeLab.tsx?t=1772147833677:1882:7)
Page Error: n is not defined
ReferenceError: n is not defined
    at applyForces (http://localhost:5173/src/sim/rhizome/rhizomeEngine.ts:473:38)
    at tickRhizome (http://localhost:5173/src/sim/rhizome/rhizomeEngine.ts:326:3)
    at loop (http://localhost:5173/src/ui/labs/RhizomeLab.tsx?t=1772147833677:1882:7)
Page Error: n is not defined
ReferenceError: n is not defined
    at applyForces (http://localhost:5173/src/sim/rhizome/rhizomeEngine.ts:473:38)
    at tickRhizome (http://localhost:5173/src/sim/rhizome/rhizomeEngine.ts:326:3)
    at loop (http://localhost:5173/src/ui/labs/RhizomeLab.tsx?t=1772147833677:1882:7)
Page Error: n is not defined
ReferenceError: n is not defined
    at applyForces (http://localhost:5173/src/sim/rhizome/rhizomeEngine.ts:473:38)
    at tickRhizome (http://localhost:5173/src/sim/rhizome/rhizomeEngine.ts:326:3)
    at loop (http://localhost:5173/src/ui/labs/RhizomeLab.tsx?t=1772147833677:1882:7)
Page Error: n is not defined
ReferenceError: n is not defined
    at applyForces (http://localhost:5173/src/sim/rhizome/rhizomeEngine.ts:473:38)
    at tickRhizome (http://localhost:5173/src/sim/rhizome/rhizomeEngine.ts:326:3)
    at loop (http://localhost:5173/src/ui/labs/RhizomeLab.tsx?t=1772147833677:1882:7)
Page Error: n is not defined
ReferenceError: n is not defined
    at applyForces (http://localhost:5173/src/sim/rhizome/rhizomeEngine.ts:473:38)
    at tickRhizome (http://localhost:5173/src/sim/rhizome/rhizomeEngine.ts:326:3)
    at loop (http://localhost:5173/src/ui/labs/RhizomeLab.tsx?t=1772147833677:1882:7)
Page Error: n is not defined
ReferenceError: n is not defined
    at applyForces (http://localhost:5173/src/sim/rhizome/rhizomeEngine.ts:473:38)
    at tickRhizome (http://localhost:5173/src/sim/rhizome/rhizomeEngine.ts:326:3)
    at loop (http://localhost:5173/src/ui/labs/RhizomeLab.tsx?t=1772147833677:1882:7)
Page Error: n is not defined
ReferenceError: n is not defined
    at applyForces (http://localhost:5173/src/sim/rhizome/rhizomeEngine.ts:473:38)
    at tickRhizome (http://localhost:5173/src/sim/rhizome/rhizomeEngine.ts:326:3)
    at loop (http://localhost:5173/src/ui/labs/RhizomeLab.tsx?t=1772147833677:1882:7)
Page Error: n is not defined
ReferenceError: n is not defined
    at applyForces (http://localhost:5173/src/sim/rhizome/rhizomeEngine.ts:473:38)
    at tickRhizome (http://localhost:5173/src/sim/rhizome/rhizomeEngine.ts:326:3)
    at loop (http://localhost:5173/src/ui/labs/RhizomeLab.tsx?t=1772147833677:1882:7)
Page Error: n is not defined
ReferenceError: n is not defined
    at applyForces (http://localhost:5173/src/sim/rhizome/rhizomeEngine.ts:473:38)
    at tickRhizome (http://localhost:5173/src/sim/rhizome/rhizomeEngine.ts:326:3)
    at loop (http://localhost:5173/src/ui/labs/RhizomeLab.tsx?t=1772147833677:1882:7)
Page Error: n is not defined
ReferenceError: n is not defined
    at applyForces (http://localhost:5173/src/sim/rhizome/rhizomeEngine.ts:473:38)
    at tickRhizome (http://localhost:5173/src/sim/rhizome/rhizomeEngine.ts:326:3)
    at loop (http://localhost:5173/src/ui/labs/RhizomeLab.tsx?t=1772147833677:1882:7)
Page Error: n is not defined
ReferenceError: n is not defined
    at applyForces (http://localhost:5173/src/sim/rhizome/rhizomeEngine.ts:473:38)
    at tickRhizome (http://localhost:5173/src/sim/rhizome/rhizomeEngine.ts:326:3)
    at loop (http://localhost:5173/src/ui/labs/RhizomeLab.tsx?t=1772147833677:1882:7)
Page Error: n is not defined
ReferenceError: n is not defined
    at applyForces (http://localhost:5173/src/sim/rhizome/rhizomeEngine.ts:473:38)
    at tickRhizome (http://localhost:5173/src/sim/rhizome/rhizomeEngine.ts:326:3)
    at loop (http://localhost:5173/src/ui/labs/RhizomeLab.tsx?t=1772147833677:1882:7)
Page Error: n is not defined
ReferenceError: n is not defined
    at applyForces (http://localhost:5173/src/sim/rhizome/rhizomeEngine.ts:473:38)
    at tickRhizome (http://localhost:5173/src/sim/rhizome/rhizomeEngine.ts:326:3)
    at loop (http://localhost:5173/src/ui/labs/RhizomeLab.tsx?t=1772147833677:1882:7)
Page Error: n is not defined
ReferenceError: n is not defined
    at applyForces (http://localhost:5173/src/sim/rhizome/rhizomeEngine.ts:473:38)
    at tickRhizome (http://localhost:5173/src/sim/rhizome/rhizomeEngine.ts:326:3)
    at loop (http://localhost:5173/src/ui/labs/RhizomeLab.tsx?t=1772147833677:1882:7)
Page Error: n is not defined
ReferenceError: n is not defined
    at applyForces (http://localhost:5173/src/sim/rhizome/rhizomeEngine.ts:473:38)
    at tickRhizome (http://localhost:5173/src/sim/rhizome/rhizomeEngine.ts:326:3)
    at loop (http://localhost:5173/src/ui/labs/RhizomeLab.tsx?t=1772147833677:1882:7)
Page Error: n is not defined
ReferenceError: n is not defined
    at applyForces (http://localhost:5173/src/sim/rhizome/rhizomeEngine.ts:473:38)
    at tickRhizome (http://localhost:5173/src/sim/rhizome/rhizomeEngine.ts:326:3)
    at loop (http://localhost:5173/src/ui/labs/RhizomeLab.tsx?t=1772147833677:1882:7)
Page Error: n is not defined
ReferenceError: n is not defined
    at applyForces (http://localhost:5173/src/sim/rhizome/rhizomeEngine.ts:473:38)
    at tickRhizome (http://localhost:5173/src/sim/rhizome/rhizomeEngine.ts:326:3)
    at loop (http://localhost:5173/src/ui/labs/RhizomeLab.tsx?t=1772147833677:1882:7)
Page Error: n is not defined
ReferenceError: n is not defined
    at applyForces (http://localhost:5173/src/sim/rhizome/rhizomeEngine.ts:473:38)
    at tickRhizome (http://localhost:5173/src/sim/rhizome/rhizomeEngine.ts:326:3)
    at loop (http://localhost:5173/src/ui/labs/RhizomeLab.tsx?t=1772147833677:1882:7)
Page Error: n is not defined
ReferenceError: n is not defined
    at applyForces (http://localhost:5173/src/sim/rhizome/rhizomeEngine.ts:473:38)
    at tickRhizome (http://localhost:5173/src/sim/rhizome/rhizomeEngine.ts:326:3)
    at loop (http://localhost:5173/src/ui/labs/RhizomeLab.tsx?t=1772147833677:1882:7)
Page Error: n is not defined
ReferenceError: n is not defined
    at applyForces (http://localhost:5173/src/sim/rhizome/rhizomeEngine.ts:473:38)
    at tickRhizome (http://localhost:5173/src/sim/rhizome/rhizomeEngine.ts:326:3)
    at loop (http://localhost:5173/src/ui/labs/RhizomeLab.tsx?t=1772147833677:1882:7)
Page Error: n is not defined
ReferenceError: n is not defined
    at applyForces (http://localhost:5173/src/sim/rhizome/rhizomeEngine.ts:473:38)
    at tickRhizome (http://localhost:5173/src/sim/rhizome/rhizomeEngine.ts:326:3)
    at loop (http://localhost:5173/src/ui/labs/RhizomeLab.tsx?t=1772147833677:1882:7)
Page Error: n is not defined
ReferenceError: n is not defined
    at applyForces (http://localhost:5173/src/sim/rhizome/rhizomeEngine.ts:473:38)
    at tickRhizome (http://localhost:5173/src/sim/rhizome/rhizomeEngine.ts:326:3)
    at loop (http://localhost:5173/src/ui/labs/RhizomeLab.tsx?t=1772147833677:1882:7)
Page Error: n is not defined
ReferenceError: n is not defined
    at applyForces (http://localhost:5173/src/sim/rhizome/rhizomeEngine.ts:473:38)
    at tickRhizome (http://localhost:5173/src/sim/rhizome/rhizomeEngine.ts:326:3)
    at loop (http://localhost:5173/src/ui/labs/RhizomeLab.tsx?t=1772147833677:1882:7)
Page Error: n is not defined
ReferenceError: n is not defined
    at applyForces (http://localhost:5173/src/sim/rhizome/rhizomeEngine.ts:473:38)
    at tickRhizome (http://localhost:5173/src/sim/rhizome/rhizomeEngine.ts:326:3)
    at loop (http://localhost:5173/src/ui/labs/RhizomeLab.tsx?t=1772147833677:1882:7)
Page Error: n is not defined
ReferenceError: n is not defined
    at applyForces (http://localhost:5173/src/sim/rhizome/rhizomeEngine.ts:473:38)
    at tickRhizome (http://localhost:5173/src/sim/rhizome/rhizomeEngine.ts:326:3)
    at loop (http://localhost:5173/src/ui/labs/RhizomeLab.tsx?t=1772147833677:1882:7)
Page Error: n is not defined
ReferenceError: n is not defined
    at applyForces (http://localhost:5173/src/sim/rhizome/rhizomeEngine.ts:473:38)
    at tickRhizome (http://localhost:5173/src/sim/rhizome/rhizomeEngine.ts:326:3)
    at loop (http://localhost:5173/src/ui/labs/RhizomeLab.tsx?t=1772147833677:1882:7)
Page Error: n is not defined
ReferenceError: n is not defined
    at applyForces (http://localhost:5173/src/sim/rhizome/rhizomeEngine.ts:473:38)
    at tickRhizome (http://localhost:5173/src/sim/rhizome/rhizomeEngine.ts:326:3)
    at loop (http://localhost:5173/src/ui/labs/RhizomeLab.tsx?t=1772147833677:1882:7)
Page Error: n is not defined
ReferenceError: n is not defined
    at applyForces (http://localhost:5173/src/sim/rhizome/rhizomeEngine.ts:473:38)
    at tickRhizome (http://localhost:5173/src/sim/rhizome/rhizomeEngine.ts:326:3)
    at loop (http://localhost:5173/src/ui/labs/RhizomeLab.tsx?t=1772147833677:1882:7)
Page Error: n is not defined
ReferenceError: n is not defined
    at applyForces (http://localhost:5173/src/sim/rhizome/rhizomeEngine.ts:473:38)
    at tickRhizome (http://localhost:5173/src/sim/rhizome/rhizomeEngine.ts:326:3)
    at loop (http://localhost:5173/src/ui/labs/RhizomeLab.tsx?t=1772147833677:1882:7)
Page Error: n is not defined
ReferenceError: n is not defined
    at applyForces (http://localhost:5173/src/sim/rhizome/rhizomeEngine.ts:473:38)
    at tickRhizome (http://localhost:5173/src/sim/rhizome/rhizomeEngine.ts:326:3)
    at loop (http://localhost:5173/src/ui/labs/RhizomeLab.tsx?t=1772147833677:1882:7)
Page Error: n is not defined
ReferenceError: n is not defined
    at applyForces (http://localhost:5173/src/sim/rhizome/rhizomeEngine.ts:473:38)
    at tickRhizome (http://localhost:5173/src/sim/rhizome/rhizomeEngine.ts:326:3)
    at loop (http://localhost:5173/src/ui/labs/RhizomeLab.tsx?t=1772147833677:1882:7)
Page Error: n is not defined
ReferenceError: n is not defined
    at applyForces (http://localhost:5173/src/sim/rhizome/rhizomeEngine.ts:473:38)
    at tickRhizome (http://localhost:5173/src/sim/rhizome/rhizomeEngine.ts:326:3)
    at loop (http://localhost:5173/src/ui/labs/RhizomeLab.tsx?t=1772147833677:1882:7)
Page Error: n is not defined
ReferenceError: n is not defined
    at applyForces (http://localhost:5173/src/sim/rhizome/rhizomeEngine.ts:473:38)
    at tickRhizome (http://localhost:5173/src/sim/rhizome/rhizomeEngine.ts:326:3)
    at loop (http://localhost:5173/src/ui/labs/RhizomeLab.tsx?t=1772147833677:1882:7)
Page Error: n is not defined
ReferenceError: n is not defined
    at applyForces (http://localhost:5173/src/sim/rhizome/rhizomeEngine.ts:473:38)
    at tickRhizome (http://localhost:5173/src/sim/rhizome/rhizomeEngine.ts:326:3)
    at loop (http://localhost:5173/src/ui/labs/RhizomeLab.tsx?t=1772147833677:1882:7)
Page Error: n is not defined
ReferenceError: n is not defined
    at applyForces (http://localhost:5173/src/sim/rhizome/rhizomeEngine.ts:473:38)
    at tickRhizome (http://localhost:5173/src/sim/rhizome/rhizomeEngine.ts:326:3)
    at loop (http://localhost:5173/src/ui/labs/RhizomeLab.tsx?t=1772147833677:1882:7)
Page Error: n is not defined
ReferenceError: n is not defined
    at applyForces (http://localhost:5173/src/sim/rhizome/rhizomeEngine.ts:473:38)
    at tickRhizome (http://localhost:5173/src/sim/rhizome/rhizomeEngine.ts:326:3)
    at loop (http://localhost:5173/src/ui/labs/RhizomeLab.tsx?t=1772147833677:1882:7)
Page Error: n is not defined
ReferenceError: n is not defined
    at applyForces (http://localhost:5173/src/sim/rhizome/rhizomeEngine.ts:473:38)
    at tickRhizome (http://localhost:5173/src/sim/rhizome/rhizomeEngine.ts:326:3)
    at loop (http://localhost:5173/src/ui/labs/RhizomeLab.tsx?t=1772147833677:1882:7)

=== STEP 5: Take snapshot ===
Page Error: n is not defined
ReferenceError: n is not defined
    at applyForces (http://localhost:5173/src/sim/rhizome/rhizomeEngine.ts:473:38)
    at tickRhizome (http://localhost:5173/src/sim/rhizome/rhizomeEngine.ts:326:3)
    at loop (http://localhost:5173/src/ui/labs/RhizomeLab.tsx?t=1772147833677:1882:7)
Page Error: n is not defined
ReferenceError: n is not defined
    at applyForces (http://localhost:5173/src/sim/rhizome/rhizomeEngine.ts:473:38)
    at tickRhizome (http://localhost:5173/src/sim/rhizome/rhizomeEngine.ts:326:3)
    at loop (http://localhost:5173/src/ui/labs/RhizomeLab.tsx?t=1772147833677:1882:7)
Page Error: n is not defined
ReferenceError: n is not defined
    at applyForces (http://localhost:5173/src/sim/rhizome/rhizomeEngine.ts:473:38)
    at tickRhizome (http://localhost:5173/src/sim/rhizome/rhizomeEngine.ts:326:3)
    at loop (http://localhost:5173/src/ui/labs/RhizomeLab.tsx?t=1772147833677:1882:7)
Page Error: n is not defined
ReferenceError: n is not defined
    at applyForces (http://localhost:5173/src/sim/rhizome/rhizomeEngine.ts:473:38)
    at tickRhizome (http://localhost:5173/src/sim/rhizome/rhizomeEngine.ts:326:3)
    at loop (http://localhost:5173/src/ui/labs/RhizomeLab.tsx?t=1772147833677:1882:7)
Screenshot saved to screenshot-rhizome.png

=== STEP 6: Check for JavaScript errors ===
ERRORS FOUND:
  1. Page Error: n is not defined
ReferenceError: n is not defined
    at applyForces (http://localhost:5173/src/sim/rhizome/rhizomeEngine.ts:473:38)
    at tickRhizome (http://localhost:5173/src/sim/rhizome/rhizomeEngine.ts:326:3)
    at loop (http://localhost:5173/src/ui/labs/RhizomeLab.tsx?t=1772147833677:1882:7)
  2. Page Error: n is not defined
ReferenceError: n is not defined
    at applyForces (http://localhost:5173/src/sim/rhizome/rhizomeEngine.ts:473:38)
    at tickRhizome (http://localhost:5173/src/sim/rhizome/rhizomeEngine.ts:326:3)
    at loop (http://localhost:5173/src/ui/labs/RhizomeLab.tsx?t=1772147833677:1882:7)
  3. Page Error: n is not defined
ReferenceError: n is not defined
    at applyForces (http://localhost:5173/src/sim/rhizome/rhizomeEngine.ts:473:38)
    at tickRhizome (http://localhost:5173/src/sim/rhizome/rhizomeEngine.ts:326:3)
    at loop (http://localhost:5173/src/ui/labs/RhizomeLab.tsx?t=1772147833677:1882:7)
  4. Page Error: n is not defined
ReferenceError: n is not defined
    at applyForces (http://localhost:5173/src/sim/rhizome/rhizomeEngine.ts:473:38)
    at tickRhizome (http://localhost:5173/src/sim/rhizome/rhizomeEngine.ts:326:3)
    at loop (http://localhost:5173/src/ui/labs/RhizomeLab.tsx?t=1772147833677:1882:7)
  5. Page Error: n is not defined
ReferenceError: n is not defined
    at applyForces (http://localhost:5173/src/sim/rhizome/rhizomeEngine.ts:473:38)
    at tickRhizome (http://localhost:5173/src/sim/rhizome/rhizomeEngine.ts:326:3)
    at loop (http://localhost:5173/src/ui/labs/RhizomeLab.tsx?t=1772147833677:1882:7)
  6. Page Error: n is not defined
ReferenceError: n is not defined
    at applyForces (http://localhost:5173/src/sim/rhizome/rhizomeEngine.ts:473:38)
    at tickRhizome (http://localhost:5173/src/sim/rhizome/rhizomeEngine.ts:326:3)
    at loop (http://localhost:5173/src/ui/labs/RhizomeLab.tsx?t=1772147833677:1882:7)
  7. Page Error: n is not defined
ReferenceError: n is not defined
    at applyForces (http://localhost:5173/src/sim/rhizome/rhizomeEngine.ts:473:38)
    at tickRhizome (http://localhost:5173/src/sim/rhizome/rhizomeEngine.ts:326:3)
    at loop (http://localhost:5173/src/ui/labs/RhizomeLab.tsx?t=1772147833677:1882:7)
  8. Page Error: n is not defined
ReferenceError: n is not defined
    at applyForces (http://localhost:5173/src/sim/rhizome/rhizomeEngine.ts:473:38)
    at tickRhizome (http://localhost:5173/src/sim/rhizome/rhizomeEngine.ts:326:3)
    at loop (http://localhost:5173/src/ui/labs/RhizomeLab.tsx?t=1772147833677:1882:7)
  9. Page Error: n is not defined
ReferenceError: n is not defined
    at applyForces (http://localhost:5173/src/sim/rhizome/rhizomeEngine.ts:473:38)
    at tickRhizome (http://localhost:5173/src/sim/rhizome/rhizomeEngine.ts:326:3)
    at loop (http://localhost:5173/src/ui/labs/RhizomeLab.tsx?t=1772147833677:1882:7)
  10. Page Error: n is not defined
ReferenceError: n is not defined
    at applyForces (http://localhost:5173/src/sim/rhizome/rhizomeEngine.ts:473:38)
    at tickRhizome (http://localhost:5173/src/sim/rhizome/rhizomeEngine.ts:326:3)
    at loop (http://localhost:5173/src/ui/labs/RhizomeLab.tsx?t=1772147833677:1882:7)
  11. Page Error: n is not defined
ReferenceError: n is not defined
    at applyForces (http://localhost:5173/src/sim/rhizome/rhizomeEngine.ts:473:38)
    at tickRhizome (http://localhost:5173/src/sim/rhizome/rhizomeEngine.ts:326:3)
    at loop (http://localhost:5173/src/ui/labs/RhizomeLab.tsx?t=1772147833677:1882:7)
  12. Page Error: n is not defined
ReferenceError: n is not defined
    at applyForces (http://localhost:5173/src/sim/rhizome/rhizomeEngine.ts:473:38)
    at tickRhizome (http://localhost:5173/src/sim/rhizome/rhizomeEngine.ts:326:3)
    at loop (http://localhost:5173/src/ui/labs/RhizomeLab.tsx?t=1772147833677:1882:7)
  13. Page Error: n is not defined
ReferenceError: n is not defined
    at applyForces (http://localhost:5173/src/sim/rhizome/rhizomeEngine.ts:473:38)
    at tickRhizome (http://localhost:5173/src/sim/rhizome/rhizomeEngine.ts:326:3)
    at loop (http://localhost:5173/src/ui/labs/RhizomeLab.tsx?t=1772147833677:1882:7)
  14. Page Error: n is not defined
ReferenceError: n is not defined
    at applyForces (http://localhost:5173/src/sim/rhizome/rhizomeEngine.ts:473:38)
    at tickRhizome (http://localhost:5173/src/sim/rhizome/rhizomeEngine.ts:326:3)
    at loop (http://localhost:5173/src/ui/labs/RhizomeLab.tsx?t=1772147833677:1882:7)
  15. Page Error: n is not defined
ReferenceError: n is not defined
    at applyForces (http://localhost:5173/src/sim/rhizome/rhizomeEngine.ts:473:38)
    at tickRhizome (http://localhost:5173/src/sim/rhizome/rhizomeEngine.ts:326:3)
    at loop (http://localhost:5173/src/ui/labs/RhizomeLab.tsx?t=1772147833677:1882:7)
  16. Page Error: n is not defined
ReferenceError: n is not defined
    at applyForces (http://localhost:5173/src/sim/rhizome/rhizomeEngine.ts:473:38)
    at tickRhizome (http://localhost:5173/src/sim/rhizome/rhizomeEngine.ts:326:3)
    at loop (http://localhost:5173/src/ui/labs/RhizomeLab.tsx?t=1772147833677:1882:7)
  17. Page Error: n is not defined
ReferenceError: n is not defined
    at applyForces (http://localhost:5173/src/sim/rhizome/rhizomeEngine.ts:473:38)
    at tickRhizome (http://localhost:5173/src/sim/rhizome/rhizomeEngine.ts:326:3)
    at loop (http://localhost:5173/src/ui/labs/RhizomeLab.tsx?t=1772147833677:1882:7)
  18. Page Error: n is not defined
ReferenceError: n is not defined
    at applyForces (http://localhost:5173/src/sim/rhizome/rhizomeEngine.ts:473:38)
    at tickRhizome (http://localhost:5173/src/sim/rhizome/rhizomeEngine.ts:326:3)
    at loop (http://localhost:5173/src/ui/labs/RhizomeLab.tsx?t=1772147833677:1882:7)
  19. Page Error: n is not defined
ReferenceError: n is not defined
    at applyForces (http://localhost:5173/src/sim/rhizome/rhizomeEngine.ts:473:38)
    at tickRhizome (http://localhost:5173/src/sim/rhizome/rhizomeEngine.ts:326:3)
    at loop (http://localhost:5173/src/ui/labs/RhizomeLab.tsx?t=1772147833677:1882:7)
  20. Page Error: n is not defined
ReferenceError: n is not defined
    at applyForces (http://localhost:5173/src/sim/rhizome/rhizomeEngine.ts:473:38)
    at tickRhizome (http://localhost:5173/src/sim/rhizome/rhizomeEngine.ts:326:3)
    at loop (http://localhost:5173/src/ui/labs/RhizomeLab.tsx?t=1772147833677:1882:7)
  21. Page Error: n is not defined
ReferenceError: n is not defined
    at applyForces (http://localhost:5173/src/sim/rhizome/rhizomeEngine.ts:473:38)
    at tickRhizome (http://localhost:5173/src/sim/rhizome/rhizomeEngine.ts:326:3)
    at loop (http://localhost:5173/src/ui/labs/RhizomeLab.tsx?t=1772147833677:1882:7)
  22. Page Error: n is not defined
ReferenceError: n is not defined
    at applyForces (http://localhost:5173/src/sim/rhizome/rhizomeEngine.ts:473:38)
    at tickRhizome (http://localhost:5173/src/sim/rhizome/rhizomeEngine.ts:326:3)
    at loop (http://localhost:5173/src/ui/labs/RhizomeLab.tsx?t=1772147833677:1882:7)
  23. Page Error: n is not defined
ReferenceError: n is not defined
    at applyForces (http://localhost:5173/src/sim/rhizome/rhizomeEngine.ts:473:38)
    at tickRhizome (http://localhost:5173/src/sim/rhizome/rhizomeEngine.ts:326:3)
    at loop (http://localhost:5173/src/ui/labs/RhizomeLab.tsx?t=1772147833677:1882:7)
  24. Page Error: n is not defined
ReferenceError: n is not defined
    at applyForces (http://localhost:5173/src/sim/rhizome/rhizomeEngine.ts:473:38)
    at tickRhizome (http://localhost:5173/src/sim/rhizome/rhizomeEngine.ts:326:3)
    at loop (http://localhost:5173/src/ui/labs/RhizomeLab.tsx?t=1772147833677:1882:7)
  25. Page Error: n is not defined
ReferenceError: n is not defined
    at applyForces (http://localhost:5173/src/sim/rhizome/rhizomeEngine.ts:473:38)
    at tickRhizome (http://localhost:5173/src/sim/rhizome/rhizomeEngine.ts:326:3)
    at loop (http://localhost:5173/src/ui/labs/RhizomeLab.tsx?t=1772147833677:1882:7)
  26. Page Error: n is not defined
ReferenceError: n is not defined
    at applyForces (http://localhost:5173/src/sim/rhizome/rhizomeEngine.ts:473:38)
    at tickRhizome (http://localhost:5173/src/sim/rhizome/rhizomeEngine.ts:326:3)
    at loop (http://localhost:5173/src/ui/labs/RhizomeLab.tsx?t=1772147833677:1882:7)
  27. Page Error: n is not defined
ReferenceError: n is not defined
    at applyForces (http://localhost:5173/src/sim/rhizome/rhizomeEngine.ts:473:38)
    at tickRhizome (http://localhost:5173/src/sim/rhizome/rhizomeEngine.ts:326:3)
    at loop (http://localhost:5173/src/ui/labs/RhizomeLab.tsx?t=1772147833677:1882:7)
  28. Page Error: n is not defined
ReferenceError: n is not defined
    at applyForces (http://localhost:5173/src/sim/rhizome/rhizomeEngine.ts:473:38)
    at tickRhizome (http://localhost:5173/src/sim/rhizome/rhizomeEngine.ts:326:3)
    at loop (http://localhost:5173/src/ui/labs/RhizomeLab.tsx?t=1772147833677:1882:7)
  29. Page Error: n is not defined
ReferenceError: n is not defined
    at applyForces (http://localhost:5173/src/sim/rhizome/rhizomeEngine.ts:473:38)
    at tickRhizome (http://localhost:5173/src/sim/rhizome/rhizomeEngine.ts:326:3)
    at loop (http://localhost:5173/src/ui/labs/RhizomeLab.tsx?t=1772147833677:1882:7)
  30. Page Error: n is not defined
ReferenceError: n is not defined
    at applyForces (http://localhost:5173/src/sim/rhizome/rhizomeEngine.ts:473:38)
    at tickRhizome (http://localhost:5173/src/sim/rhizome/rhizomeEngine.ts:326:3)
    at loop (http://localhost:5173/src/ui/labs/RhizomeLab.tsx?t=1772147833677:1882:7)
  31. Page Error: n is not defined
ReferenceError: n is not defined
    at applyForces (http://localhost:5173/src/sim/rhizome/rhizomeEngine.ts:473:38)
    at tickRhizome (http://localhost:5173/src/sim/rhizome/rhizomeEngine.ts:326:3)
    at loop (http://localhost:5173/src/ui/labs/RhizomeLab.tsx?t=1772147833677:1882:7)
  32. Page Error: n is not defined
ReferenceError: n is not defined
    at applyForces (http://localhost:5173/src/sim/rhizome/rhizomeEngine.ts:473:38)
    at tickRhizome (http://localhost:5173/src/sim/rhizome/rhizomeEngine.ts:326:3)
    at loop (http://localhost:5173/src/ui/labs/RhizomeLab.tsx?t=1772147833677:1882:7)
  33. Page Error: n is not defined
ReferenceError: n is not defined
    at applyForces (http://localhost:5173/src/sim/rhizome/rhizomeEngine.ts:473:38)
    at tickRhizome (http://localhost:5173/src/sim/rhizome/rhizomeEngine.ts:326:3)
    at loop (http://localhost:5173/src/ui/labs/RhizomeLab.tsx?t=1772147833677:1882:7)
  34. Page Error: n is not defined
ReferenceError: n is not defined
    at applyForces (http://localhost:5173/src/sim/rhizome/rhizomeEngine.ts:473:38)
    at tickRhizome (http://localhost:5173/src/sim/rhizome/rhizomeEngine.ts:326:3)
    at loop (http://localhost:5173/src/ui/labs/RhizomeLab.tsx?t=1772147833677:1882:7)
  35. Page Error: n is not defined
ReferenceError: n is not defined
    at applyForces (http://localhost:5173/src/sim/rhizome/rhizomeEngine.ts:473:38)
    at tickRhizome (http://localhost:5173/src/sim/rhizome/rhizomeEngine.ts:326:3)
    at loop (http://localhost:5173/src/ui/labs/RhizomeLab.tsx?t=1772147833677:1882:7)
  36. Page Error: n is not defined
ReferenceError: n is not defined
    at applyForces (http://localhost:5173/src/sim/rhizome/rhizomeEngine.ts:473:38)
    at tickRhizome (http://localhost:5173/src/sim/rhizome/rhizomeEngine.ts:326:3)
    at loop (http://localhost:5173/src/ui/labs/RhizomeLab.tsx?t=1772147833677:1882:7)
  37. Page Error: n is not defined
ReferenceError: n is not defined
    at applyForces (http://localhost:5173/src/sim/rhizome/rhizomeEngine.ts:473:38)
    at tickRhizome (http://localhost:5173/src/sim/rhizome/rhizomeEngine.ts:326:3)
    at loop (http://localhost:5173/src/ui/labs/RhizomeLab.tsx?t=1772147833677:1882:7)
  38. Page Error: n is not defined
ReferenceError: n is not defined
    at applyForces (http://localhost:5173/src/sim/rhizome/rhizomeEngine.ts:473:38)
    at tickRhizome (http://localhost:5173/src/sim/rhizome/rhizomeEngine.ts:326:3)
    at loop (http://localhost:5173/src/ui/labs/RhizomeLab.tsx?t=1772147833677:1882:7)
  39. Page Error: n is not defined
ReferenceError: n is not defined
    at applyForces (http://localhost:5173/src/sim/rhizome/rhizomeEngine.ts:473:38)
    at tickRhizome (http://localhost:5173/src/sim/rhizome/rhizomeEngine.ts:326:3)
    at loop (http://localhost:5173/src/ui/labs/RhizomeLab.tsx?t=1772147833677:1882:7)
  40. Page Error: n is not defined
ReferenceError: n is not defined
    at applyForces (http://localhost:5173/src/sim/rhizome/rhizomeEngine.ts:473:38)
    at tickRhizome (http://localhost:5173/src/sim/rhizome/rhizomeEngine.ts:326:3)
    at loop (http://localhost:5173/src/ui/labs/RhizomeLab.tsx?t=1772147833677:1882:7)
  41. Page Error: n is not defined
ReferenceError: n is not defined
    at applyForces (http://localhost:5173/src/sim/rhizome/rhizomeEngine.ts:473:38)
    at tickRhizome (http://localhost:5173/src/sim/rhizome/rhizomeEngine.ts:326:3)
    at loop (http://localhost:5173/src/ui/labs/RhizomeLab.tsx?t=1772147833677:1882:7)
  42. Page Error: n is not defined
ReferenceError: n is not defined
    at applyForces (http://localhost:5173/src/sim/rhizome/rhizomeEngine.ts:473:38)
    at tickRhizome (http://localhost:5173/src/sim/rhizome/rhizomeEngine.ts:326:3)
    at loop (http://localhost:5173/src/ui/labs/RhizomeLab.tsx?t=1772147833677:1882:7)
  43. Page Error: n is not defined
ReferenceError: n is not defined
    at applyForces (http://localhost:5173/src/sim/rhizome/rhizomeEngine.ts:473:38)
    at tickRhizome (http://localhost:5173/src/sim/rhizome/rhizomeEngine.ts:326:3)
    at loop (http://localhost:5173/src/ui/labs/RhizomeLab.tsx?t=1772147833677:1882:7)
  44. Page Error: n is not defined
ReferenceError: n is not defined
    at applyForces (http://localhost:5173/src/sim/rhizome/rhizomeEngine.ts:473:38)
    at tickRhizome (http://localhost:5173/src/sim/rhizome/rhizomeEngine.ts:326:3)
    at loop (http://localhost:5173/src/ui/labs/RhizomeLab.tsx?t=1772147833677:1882:7)
  45. Page Error: n is not defined
ReferenceError: n is not defined
    at applyForces (http://localhost:5173/src/sim/rhizome/rhizomeEngine.ts:473:38)
    at tickRhizome (http://localhost:5173/src/sim/rhizome/rhizomeEngine.ts:326:3)
    at loop (http://localhost:5173/src/ui/labs/RhizomeLab.tsx?t=1772147833677:1882:7)
  46. Page Error: n is not defined
ReferenceError: n is not defined
    at applyForces (http://localhost:5173/src/sim/rhizome/rhizomeEngine.ts:473:38)
    at tickRhizome (http://localhost:5173/src/sim/rhizome/rhizomeEngine.ts:326:3)
    at loop (http://localhost:5173/src/ui/labs/RhizomeLab.tsx?t=1772147833677:1882:7)
  47. Page Error: n is not defined
ReferenceError: n is not defined
    at applyForces (http://localhost:5173/src/sim/rhizome/rhizomeEngine.ts:473:38)
    at tickRhizome (http://localhost:5173/src/sim/rhizome/rhizomeEngine.ts:326:3)
    at loop (http://localhost:5173/src/ui/labs/RhizomeLab.tsx?t=1772147833677:1882:7)
  48. Page Error: n is not defined
ReferenceError: n is not defined
    at applyForces (http://localhost:5173/src/sim/rhizome/rhizomeEngine.ts:473:38)
    at tickRhizome (http://localhost:5173/src/sim/rhizome/rhizomeEngine.ts:326:3)
    at loop (http://localhost:5173/src/ui/labs/RhizomeLab.tsx?t=1772147833677:1882:7)
  49. Page Error: n is not defined
ReferenceError: n is not defined
    at applyForces (http://localhost:5173/src/sim/rhizome/rhizomeEngine.ts:473:38)
    at tickRhizome (http://localhost:5173/src/sim/rhizome/rhizomeEngine.ts:326:3)
    at loop (http://localhost:5173/src/ui/labs/RhizomeLab.tsx?t=1772147833677:1882:7)
  50. Page Error: n is not defined
ReferenceError: n is not defined
    at applyForces (http://localhost:5173/src/sim/rhizome/rhizomeEngine.ts:473:38)
    at tickRhizome (http://localhost:5173/src/sim/rhizome/rhizomeEngine.ts:326:3)
    at loop (http://localhost:5173/src/ui/labs/RhizomeLab.tsx?t=1772147833677:1882:7)
  51. Page Error: n is not defined
ReferenceError: n is not defined
    at applyForces (http://localhost:5173/src/sim/rhizome/rhizomeEngine.ts:473:38)
    at tickRhizome (http://localhost:5173/src/sim/rhizome/rhizomeEngine.ts:326:3)
    at loop (http://localhost:5173/src/ui/labs/RhizomeLab.tsx?t=1772147833677:1882:7)
  52. Page Error: n is not defined
ReferenceError: n is not defined
    at applyForces (http://localhost:5173/src/sim/rhizome/rhizomeEngine.ts:473:38)
    at tickRhizome (http://localhost:5173/src/sim/rhizome/rhizomeEngine.ts:326:3)
    at loop (http://localhost:5173/src/ui/labs/RhizomeLab.tsx?t=1772147833677:1882:7)
  53. Page Error: n is not defined
ReferenceError: n is not defined
    at applyForces (http://localhost:5173/src/sim/rhizome/rhizomeEngine.ts:473:38)
    at tickRhizome (http://localhost:5173/src/sim/rhizome/rhizomeEngine.ts:326:3)
    at loop (http://localhost:5173/src/ui/labs/RhizomeLab.tsx?t=1772147833677:1882:7)
  54. Page Error: n is not defined
ReferenceError: n is not defined
    at applyForces (http://localhost:5173/src/sim/rhizome/rhizomeEngine.ts:473:38)
    at tickRhizome (http://localhost:5173/src/sim/rhizome/rhizomeEngine.ts:326:3)
    at loop (http://localhost:5173/src/ui/labs/RhizomeLab.tsx?t=1772147833677:1882:7)
  55. Page Error: n is not defined
ReferenceError: n is not defined
    at applyForces (http://localhost:5173/src/sim/rhizome/rhizomeEngine.ts:473:38)
    at tickRhizome (http://localhost:5173/src/sim/rhizome/rhizomeEngine.ts:326:3)
    at loop (http://localhost:5173/src/ui/labs/RhizomeLab.tsx?t=1772147833677:1882:7)
  56. Page Error: n is not defined
ReferenceError: n is not defined
    at applyForces (http://localhost:5173/src/sim/rhizome/rhizomeEngine.ts:473:38)
    at tickRhizome (http://localhost:5173/src/sim/rhizome/rhizomeEngine.ts:326:3)
    at loop (http://localhost:5173/src/ui/labs/RhizomeLab.tsx?t=1772147833677:1882:7)
  57. Page Error: n is not defined
ReferenceError: n is not defined
    at applyForces (http://localhost:5173/src/sim/rhizome/rhizomeEngine.ts:473:38)
    at tickRhizome (http://localhost:5173/src/sim/rhizome/rhizomeEngine.ts:326:3)
    at loop (http://localhost:5173/src/ui/labs/RhizomeLab.tsx?t=1772147833677:1882:7)
  58. Page Error: n is not defined
ReferenceError: n is not defined
    at applyForces (http://localhost:5173/src/sim/rhizome/rhizomeEngine.ts:473:38)
    at tickRhizome (http://localhost:5173/src/sim/rhizome/rhizomeEngine.ts:326:3)
    at loop (http://localhost:5173/src/ui/labs/RhizomeLab.tsx?t=1772147833677:1882:7)
  59. Page Error: n is not defined
ReferenceError: n is not defined
    at applyForces (http://localhost:5173/src/sim/rhizome/rhizomeEngine.ts:473:38)
    at tickRhizome (http://localhost:5173/src/sim/rhizome/rhizomeEngine.ts:326:3)
    at loop (http://localhost:5173/src/ui/labs/RhizomeLab.tsx?t=1772147833677:1882:7)
  60. Page Error: n is not defined
ReferenceError: n is not defined
    at applyForces (http://localhost:5173/src/sim/rhizome/rhizomeEngine.ts:473:38)
    at tickRhizome (http://localhost:5173/src/sim/rhizome/rhizomeEngine.ts:326:3)
    at loop (http://localhost:5173/src/ui/labs/RhizomeLab.tsx?t=1772147833677:1882:7)
  61. Page Error: n is not defined
ReferenceError: n is not defined
    at applyForces (http://localhost:5173/src/sim/rhizome/rhizomeEngine.ts:473:38)
    at tickRhizome (http://localhost:5173/src/sim/rhizome/rhizomeEngine.ts:326:3)
    at loop (http://localhost:5173/src/ui/labs/RhizomeLab.tsx?t=1772147833677:1882:7)
  62. Page Error: n is not defined
ReferenceError: n is not defined
    at applyForces (http://localhost:5173/src/sim/rhizome/rhizomeEngine.ts:473:38)
    at tickRhizome (http://localhost:5173/src/sim/rhizome/rhizomeEngine.ts:326:3)
    at loop (http://localhost:5173/src/ui/labs/RhizomeLab.tsx?t=1772147833677:1882:7)
  63. Page Error: n is not defined
ReferenceError: n is not defined
    at applyForces (http://localhost:5173/src/sim/rhizome/rhizomeEngine.ts:473:38)
    at tickRhizome (http://localhost:5173/src/sim/rhizome/rhizomeEngine.ts:326:3)
    at loop (http://localhost:5173/src/ui/labs/RhizomeLab.tsx?t=1772147833677:1882:7)
  64. Page Error: n is not defined
ReferenceError: n is not defined
    at applyForces (http://localhost:5173/src/sim/rhizome/rhizomeEngine.ts:473:38)
    at tickRhizome (http://localhost:5173/src/sim/rhizome/rhizomeEngine.ts:326:3)
    at loop (http://localhost:5173/src/ui/labs/RhizomeLab.tsx?t=1772147833677:1882:7)
  65. Page Error: n is not defined
ReferenceError: n is not defined
    at applyForces (http://localhost:5173/src/sim/rhizome/rhizomeEngine.ts:473:38)
    at tickRhizome (http://localhost:5173/src/sim/rhizome/rhizomeEngine.ts:326:3)
    at loop (http://localhost:5173/src/ui/labs/RhizomeLab.tsx?t=1772147833677:1882:7)
  66. Page Error: n is not defined
ReferenceError: n is not defined
    at applyForces (http://localhost:5173/src/sim/rhizome/rhizomeEngine.ts:473:38)
    at tickRhizome (http://localhost:5173/src/sim/rhizome/rhizomeEngine.ts:326:3)
    at loop (http://localhost:5173/src/ui/labs/RhizomeLab.tsx?t=1772147833677:1882:7)
  67. Page Error: n is not defined
ReferenceError: n is not defined
    at applyForces (http://localhost:5173/src/sim/rhizome/rhizomeEngine.ts:473:38)
    at tickRhizome (http://localhost:5173/src/sim/rhizome/rhizomeEngine.ts:326:3)
    at loop (http://localhost:5173/src/ui/labs/RhizomeLab.tsx?t=1772147833677:1882:7)
  68. Page Error: n is not defined
ReferenceError: n is not defined
    at applyForces (http://localhost:5173/src/sim/rhizome/rhizomeEngine.ts:473:38)
    at tickRhizome (http://localhost:5173/src/sim/rhizome/rhizomeEngine.ts:326:3)
    at loop (http://localhost:5173/src/ui/labs/RhizomeLab.tsx?t=1772147833677:1882:7)
  69. Page Error: n is not defined
ReferenceError: n is not defined
    at applyForces (http://localhost:5173/src/sim/rhizome/rhizomeEngine.ts:473:38)
    at tickRhizome (http://localhost:5173/src/sim/rhizome/rhizomeEngine.ts:326:3)
    at loop (http://localhost:5173/src/ui/labs/RhizomeLab.tsx?t=1772147833677:1882:7)
  70. Page Error: n is not defined
ReferenceError: n is not defined
    at applyForces (http://localhost:5173/src/sim/rhizome/rhizomeEngine.ts:473:38)
    at tickRhizome (http://localhost:5173/src/sim/rhizome/rhizomeEngine.ts:326:3)
    at loop (http://localhost:5173/src/ui/labs/RhizomeLab.tsx?t=1772147833677:1882:7)
  71. Page Error: n is not defined
ReferenceError: n is not defined
    at applyForces (http://localhost:5173/src/sim/rhizome/rhizomeEngine.ts:473:38)
    at tickRhizome (http://localhost:5173/src/sim/rhizome/rhizomeEngine.ts:326:3)
    at loop (http://localhost:5173/src/ui/labs/RhizomeLab.tsx?t=1772147833677:1882:7)
  72. Page Error: n is not defined
ReferenceError: n is not defined
    at applyForces (http://localhost:5173/src/sim/rhizome/rhizomeEngine.ts:473:38)
    at tickRhizome (http://localhost:5173/src/sim/rhizome/rhizomeEngine.ts:326:3)
    at loop (http://localhost:5173/src/ui/labs/RhizomeLab.tsx?t=1772147833677:1882:7)
  73. Page Error: n is not defined
ReferenceError: n is not defined
    at applyForces (http://localhost:5173/src/sim/rhizome/rhizomeEngine.ts:473:38)
    at tickRhizome (http://localhost:5173/src/sim/rhizome/rhizomeEngine.ts:326:3)
    at loop (http://localhost:5173/src/ui/labs/RhizomeLab.tsx?t=1772147833677:1882:7)
  74. Page Error: n is not defined
ReferenceError: n is not defined
    at applyForces (http://localhost:5173/src/sim/rhizome/rhizomeEngine.ts:473:38)
    at tickRhizome (http://localhost:5173/src/sim/rhizome/rhizomeEngine.ts:326:3)
    at loop (http://localhost:5173/src/ui/labs/RhizomeLab.tsx?t=1772147833677:1882:7)
  75. Page Error: n is not defined
ReferenceError: n is not defined
    at applyForces (http://localhost:5173/src/sim/rhizome/rhizomeEngine.ts:473:38)
    at tickRhizome (http://localhost:5173/src/sim/rhizome/rhizomeEngine.ts:326:3)
    at loop (http://localhost:5173/src/ui/labs/RhizomeLab.tsx?t=1772147833677:1882:7)
  76. Page Error: n is not defined
ReferenceError: n is not defined
    at applyForces (http://localhost:5173/src/sim/rhizome/rhizomeEngine.ts:473:38)
    at tickRhizome (http://localhost:5173/src/sim/rhizome/rhizomeEngine.ts:326:3)
    at loop (http://localhost:5173/src/ui/labs/RhizomeLab.tsx?t=1772147833677:1882:7)
  77. Page Error: n is not defined
ReferenceError: n is not defined
    at applyForces (http://localhost:5173/src/sim/rhizome/rhizomeEngine.ts:473:38)
    at tickRhizome (http://localhost:5173/src/sim/rhizome/rhizomeEngine.ts:326:3)
    at loop (http://localhost:5173/src/ui/labs/RhizomeLab.tsx?t=1772147833677:1882:7)
  78. Page Error: n is not defined
ReferenceError: n is not defined
    at applyForces (http://localhost:5173/src/sim/rhizome/rhizomeEngine.ts:473:38)
    at tickRhizome (http://localhost:5173/src/sim/rhizome/rhizomeEngine.ts:326:3)
    at loop (http://localhost:5173/src/ui/labs/RhizomeLab.tsx?t=1772147833677:1882:7)
  79. Page Error: n is not defined
ReferenceError: n is not defined
    at applyForces (http://localhost:5173/src/sim/rhizome/rhizomeEngine.ts:473:38)
    at tickRhizome (http://localhost:5173/src/sim/rhizome/rhizomeEngine.ts:326:3)
    at loop (http://localhost:5173/src/ui/labs/RhizomeLab.tsx?t=1772147833677:1882:7)
  80. Page Error: n is not defined
ReferenceError: n is not defined
    at applyForces (http://localhost:5173/src/sim/rhizome/rhizomeEngine.ts:473:38)
    at tickRhizome (http://localhost:5173/src/sim/rhizome/rhizomeEngine.ts:326:3)
    at loop (http://localhost:5173/src/ui/labs/RhizomeLab.tsx?t=1772147833677:1882:7)
  81. Page Error: n is not defined
ReferenceError: n is not defined
    at applyForces (http://localhost:5173/src/sim/rhizome/rhizomeEngine.ts:473:38)
    at tickRhizome (http://localhost:5173/src/sim/rhizome/rhizomeEngine.ts:326:3)
    at loop (http://localhost:5173/src/ui/labs/RhizomeLab.tsx?t=1772147833677:1882:7)
  82. Page Error: n is not defined
ReferenceError: n is not defined
    at applyForces (http://localhost:5173/src/sim/rhizome/rhizomeEngine.ts:473:38)
    at tickRhizome (http://localhost:5173/src/sim/rhizome/rhizomeEngine.ts:326:3)
    at loop (http://localhost:5173/src/ui/labs/RhizomeLab.tsx?t=1772147833677:1882:7)
  83. Page Error: n is not defined
ReferenceError: n is not defined
    at applyForces (http://localhost:5173/src/sim/rhizome/rhizomeEngine.ts:473:38)
    at tickRhizome (http://localhost:5173/src/sim/rhizome/rhizomeEngine.ts:326:3)
    at loop (http://localhost:5173/src/ui/labs/RhizomeLab.tsx?t=1772147833677:1882:7)
  84. Page Error: n is not defined
ReferenceError: n is not defined
    at applyForces (http://localhost:5173/src/sim/rhizome/rhizomeEngine.ts:473:38)
    at tickRhizome (http://localhost:5173/src/sim/rhizome/rhizomeEngine.ts:326:3)
    at loop (http://localhost:5173/src/ui/labs/RhizomeLab.tsx?t=1772147833677:1882:7)
  85. Page Error: n is not defined
ReferenceError: n is not defined
    at applyForces (http://localhost:5173/src/sim/rhizome/rhizomeEngine.ts:473:38)
    at tickRhizome (http://localhost:5173/src/sim/rhizome/rhizomeEngine.ts:326:3)
    at loop (http://localhost:5173/src/ui/labs/RhizomeLab.tsx?t=1772147833677:1882:7)
  86. Page Error: n is not defined
ReferenceError: n is not defined
    at applyForces (http://localhost:5173/src/sim/rhizome/rhizomeEngine.ts:473:38)
    at tickRhizome (http://localhost:5173/src/sim/rhizome/rhizomeEngine.ts:326:3)
    at loop (http://localhost:5173/src/ui/labs/RhizomeLab.tsx?t=1772147833677:1882:7)
  87. Page Error: n is not defined
ReferenceError: n is not defined
    at applyForces (http://localhost:5173/src/sim/rhizome/rhizomeEngine.ts:473:38)
    at tickRhizome (http://localhost:5173/src/sim/rhizome/rhizomeEngine.ts:326:3)
    at loop (http://localhost:5173/src/ui/labs/RhizomeLab.tsx?t=1772147833677:1882:7)
  88. Page Error: n is not defined
ReferenceError: n is not defined
    at applyForces (http://localhost:5173/src/sim/rhizome/rhizomeEngine.ts:473:38)
    at tickRhizome (http://localhost:5173/src/sim/rhizome/rhizomeEngine.ts:326:3)
    at loop (http://localhost:5173/src/ui/labs/RhizomeLab.tsx?t=1772147833677:1882:7)
  89. Page Error: n is not defined
ReferenceError: n is not defined
    at applyForces (http://localhost:5173/src/sim/rhizome/rhizomeEngine.ts:473:38)
    at tickRhizome (http://localhost:5173/src/sim/rhizome/rhizomeEngine.ts:326:3)
    at loop (http://localhost:5173/src/ui/labs/RhizomeLab.tsx?t=1772147833677:1882:7)
  90. Page Error: n is not defined
ReferenceError: n is not defined
    at applyForces (http://localhost:5173/src/sim/rhizome/rhizomeEngine.ts:473:38)
    at tickRhizome (http://localhost:5173/src/sim/rhizome/rhizomeEngine.ts:326:3)
    at loop (http://localhost:5173/src/ui/labs/RhizomeLab.tsx?t=1772147833677:1882:7)
  91. Page Error: n is not defined
ReferenceError: n is not defined
    at applyForces (http://localhost:5173/src/sim/rhizome/rhizomeEngine.ts:473:38)
    at tickRhizome (http://localhost:5173/src/sim/rhizome/rhizomeEngine.ts:326:3)
    at loop (http://localhost:5173/src/ui/labs/RhizomeLab.tsx?t=1772147833677:1882:7)
  92. Page Error: n is not defined
ReferenceError: n is not defined
    at applyForces (http://localhost:5173/src/sim/rhizome/rhizomeEngine.ts:473:38)
    at tickRhizome (http://localhost:5173/src/sim/rhizome/rhizomeEngine.ts:326:3)
    at loop (http://localhost:5173/src/ui/labs/RhizomeLab.tsx?t=1772147833677:1882:7)
  93. Page Error: n is not defined
ReferenceError: n is not defined
    at applyForces (http://localhost:5173/src/sim/rhizome/rhizomeEngine.ts:473:38)
    at tickRhizome (http://localhost:5173/src/sim/rhizome/rhizomeEngine.ts:326:3)
    at loop (http://localhost:5173/src/ui/labs/RhizomeLab.tsx?t=1772147833677:1882:7)
  94. Page Error: n is not defined
ReferenceError: n is not defined
    at applyForces (http://localhost:5173/src/sim/rhizome/rhizomeEngine.ts:473:38)
    at tickRhizome (http://localhost:5173/src/sim/rhizome/rhizomeEngine.ts:326:3)
    at loop (http://localhost:5173/src/ui/labs/RhizomeLab.tsx?t=1772147833677:1882:7)
  95. Page Error: n is not defined
ReferenceError: n is not defined
    at applyForces (http://localhost:5173/src/sim/rhizome/rhizomeEngine.ts:473:38)
    at tickRhizome (http://localhost:5173/src/sim/rhizome/rhizomeEngine.ts:326:3)
    at loop (http://localhost:5173/src/ui/labs/RhizomeLab.tsx?t=1772147833677:1882:7)
  96. Page Error: n is not defined
ReferenceError: n is not defined
    at applyForces (http://localhost:5173/src/sim/rhizome/rhizomeEngine.ts:473:38)
    at tickRhizome (http://localhost:5173/src/sim/rhizome/rhizomeEngine.ts:326:3)
    at loop (http://localhost:5173/src/ui/labs/RhizomeLab.tsx?t=1772147833677:1882:7)
  97. Page Error: n is not defined
ReferenceError: n is not defined
    at applyForces (http://localhost:5173/src/sim/rhizome/rhizomeEngine.ts:473:38)
    at tickRhizome (http://localhost:5173/src/sim/rhizome/rhizomeEngine.ts:326:3)
    at loop (http://localhost:5173/src/ui/labs/RhizomeLab.tsx?t=1772147833677:1882:7)
  98. Page Error: n is not defined
ReferenceError: n is not defined
    at applyForces (http://localhost:5173/src/sim/rhizome/rhizomeEngine.ts:473:38)
    at tickRhizome (http://localhost:5173/src/sim/rhizome/rhizomeEngine.ts:326:3)
    at loop (http://localhost:5173/src/ui/labs/RhizomeLab.tsx?t=1772147833677:1882:7)
  99. Page Error: n is not defined
ReferenceError: n is not defined
    at applyForces (http://localhost:5173/src/sim/rhizome/rhizomeEngine.ts:473:38)
    at tickRhizome (http://localhost:5173/src/sim/rhizome/rhizomeEngine.ts:326:3)
    at loop (http://localhost:5173/src/ui/labs/RhizomeLab.tsx?t=1772147833677:1882:7)
  100. Page Error: n is not defined
ReferenceError: n is not defined
    at applyForces (http://localhost:5173/src/sim/rhizome/rhizomeEngine.ts:473:38)
    at tickRhizome (http://localhost:5173/src/sim/rhizome/rhizomeEngine.ts:326:3)
    at loop (http://localhost:5173/src/ui/labs/RhizomeLab.tsx?t=1772147833677:1882:7)
  101. Page Error: n is not defined
ReferenceError: n is not defined
    at applyForces (http://localhost:5173/src/sim/rhizome/rhizomeEngine.ts:473:38)
    at tickRhizome (http://localhost:5173/src/sim/rhizome/rhizomeEngine.ts:326:3)
    at loop (http://localhost:5173/src/ui/labs/RhizomeLab.tsx?t=1772147833677:1882:7)
  102. Page Error: n is not defined
ReferenceError: n is not defined
    at applyForces (http://localhost:5173/src/sim/rhizome/rhizomeEngine.ts:473:38)
    at tickRhizome (http://localhost:5173/src/sim/rhizome/rhizomeEngine.ts:326:3)
    at loop (http://localhost:5173/src/ui/labs/RhizomeLab.tsx?t=1772147833677:1882:7)
  103. Page Error: n is not defined
ReferenceError: n is not defined
    at applyForces (http://localhost:5173/src/sim/rhizome/rhizomeEngine.ts:473:38)
    at tickRhizome (http://localhost:5173/src/sim/rhizome/rhizomeEngine.ts:326:3)
    at loop (http://localhost:5173/src/ui/labs/RhizomeLab.tsx?t=1772147833677:1882:7)
  104. Page Error: n is not defined
ReferenceError: n is not defined
    at applyForces (http://localhost:5173/src/sim/rhizome/rhizomeEngine.ts:473:38)
    at tickRhizome (http://localhost:5173/src/sim/rhizome/rhizomeEngine.ts:326:3)
    at loop (http://localhost:5173/src/ui/labs/RhizomeLab.tsx?t=1772147833677:1882:7)
  105. Page Error: n is not defined
ReferenceError: n is not defined
    at applyForces (http://localhost:5173/src/sim/rhizome/rhizomeEngine.ts:473:38)
    at tickRhizome (http://localhost:5173/src/sim/rhizome/rhizomeEngine.ts:326:3)
    at loop (http://localhost:5173/src/ui/labs/RhizomeLab.tsx?t=1772147833677:1882:7)
  106. Page Error: n is not defined
ReferenceError: n is not defined
    at applyForces (http://localhost:5173/src/sim/rhizome/rhizomeEngine.ts:473:38)
    at tickRhizome (http://localhost:5173/src/sim/rhizome/rhizomeEngine.ts:326:3)
    at loop (http://localhost:5173/src/ui/labs/RhizomeLab.tsx?t=1772147833677:1882:7)
  107. Page Error: n is not defined
ReferenceError: n is not defined
    at applyForces (http://localhost:5173/src/sim/rhizome/rhizomeEngine.ts:473:38)
    at tickRhizome (http://localhost:5173/src/sim/rhizome/rhizomeEngine.ts:326:3)
    at loop (http://localhost:5173/src/ui/labs/RhizomeLab.tsx?t=1772147833677:1882:7)
  108. Page Error: n is not defined
ReferenceError: n is not defined
    at applyForces (http://localhost:5173/src/sim/rhizome/rhizomeEngine.ts:473:38)
    at tickRhizome (http://localhost:5173/src/sim/rhizome/rhizomeEngine.ts:326:3)
    at loop (http://localhost:5173/src/ui/labs/RhizomeLab.tsx?t=1772147833677:1882:7)
  109. Page Error: n is not defined
ReferenceError: n is not defined
    at applyForces (http://localhost:5173/src/sim/rhizome/rhizomeEngine.ts:473:38)
    at tickRhizome (http://localhost:5173/src/sim/rhizome/rhizomeEngine.ts:326:3)
    at loop (http://localhost:5173/src/ui/labs/RhizomeLab.tsx?t=1772147833677:1882:7)
  110. Page Error: n is not defined
ReferenceError: n is not defined
    at applyForces (http://localhost:5173/src/sim/rhizome/rhizomeEngine.ts:473:38)
    at tickRhizome (http://localhost:5173/src/sim/rhizome/rhizomeEngine.ts:326:3)
    at loop (http://localhost:5173/src/ui/labs/RhizomeLab.tsx?t=1772147833677:1882:7)
  111. Page Error: n is not defined
ReferenceError: n is not defined
    at applyForces (http://localhost:5173/src/sim/rhizome/rhizomeEngine.ts:473:38)
    at tickRhizome (http://localhost:5173/src/sim/rhizome/rhizomeEngine.ts:326:3)
    at loop (http://localhost:5173/src/ui/labs/RhizomeLab.tsx?t=1772147833677:1882:7)
  112. Page Error: n is not defined
ReferenceError: n is not defined
    at applyForces (http://localhost:5173/src/sim/rhizome/rhizomeEngine.ts:473:38)
    at tickRhizome (http://localhost:5173/src/sim/rhizome/rhizomeEngine.ts:326:3)
    at loop (http://localhost:5173/src/ui/labs/RhizomeLab.tsx?t=1772147833677:1882:7)
  113. Page Error: n is not defined
ReferenceError: n is not defined
    at applyForces (http://localhost:5173/src/sim/rhizome/rhizomeEngine.ts:473:38)
    at tickRhizome (http://localhost:5173/src/sim/rhizome/rhizomeEngine.ts:326:3)
    at loop (http://localhost:5173/src/ui/labs/RhizomeLab.tsx?t=1772147833677:1882:7)
  114. Page Error: n is not defined
ReferenceError: n is not defined
    at applyForces (http://localhost:5173/src/sim/rhizome/rhizomeEngine.ts:473:38)
    at tickRhizome (http://localhost:5173/src/sim/rhizome/rhizomeEngine.ts:326:3)
    at loop (http://localhost:5173/src/ui/labs/RhizomeLab.tsx?t=1772147833677:1882:7)
  115. Page Error: n is not defined
ReferenceError: n is not defined
    at applyForces (http://localhost:5173/src/sim/rhizome/rhizomeEngine.ts:473:38)
    at tickRhizome (http://localhost:5173/src/sim/rhizome/rhizomeEngine.ts:326:3)
    at loop (http://localhost:5173/src/ui/labs/RhizomeLab.tsx?t=1772147833677:1882:7)
  116. Page Error: n is not defined
ReferenceError: n is not defined
    at applyForces (http://localhost:5173/src/sim/rhizome/rhizomeEngine.ts:473:38)
    at tickRhizome (http://localhost:5173/src/sim/rhizome/rhizomeEngine.ts:326:3)
    at loop (http://localhost:5173/src/ui/labs/RhizomeLab.tsx?t=1772147833677:1882:7)
  117. Page Error: n is not defined
ReferenceError: n is not defined
    at applyForces (http://localhost:5173/src/sim/rhizome/rhizomeEngine.ts:473:38)
    at tickRhizome (http://localhost:5173/src/sim/rhizome/rhizomeEngine.ts:326:3)
    at loop (http://localhost:5173/src/ui/labs/RhizomeLab.tsx?t=1772147833677:1882:7)
  118. Page Error: n is not defined
ReferenceError: n is not defined
    at applyForces (http://localhost:5173/src/sim/rhizome/rhizomeEngine.ts:473:38)
    at tickRhizome (http://localhost:5173/src/sim/rhizome/rhizomeEngine.ts:326:3)
    at loop (http://localhost:5173/src/ui/labs/RhizomeLab.tsx?t=1772147833677:1882:7)
  119. Page Error: n is not defined
ReferenceError: n is not defined
    at applyForces (http://localhost:5173/src/sim/rhizome/rhizomeEngine.ts:473:38)
    at tickRhizome (http://localhost:5173/src/sim/rhizome/rhizomeEngine.ts:326:3)
    at loop (http://localhost:5173/src/ui/labs/RhizomeLab.tsx?t=1772147833677:1882:7)
  120. Page Error: n is not defined
ReferenceError: n is not defined
    at applyForces (http://localhost:5173/src/sim/rhizome/rhizomeEngine.ts:473:38)
    at tickRhizome (http://localhost:5173/src/sim/rhizome/rhizomeEngine.ts:326:3)
    at loop (http://localhost:5173/src/ui/labs/RhizomeLab.tsx?t=1772147833677:1882:7)
  121. Page Error: n is not defined
ReferenceError: n is not defined
    at applyForces (http://localhost:5173/src/sim/rhizome/rhizomeEngine.ts:473:38)
    at tickRhizome (http://localhost:5173/src/sim/rhizome/rhizomeEngine.ts:326:3)
    at loop (http://localhost:5173/src/ui/labs/RhizomeLab.tsx?t=1772147833677:1882:7)
  122. Page Error: n is not defined
ReferenceError: n is not defined
    at applyForces (http://localhost:5173/src/sim/rhizome/rhizomeEngine.ts:473:38)
    at tickRhizome (http://localhost:5173/src/sim/rhizome/rhizomeEngine.ts:326:3)
    at loop (http://localhost:5173/src/ui/labs/RhizomeLab.tsx?t=1772147833677:1882:7)
  123. Page Error: n is not defined
ReferenceError: n is not defined
    at applyForces (http://localhost:5173/src/sim/rhizome/rhizomeEngine.ts:473:38)
    at tickRhizome (http://localhost:5173/src/sim/rhizome/rhizomeEngine.ts:326:3)
    at loop (http://localhost:5173/src/ui/labs/RhizomeLab.tsx?t=1772147833677:1882:7)
  124. Page Error: n is not defined
ReferenceError: n is not defined
    at applyForces (http://localhost:5173/src/sim/rhizome/rhizomeEngine.ts:473:38)
    at tickRhizome (http://localhost:5173/src/sim/rhizome/rhizomeEngine.ts:326:3)
    at loop (http://localhost:5173/src/ui/labs/RhizomeLab.tsx?t=1772147833677:1882:7)
  125. Page Error: n is not defined
ReferenceError: n is not defined
    at applyForces (http://localhost:5173/src/sim/rhizome/rhizomeEngine.ts:473:38)
    at tickRhizome (http://localhost:5173/src/sim/rhizome/rhizomeEngine.ts:326:3)
    at loop (http://localhost:5173/src/ui/labs/RhizomeLab.tsx?t=1772147833677:1882:7)
  126. Page Error: n is not defined
ReferenceError: n is not defined
    at applyForces (http://localhost:5173/src/sim/rhizome/rhizomeEngine.ts:473:38)
    at tickRhizome (http://localhost:5173/src/sim/rhizome/rhizomeEngine.ts:326:3)
    at loop (http://localhost:5173/src/ui/labs/RhizomeLab.tsx?t=1772147833677:1882:7)
  127. Page Error: n is not defined
ReferenceError: n is not defined
    at applyForces (http://localhost:5173/src/sim/rhizome/rhizomeEngine.ts:473:38)
    at tickRhizome (http://localhost:5173/src/sim/rhizome/rhizomeEngine.ts:326:3)
    at loop (http://localhost:5173/src/ui/labs/RhizomeLab.tsx?t=1772147833677:1882:7)
  128. Page Error: n is not defined
ReferenceError: n is not defined
    at applyForces (http://localhost:5173/src/sim/rhizome/rhizomeEngine.ts:473:38)
    at tickRhizome (http://localhost:5173/src/sim/rhizome/rhizomeEngine.ts:326:3)
    at loop (http://localhost:5173/src/ui/labs/RhizomeLab.tsx?t=1772147833677:1882:7)
  129. Page Error: n is not defined
ReferenceError: n is not defined
    at applyForces (http://localhost:5173/src/sim/rhizome/rhizomeEngine.ts:473:38)
    at tickRhizome (http://localhost:5173/src/sim/rhizome/rhizomeEngine.ts:326:3)
    at loop (http://localhost:5173/src/ui/labs/RhizomeLab.tsx?t=1772147833677:1882:7)
  130. Page Error: n is not defined
ReferenceError: n is not defined
    at applyForces (http://localhost:5173/src/sim/rhizome/rhizomeEngine.ts:473:38)
    at tickRhizome (http://localhost:5173/src/sim/rhizome/rhizomeEngine.ts:326:3)
    at loop (http://localhost:5173/src/ui/labs/RhizomeLab.tsx?t=1772147833677:1882:7)
  131. Page Error: n is not defined
ReferenceError: n is not defined
    at applyForces (http://localhost:5173/src/sim/rhizome/rhizomeEngine.ts:473:38)
    at tickRhizome (http://localhost:5173/src/sim/rhizome/rhizomeEngine.ts:326:3)
    at loop (http://localhost:5173/src/ui/labs/RhizomeLab.tsx?t=1772147833677:1882:7)
  132. Page Error: n is not defined
ReferenceError: n is not defined
    at applyForces (http://localhost:5173/src/sim/rhizome/rhizomeEngine.ts:473:38)
    at tickRhizome (http://localhost:5173/src/sim/rhizome/rhizomeEngine.ts:326:3)
    at loop (http://localhost:5173/src/ui/labs/RhizomeLab.tsx?t=1772147833677:1882:7)
  133. Page Error: n is not defined
ReferenceError: n is not defined
    at applyForces (http://localhost:5173/src/sim/rhizome/rhizomeEngine.ts:473:38)
    at tickRhizome (http://localhost:5173/src/sim/rhizome/rhizomeEngine.ts:326:3)
    at loop (http://localhost:5173/src/ui/labs/RhizomeLab.tsx?t=1772147833677:1882:7)
  134. Page Error: n is not defined
ReferenceError: n is not defined
    at applyForces (http://localhost:5173/src/sim/rhizome/rhizomeEngine.ts:473:38)
    at tickRhizome (http://localhost:5173/src/sim/rhizome/rhizomeEngine.ts:326:3)
    at loop (http://localhost:5173/src/ui/labs/RhizomeLab.tsx?t=1772147833677:1882:7)
  135. Page Error: n is not defined
ReferenceError: n is not defined
    at applyForces (http://localhost:5173/src/sim/rhizome/rhizomeEngine.ts:473:38)
    at tickRhizome (http://localhost:5173/src/sim/rhizome/rhizomeEngine.ts:326:3)
    at loop (http://localhost:5173/src/ui/labs/RhizomeLab.tsx?t=1772147833677:1882:7)
  136. Page Error: n is not defined
ReferenceError: n is not defined
    at applyForces (http://localhost:5173/src/sim/rhizome/rhizomeEngine.ts:473:38)
    at tickRhizome (http://localhost:5173/src/sim/rhizome/rhizomeEngine.ts:326:3)
    at loop (http://localhost:5173/src/ui/labs/RhizomeLab.tsx?t=1772147833677:1882:7)
  137. Page Error: n is not defined
ReferenceError: n is not defined
    at applyForces (http://localhost:5173/src/sim/rhizome/rhizomeEngine.ts:473:38)
    at tickRhizome (http://localhost:5173/src/sim/rhizome/rhizomeEngine.ts:326:3)
    at loop (http://localhost:5173/src/ui/labs/RhizomeLab.tsx?t=1772147833677:1882:7)
  138. Page Error: n is not defined
ReferenceError: n is not defined
    at applyForces (http://localhost:5173/src/sim/rhizome/rhizomeEngine.ts:473:38)
    at tickRhizome (http://localhost:5173/src/sim/rhizome/rhizomeEngine.ts:326:3)
    at loop (http://localhost:5173/src/ui/labs/RhizomeLab.tsx?t=1772147833677:1882:7)
  139. Page Error: n is not defined
ReferenceError: n is not defined
    at applyForces (http://localhost:5173/src/sim/rhizome/rhizomeEngine.ts:473:38)
    at tickRhizome (http://localhost:5173/src/sim/rhizome/rhizomeEngine.ts:326:3)
    at loop (http://localhost:5173/src/ui/labs/RhizomeLab.tsx?t=1772147833677:1882:7)
  140. Page Error: n is not defined
ReferenceError: n is not defined
    at applyForces (http://localhost:5173/src/sim/rhizome/rhizomeEngine.ts:473:38)
    at tickRhizome (http://localhost:5173/src/sim/rhizome/rhizomeEngine.ts:326:3)
    at loop (http://localhost:5173/src/ui/labs/RhizomeLab.tsx?t=1772147833677:1882:7)
  141. Page Error: n is not defined
ReferenceError: n is not defined
    at applyForces (http://localhost:5173/src/sim/rhizome/rhizomeEngine.ts:473:38)
    at tickRhizome (http://localhost:5173/src/sim/rhizome/rhizomeEngine.ts:326:3)
    at loop (http://localhost:5173/src/ui/labs/RhizomeLab.tsx?t=1772147833677:1882:7)
  142. Page Error: n is not defined
ReferenceError: n is not defined
    at applyForces (http://localhost:5173/src/sim/rhizome/rhizomeEngine.ts:473:38)
    at tickRhizome (http://localhost:5173/src/sim/rhizome/rhizomeEngine.ts:326:3)
    at loop (http://localhost:5173/src/ui/labs/RhizomeLab.tsx?t=1772147833677:1882:7)
  143. Page Error: n is not defined
ReferenceError: n is not defined
    at applyForces (http://localhost:5173/src/sim/rhizome/rhizomeEngine.ts:473:38)
    at tickRhizome (http://localhost:5173/src/sim/rhizome/rhizomeEngine.ts:326:3)
    at loop (http://localhost:5173/src/ui/labs/RhizomeLab.tsx?t=1772147833677:1882:7)
  144. Page Error: n is not defined
ReferenceError: n is not defined
    at applyForces (http://localhost:5173/src/sim/rhizome/rhizomeEngine.ts:473:38)
    at tickRhizome (http://localhost:5173/src/sim/rhizome/rhizomeEngine.ts:326:3)
    at loop (http://localhost:5173/src/ui/labs/RhizomeLab.tsx?t=1772147833677:1882:7)
  145. Page Error: n is not defined
ReferenceError: n is not defined
    at applyForces (http://localhost:5173/src/sim/rhizome/rhizomeEngine.ts:473:38)
    at tickRhizome (http://localhost:5173/src/sim/rhizome/rhizomeEngine.ts:326:3)
    at loop (http://localhost:5173/src/ui/labs/RhizomeLab.tsx?t=1772147833677:1882:7)
  146. Page Error: n is not defined
ReferenceError: n is not defined
    at applyForces (http://localhost:5173/src/sim/rhizome/rhizomeEngine.ts:473:38)
    at tickRhizome (http://localhost:5173/src/sim/rhizome/rhizomeEngine.ts:326:3)
    at loop (http://localhost:5173/src/ui/labs/RhizomeLab.tsx?t=1772147833677:1882:7)
  147. Page Error: n is not defined
ReferenceError: n is not defined
    at applyForces (http://localhost:5173/src/sim/rhizome/rhizomeEngine.ts:473:38)
    at tickRhizome (http://localhost:5173/src/sim/rhizome/rhizomeEngine.ts:326:3)
    at loop (http://localhost:5173/src/ui/labs/RhizomeLab.tsx?t=1772147833677:1882:7)
  148. Page Error: n is not defined
ReferenceError: n is not defined
    at applyForces (http://localhost:5173/src/sim/rhizome/rhizomeEngine.ts:473:38)
    at tickRhizome (http://localhost:5173/src/sim/rhizome/rhizomeEngine.ts:326:3)
    at loop (http://localhost:5173/src/ui/labs/RhizomeLab.tsx?t=1772147833677:1882:7)
  149. Page Error: n is not defined
ReferenceError: n is not defined
    at applyForces (http://localhost:5173/src/sim/rhizome/rhizomeEngine.ts:473:38)
    at tickRhizome (http://localhost:5173/src/sim/rhizome/rhizomeEngine.ts:326:3)
    at loop (http://localhost:5173/src/ui/labs/RhizomeLab.tsx?t=1772147833677:1882:7)
  150. Page Error: n is not defined
ReferenceError: n is not defined
    at applyForces (http://localhost:5173/src/sim/rhizome/rhizomeEngine.ts:473:38)
    at tickRhizome (http://localhost:5173/src/sim/rhizome/rhizomeEngine.ts:326:3)
    at loop (http://localhost:5173/src/ui/labs/RhizomeLab.tsx?t=1772147833677:1882:7)
  151. Page Error: n is not defined
ReferenceError: n is not defined
    at applyForces (http://localhost:5173/src/sim/rhizome/rhizomeEngine.ts:473:38)
    at tickRhizome (http://localhost:5173/src/sim/rhizome/rhizomeEngine.ts:326:3)
    at loop (http://localhost:5173/src/ui/labs/RhizomeLab.tsx?t=1772147833677:1882:7)
  152. Page Error: n is not defined
ReferenceError: n is not defined
    at applyForces (http://localhost:5173/src/sim/rhizome/rhizomeEngine.ts:473:38)
    at tickRhizome (http://localhost:5173/src/sim/rhizome/rhizomeEngine.ts:326:3)
    at loop (http://localhost:5173/src/ui/labs/RhizomeLab.tsx?t=1772147833677:1882:7)
  153. Page Error: n is not defined
ReferenceError: n is not defined
    at applyForces (http://localhost:5173/src/sim/rhizome/rhizomeEngine.ts:473:38)
    at tickRhizome (http://localhost:5173/src/sim/rhizome/rhizomeEngine.ts:326:3)
    at loop (http://localhost:5173/src/ui/labs/RhizomeLab.tsx?t=1772147833677:1882:7)
  154. Page Error: n is not defined
ReferenceError: n is not defined
    at applyForces (http://localhost:5173/src/sim/rhizome/rhizomeEngine.ts:473:38)
    at tickRhizome (http://localhost:5173/src/sim/rhizome/rhizomeEngine.ts:326:3)
    at loop (http://localhost:5173/src/ui/labs/RhizomeLab.tsx?t=1772147833677:1882:7)
  155. Page Error: n is not defined
ReferenceError: n is not defined
    at applyForces (http://localhost:5173/src/sim/rhizome/rhizomeEngine.ts:473:38)
    at tickRhizome (http://localhost:5173/src/sim/rhizome/rhizomeEngine.ts:326:3)
    at loop (http://localhost:5173/src/ui/labs/RhizomeLab.tsx?t=1772147833677:1882:7)
  156. Page Error: n is not defined
ReferenceError: n is not defined
    at applyForces (http://localhost:5173/src/sim/rhizome/rhizomeEngine.ts:473:38)
    at tickRhizome (http://localhost:5173/src/sim/rhizome/rhizomeEngine.ts:326:3)
    at loop (http://localhost:5173/src/ui/labs/RhizomeLab.tsx?t=1772147833677:1882:7)
  157. Page Error: n is not defined
ReferenceError: n is not defined
    at applyForces (http://localhost:5173/src/sim/rhizome/rhizomeEngine.ts:473:38)
    at tickRhizome (http://localhost:5173/src/sim/rhizome/rhizomeEngine.ts:326:3)
    at loop (http://localhost:5173/src/ui/labs/RhizomeLab.tsx?t=1772147833677:1882:7)
  158. Page Error: n is not defined
ReferenceError: n is not defined
    at applyForces (http://localhost:5173/src/sim/rhizome/rhizomeEngine.ts:473:38)
    at tickRhizome (http://localhost:5173/src/sim/rhizome/rhizomeEngine.ts:326:3)
    at loop (http://localhost:5173/src/ui/labs/RhizomeLab.tsx?t=1772147833677:1882:7)
  159. Page Error: n is not defined
ReferenceError: n is not defined
    at applyForces (http://localhost:5173/src/sim/rhizome/rhizomeEngine.ts:473:38)
    at tickRhizome (http://localhost:5173/src/sim/rhizome/rhizomeEngine.ts:326:3)
    at loop (http://localhost:5173/src/ui/labs/RhizomeLab.tsx?t=1772147833677:1882:7)
  160. Page Error: n is not defined
ReferenceError: n is not defined
    at applyForces (http://localhost:5173/src/sim/rhizome/rhizomeEngine.ts:473:38)
    at tickRhizome (http://localhost:5173/src/sim/rhizome/rhizomeEngine.ts:326:3)
    at loop (http://localhost:5173/src/ui/labs/RhizomeLab.tsx?t=1772147833677:1882:7)
  161. Page Error: n is not defined
ReferenceError: n is not defined
    at applyForces (http://localhost:5173/src/sim/rhizome/rhizomeEngine.ts:473:38)
    at tickRhizome (http://localhost:5173/src/sim/rhizome/rhizomeEngine.ts:326:3)
    at loop (http://localhost:5173/src/ui/labs/RhizomeLab.tsx?t=1772147833677:1882:7)
  162. Page Error: n is not defined
ReferenceError: n is not defined
    at applyForces (http://localhost:5173/src/sim/rhizome/rhizomeEngine.ts:473:38)
    at tickRhizome (http://localhost:5173/src/sim/rhizome/rhizomeEngine.ts:326:3)
    at loop (http://localhost:5173/src/ui/labs/RhizomeLab.tsx?t=1772147833677:1882:7)
  163. Page Error: n is not defined
ReferenceError: n is not defined
    at applyForces (http://localhost:5173/src/sim/rhizome/rhizomeEngine.ts:473:38)
    at tickRhizome (http://localhost:5173/src/sim/rhizome/rhizomeEngine.ts:326:3)
    at loop (http://localhost:5173/src/ui/labs/RhizomeLab.tsx?t=1772147833677:1882:7)
  164. Page Error: n is not defined
ReferenceError: n is not defined
    at applyForces (http://localhost:5173/src/sim/rhizome/rhizomeEngine.ts:473:38)
    at tickRhizome (http://localhost:5173/src/sim/rhizome/rhizomeEngine.ts:326:3)
    at loop (http://localhost:5173/src/ui/labs/RhizomeLab.tsx?t=1772147833677:1882:7)
  165. Page Error: n is not defined
ReferenceError: n is not defined
    at applyForces (http://localhost:5173/src/sim/rhizome/rhizomeEngine.ts:473:38)
    at tickRhizome (http://localhost:5173/src/sim/rhizome/rhizomeEngine.ts:326:3)
    at loop (http://localhost:5173/src/ui/labs/RhizomeLab.tsx?t=1772147833677:1882:7)
  166. Page Error: n is not defined
ReferenceError: n is not defined
    at applyForces (http://localhost:5173/src/sim/rhizome/rhizomeEngine.ts:473:38)
    at tickRhizome (http://localhost:5173/src/sim/rhizome/rhizomeEngine.ts:326:3)
    at loop (http://localhost:5173/src/ui/labs/RhizomeLab.tsx?t=1772147833677:1882:7)
  167. Page Error: n is not defined
ReferenceError: n is not defined
    at applyForces (http://localhost:5173/src/sim/rhizome/rhizomeEngine.ts:473:38)
    at tickRhizome (http://localhost:5173/src/sim/rhizome/rhizomeEngine.ts:326:3)
    at loop (http://localhost:5173/src/ui/labs/RhizomeLab.tsx?t=1772147833677:1882:7)
  168. Page Error: n is not defined
ReferenceError: n is not defined
    at applyForces (http://localhost:5173/src/sim/rhizome/rhizomeEngine.ts:473:38)
    at tickRhizome (http://localhost:5173/src/sim/rhizome/rhizomeEngine.ts:326:3)
    at loop (http://localhost:5173/src/ui/labs/RhizomeLab.tsx?t=1772147833677:1882:7)
  169. Page Error: n is not defined
ReferenceError: n is not defined
    at applyForces (http://localhost:5173/src/sim/rhizome/rhizomeEngine.ts:473:38)
    at tickRhizome (http://localhost:5173/src/sim/rhizome/rhizomeEngine.ts:326:3)
    at loop (http://localhost:5173/src/ui/labs/RhizomeLab.tsx?t=1772147833677:1882:7)
  170. Page Error: n is not defined
ReferenceError: n is not defined
    at applyForces (http://localhost:5173/src/sim/rhizome/rhizomeEngine.ts:473:38)
    at tickRhizome (http://localhost:5173/src/sim/rhizome/rhizomeEngine.ts:326:3)
    at loop (http://localhost:5173/src/ui/labs/RhizomeLab.tsx?t=1772147833677:1882:7)
  171. Page Error: n is not defined
ReferenceError: n is not defined
    at applyForces (http://localhost:5173/src/sim/rhizome/rhizomeEngine.ts:473:38)
    at tickRhizome (http://localhost:5173/src/sim/rhizome/rhizomeEngine.ts:326:3)
    at loop (http://localhost:5173/src/ui/labs/RhizomeLab.tsx?t=1772147833677:1882:7)
  172. Page Error: n is not defined
ReferenceError: n is not defined
    at applyForces (http://localhost:5173/src/sim/rhizome/rhizomeEngine.ts:473:38)
    at tickRhizome (http://localhost:5173/src/sim/rhizome/rhizomeEngine.ts:326:3)
    at loop (http://localhost:5173/src/ui/labs/RhizomeLab.tsx?t=1772147833677:1882:7)
  173. Page Error: n is not defined
ReferenceError: n is not defined
    at applyForces (http://localhost:5173/src/sim/rhizome/rhizomeEngine.ts:473:38)
    at tickRhizome (http://localhost:5173/src/sim/rhizome/rhizomeEngine.ts:326:3)
    at loop (http://localhost:5173/src/ui/labs/RhizomeLab.tsx?t=1772147833677:1882:7)
  174. Page Error: n is not defined
ReferenceError: n is not defined
    at applyForces (http://localhost:5173/src/sim/rhizome/rhizomeEngine.ts:473:38)
    at tickRhizome (http://localhost:5173/src/sim/rhizome/rhizomeEngine.ts:326:3)
    at loop (http://localhost:5173/src/ui/labs/RhizomeLab.tsx?t=1772147833677:1882:7)
  175. Page Error: n is not defined
ReferenceError: n is not defined
    at applyForces (http://localhost:5173/src/sim/rhizome/rhizomeEngine.ts:473:38)
    at tickRhizome (http://localhost:5173/src/sim/rhizome/rhizomeEngine.ts:326:3)
    at loop (http://localhost:5173/src/ui/labs/RhizomeLab.tsx?t=1772147833677:1882:7)
  176. Page Error: n is not defined
ReferenceError: n is not defined
    at applyForces (http://localhost:5173/src/sim/rhizome/rhizomeEngine.ts:473:38)
    at tickRhizome (http://localhost:5173/src/sim/rhizome/rhizomeEngine.ts:326:3)
    at loop (http://localhost:5173/src/ui/labs/RhizomeLab.tsx?t=1772147833677:1882:7)
  177. Page Error: n is not defined
ReferenceError: n is not defined
    at applyForces (http://localhost:5173/src/sim/rhizome/rhizomeEngine.ts:473:38)
    at tickRhizome (http://localhost:5173/src/sim/rhizome/rhizomeEngine.ts:326:3)
    at loop (http://localhost:5173/src/ui/labs/RhizomeLab.tsx?t=1772147833677:1882:7)
  178. Page Error: n is not defined
ReferenceError: n is not defined
    at applyForces (http://localhost:5173/src/sim/rhizome/rhizomeEngine.ts:473:38)
    at tickRhizome (http://localhost:5173/src/sim/rhizome/rhizomeEngine.ts:326:3)
    at loop (http://localhost:5173/src/ui/labs/RhizomeLab.tsx?t=1772147833677:1882:7)
  179. Page Error: n is not defined
ReferenceError: n is not defined
    at applyForces (http://localhost:5173/src/sim/rhizome/rhizomeEngine.ts:473:38)
    at tickRhizome (http://localhost:5173/src/sim/rhizome/rhizomeEngine.ts:326:3)
    at loop (http://localhost:5173/src/ui/labs/RhizomeLab.tsx?t=1772147833677:1882:7)
  180. Page Error: n is not defined
ReferenceError: n is not defined
    at applyForces (http://localhost:5173/src/sim/rhizome/rhizomeEngine.ts:473:38)
    at tickRhizome (http://localhost:5173/src/sim/rhizome/rhizomeEngine.ts:326:3)
    at loop (http://localhost:5173/src/ui/labs/RhizomeLab.tsx?t=1772147833677:1882:7)
  181. Page Error: n is not defined
ReferenceError: n is not defined
    at applyForces (http://localhost:5173/src/sim/rhizome/rhizomeEngine.ts:473:38)
    at tickRhizome (http://localhost:5173/src/sim/rhizome/rhizomeEngine.ts:326:3)
    at loop (http://localhost:5173/src/ui/labs/RhizomeLab.tsx?t=1772147833677:1882:7)
  182. Page Error: n is not defined
ReferenceError: n is not defined
    at applyForces (http://localhost:5173/src/sim/rhizome/rhizomeEngine.ts:473:38)
    at tickRhizome (http://localhost:5173/src/sim/rhizome/rhizomeEngine.ts:326:3)
    at loop (http://localhost:5173/src/ui/labs/RhizomeLab.tsx?t=1772147833677:1882:7)
  183. Page Error: n is not defined
ReferenceError: n is not defined
    at applyForces (http://localhost:5173/src/sim/rhizome/rhizomeEngine.ts:473:38)
    at tickRhizome (http://localhost:5173/src/sim/rhizome/rhizomeEngine.ts:326:3)
    at loop (http://localhost:5173/src/ui/labs/RhizomeLab.tsx?t=1772147833677:1882:7)
  184. Page Error: n is not defined
ReferenceError: n is not defined
    at applyForces (http://localhost:5173/src/sim/rhizome/rhizomeEngine.ts:473:38)
    at tickRhizome (http://localhost:5173/src/sim/rhizome/rhizomeEngine.ts:326:3)
    at loop (http://localhost:5173/src/ui/labs/RhizomeLab.tsx?t=1772147833677:1882:7)
  185. Page Error: n is not defined
ReferenceError: n is not defined
    at applyForces (http://localhost:5173/src/sim/rhizome/rhizomeEngine.ts:473:38)
    at tickRhizome (http://localhost:5173/src/sim/rhizome/rhizomeEngine.ts:326:3)
    at loop (http://localhost:5173/src/ui/labs/RhizomeLab.tsx?t=1772147833677:1882:7)
  186. Page Error: n is not defined
ReferenceError: n is not defined
    at applyForces (http://localhost:5173/src/sim/rhizome/rhizomeEngine.ts:473:38)
    at tickRhizome (http://localhost:5173/src/sim/rhizome/rhizomeEngine.ts:326:3)
    at loop (http://localhost:5173/src/ui/labs/RhizomeLab.tsx?t=1772147833677:1882:7)
  187. Page Error: n is not defined
ReferenceError: n is not defined
    at applyForces (http://localhost:5173/src/sim/rhizome/rhizomeEngine.ts:473:38)
    at tickRhizome (http://localhost:5173/src/sim/rhizome/rhizomeEngine.ts:326:3)
    at loop (http://localhost:5173/src/ui/labs/RhizomeLab.tsx?t=1772147833677:1882:7)
  188. Page Error: n is not defined
ReferenceError: n is not defined
    at applyForces (http://localhost:5173/src/sim/rhizome/rhizomeEngine.ts:473:38)
    at tickRhizome (http://localhost:5173/src/sim/rhizome/rhizomeEngine.ts:326:3)
    at loop (http://localhost:5173/src/ui/labs/RhizomeLab.tsx?t=1772147833677:1882:7)
  189. Page Error: n is not defined
ReferenceError: n is not defined
    at applyForces (http://localhost:5173/src/sim/rhizome/rhizomeEngine.ts:473:38)
    at tickRhizome (http://localhost:5173/src/sim/rhizome/rhizomeEngine.ts:326:3)
    at loop (http://localhost:5173/src/ui/labs/RhizomeLab.tsx?t=1772147833677:1882:7)
  190. Page Error: n is not defined
ReferenceError: n is not defined
    at applyForces (http://localhost:5173/src/sim/rhizome/rhizomeEngine.ts:473:38)
    at tickRhizome (http://localhost:5173/src/sim/rhizome/rhizomeEngine.ts:326:3)
    at loop (http://localhost:5173/src/ui/labs/RhizomeLab.tsx?t=1772147833677:1882:7)

=== Console messages (last 20) ===
[debug] [vite] connecting...
[debug] [vite] connected.
[info] %cDownload the React DevTools for a better development experience: https://reactjs.org/link/react-devtools font-weight:bold
[warning] [Renderer3D] WebGL unavailable
[log] 🎨 Random palette seed set to: 1772148741299
[warning] [Renderer3D] WebGL unavailable
[warning] [Renderer3D] WebGL unavailable
[log] 🎨 Random palette seed set to: 1772148741299
[warning] [Renderer3D] WebGL unavailable

=== STEP 7: Execute canvas state check ===

=== STEP 8: Canvas State Info ===
[
  {
    "index": 0,
    "width": 300,
    "height": 150,
    "cssWidth": 1280,
    "cssHeight": 720,
    "hasPixels": false,
    "display": "",
    "parentTag": "DIV",
    "visibility": "visible",
    "opacity": "1"
  },
  {
    "index": 1,
    "width": 300,
    "height": 150,
    "cssWidth": 1280,
    "cssHeight": 720,
    "hasPixels": false,
    "display": "",
    "parentTag": "DIV",
    "visibility": "visible",
    "opacity": "1"
  },
  {
    "index": 2,
    "width": 300,
    "height": 150,
    "cssWidth": 0,
    "cssHeight": 0,
    "hasPixels": false,
    "display": "none",
    "parentTag": "DIV",
    "visibility": "visible",
    "opacity": "1"
  },
  {
    "index": 3,
    "width": 300,
    "height": 150,
    "cssWidth": 0,
    "cssHeight": 0,
    "hasPixels": false,
    "display": "block",
    "parentTag": "DIV",
    "visibility": "visible",
    "opacity": "1"
  },
  {
    "index": 4,
    "width": 300,
    "height": 150,
    "cssWidth": 0,
    "cssHeight": 0,
    "hasPixels": false,
    "display": "none",
    "parentTag": "DIV",
    "visibility": "visible",
    "opacity": "1"
  },
  {
    "index": 5,
    "width": 300,
    "height": 150,
    "cssWidth": 0,
    "cssHeight": 0,
    "hasPixels": false,
    "display": "block",
    "parentTag": "DIV",
    "visibility": "visible",
    "opacity": "1"
  },
  {
    "index": 6,
    "width": 300,
    "height": 150,
    "cssWidth": 0,
    "cssHeight": 0,
    "hasPixels": false,
    "display": "",
    "parentTag": "DIV",
    "visibility": "visible",
    "opacity": "1"
  },
  {
    "index": 7,
    "width": 1030,
    "height": 684,
    "cssWidth": 1030,
    "cssHeight": 684,
    "hasPixels": false,
    "display": "block",
    "parentTag": "DIV",
    "visibility": "visible",
    "opacity": "1"
  },
  {
    "index": 8,
    "width": 300,
    "height": 150,
    "cssWidth": 0,
    "cssHeight": 0,
    "hasPixels": false,
    "display": "",
    "parentTag": "DIV",
    "visibility": "visible",
    "opacity": "1"
  }
]

=== STEP 9: Additional canvas check ===
Canvas 0: 300x150 css=1280x720 visible=true
Canvas 1: 300x150 css=1280x720 visible=true
Canvas 2: 300x150 css=0x0 visible=false
Canvas 3: 300x150 css=0x0 visible=false
Canvas 4: 300x150 css=0x0 visible=false
Canvas 5: 300x150 css=0x0 visible=false
Canvas 6: 300x150 css=0x0 visible=false
Canvas 7: 1030x684 css=1030x684 visible=true
Canvas 8: 300x150 css=0x0 visible=false

=== Checking for Three.js renderer ===
Page Error: n is not defined
ReferenceError: n is not defined
    at applyForces (http://localhost:5173/src/sim/rhizome/rhizomeEngine.ts:473:38)
    at tickRhizome (http://localhost:5173/src/sim/rhizome/rhizomeEngine.ts:326:3)
    at loop (http://localhost:5173/src/ui/labs/RhizomeLab.tsx?t=1772147833677:1882:7)

=== Three.js / WebGL Info ===
{
  "hasThree": false,
  "canvasCount": 9,
  "webglContexts": []
}

=== Final Report ===
Total canvases found: 9
JavaScript errors: 191
Total console messages: 9

=== Waiting 5 seconds before closing ===
Page Error: n is not defined
ReferenceError: n is not defined
    at applyForces (http://localhost:5173/src/sim/rhizome/rhizomeEngine.ts:473:38)
    at tickRhizome (http://localhost:5173/src/sim/rhizome/rhizomeEngine.ts:326:3)
    at loop (http://localhost:5173/src/ui/labs/RhizomeLab.tsx?t=1772147833677:1882:7)
Page Error: n is not defined
ReferenceError: n is not defined
    at applyForces (http://localhost:5173/src/sim/rhizome/rhizomeEngine.ts:473:38)
    at tickRhizome (http://localhost:5173/src/sim/rhizome/rhizomeEngine.ts:326:3)
    at loop (http://localhost:5173/src/ui/labs/RhizomeLab.tsx?t=1772147833677:1882:7)
Page Error: n is not defined
ReferenceError: n is not defined
    at applyForces (http://localhost:5173/src/sim/rhizome/rhizomeEngine.ts:473:38)
    at tickRhizome (http://localhost:5173/src/sim/rhizome/rhizomeEngine.ts:326:3)
    at loop (http://localhost:5173/src/ui/labs/RhizomeLab.tsx?t=1772147833677:1882:7)
Page Error: n is not defined
ReferenceError: n is not defined
    at applyForces (http://localhost:5173/src/sim/rhizome/rhizomeEngine.ts:473:38)
    at tickRhizome (http://localhost:5173/src/sim/rhizome/rhizomeEngine.ts:326:3)
    at loop (http://localhost:5173/src/ui/labs/RhizomeLab.tsx?t=1772147833677:1882:7)
Page Error: n is not defined
ReferenceError: n is not defined
    at applyForces (http://localhost:5173/src/sim/rhizome/rhizomeEngine.ts:473:38)
    at tickRhizome (http://localhost:5173/src/sim/rhizome/rhizomeEngine.ts:326:3)
    at loop (http://localhost:5173/src/ui/labs/RhizomeLab.tsx?t=1772147833677:1882:7)
Page Error: n is not defined
ReferenceError: n is not defined
    at applyForces (http://localhost:5173/src/sim/rhizome/rhizomeEngine.ts:473:38)
    at tickRhizome (http://localhost:5173/src/sim/rhizome/rhizomeEngine.ts:326:3)
    at loop (http://localhost:5173/src/ui/labs/RhizomeLab.tsx?t=1772147833677:1882:7)
Page Error: n is not defined
ReferenceError: n is not defined
    at applyForces (http://localhost:5173/src/sim/rhizome/rhizomeEngine.ts:473:38)
    at tickRhizome (http://localhost:5173/src/sim/rhizome/rhizomeEngine.ts:326:3)
    at loop (http://localhost:5173/src/ui/labs/RhizomeLab.tsx?t=1772147833677:1882:7)
Page Error: n is not defined
ReferenceError: n is not defined
    at applyForces (http://localhost:5173/src/sim/rhizome/rhizomeEngine.ts:473:38)
    at tickRhizome (http://localhost:5173/src/sim/rhizome/rhizomeEngine.ts:326:3)
    at loop (http://localhost:5173/src/ui/labs/RhizomeLab.tsx?t=1772147833677:1882:7)
Page Error: n is not defined
ReferenceError: n is not defined
    at applyForces (http://localhost:5173/src/sim/rhizome/rhizomeEngine.ts:473:38)
    at tickRhizome (http://localhost:5173/src/sim/rhizome/rhizomeEngine.ts:326:3)
    at loop (http://localhost:5173/src/ui/labs/RhizomeLab.tsx?t=1772147833677:1882:7)
Page Error: n is not defined
ReferenceError: n is not defined
    at applyForces (http://localhost:5173/src/sim/rhizome/rhizomeEngine.ts:473:38)
    at tickRhizome (http://localhost:5173/src/sim/rhizome/rhizomeEngine.ts:326:3)
    at loop (http://localhost:5173/src/ui/labs/RhizomeLab.tsx?t=1772147833677:1882:7)
Page Error: n is not defined
ReferenceError: n is not defined
    at applyForces (http://localhost:5173/src/sim/rhizome/rhizomeEngine.ts:473:38)
    at tickRhizome (http://localhost:5173/src/sim/rhizome/rhizomeEngine.ts:326:3)
    at loop (http://localhost:5173/src/ui/labs/RhizomeLab.tsx?t=1772147833677:1882:7)
Page Error: n is not defined
ReferenceError: n is not defined
    at applyForces (http://localhost:5173/src/sim/rhizome/rhizomeEngine.ts:473:38)
    at tickRhizome (http://localhost:5173/src/sim/rhizome/rhizomeEngine.ts:326:3)
    at loop (http://localhost:5173/src/ui/labs/RhizomeLab.tsx?t=1772147833677:1882:7)
Page Error: n is not defined
ReferenceError: n is not defined
    at applyForces (http://localhost:5173/src/sim/rhizome/rhizomeEngine.ts:473:38)
    at tickRhizome (http://localhost:5173/src/sim/rhizome/rhizomeEngine.ts:326:3)
    at loop (http://localhost:5173/src/ui/labs/RhizomeLab.tsx?t=1772147833677:1882:7)
Page Error: n is not defined
ReferenceError: n is not defined
    at applyForces (http://localhost:5173/src/sim/rhizome/rhizomeEngine.ts:473:38)
    at tickRhizome (http://localhost:5173/src/sim/rhizome/rhizomeEngine.ts:326:3)
    at loop (http://localhost:5173/src/ui/labs/RhizomeLab.tsx?t=1772147833677:1882:7)
Page Error: n is not defined
ReferenceError: n is not defined
    at applyForces (http://localhost:5173/src/sim/rhizome/rhizomeEngine.ts:473:38)
    at tickRhizome (http://localhost:5173/src/sim/rhizome/rhizomeEngine.ts:326:3)
    at loop (http://localhost:5173/src/ui/labs/RhizomeLab.tsx?t=1772147833677:1882:7)
Page Error: n is not defined
ReferenceError: n is not defined
    at applyForces (http://localhost:5173/src/sim/rhizome/rhizomeEngine.ts:473:38)
    at tickRhizome (http://localhost:5173/src/sim/rhizome/rhizomeEngine.ts:326:3)
    at loop (http://localhost:5173/src/ui/labs/RhizomeLab.tsx?t=1772147833677:1882:7)
Page Error: n is not defined
ReferenceError: n is not defined
    at applyForces (http://localhost:5173/src/sim/rhizome/rhizomeEngine.ts:473:38)
    at tickRhizome (http://localhost:5173/src/sim/rhizome/rhizomeEngine.ts:326:3)
    at loop (http://localhost:5173/src/ui/labs/RhizomeLab.tsx?t=1772147833677:1882:7)
Page Error: n is not defined
ReferenceError: n is not defined
    at applyForces (http://localhost:5173/src/sim/rhizome/rhizomeEngine.ts:473:38)
    at tickRhizome (http://localhost:5173/src/sim/rhizome/rhizomeEngine.ts:326:3)
    at loop (http://localhost:5173/src/ui/labs/RhizomeLab.tsx?t=1772147833677:1882:7)
Page Error: n is not defined
ReferenceError: n is not defined
    at applyForces (http://localhost:5173/src/sim/rhizome/rhizomeEngine.ts:473:38)
    at tickRhizome (http://localhost:5173/src/sim/rhizome/rhizomeEngine.ts:326:3)
    at loop (http://localhost:5173/src/ui/labs/RhizomeLab.tsx?t=1772147833677:1882:7)
Page Error: n is not defined
ReferenceError: n is not defined
    at applyForces (http://localhost:5173/src/sim/rhizome/rhizomeEngine.ts:473:38)
    at tickRhizome (http://localhost:5173/src/sim/rhizome/rhizomeEngine.ts:326:3)
    at loop (http://localhost:5173/src/ui/labs/RhizomeLab.tsx?t=1772147833677:1882:7)
Page Error: n is not defined
ReferenceError: n is not defined
    at applyForces (http://localhost:5173/src/sim/rhizome/rhizomeEngine.ts:473:38)
    at tickRhizome (http://localhost:5173/src/sim/rhizome/rhizomeEngine.ts:326:3)
    at loop (http://localhost:5173/src/ui/labs/RhizomeLab.tsx?t=1772147833677:1882:7)
Page Error: n is not defined
ReferenceError: n is not defined
    at applyForces (http://localhost:5173/src/sim/rhizome/rhizomeEngine.ts:473:38)
    at tickRhizome (http://localhost:5173/src/sim/rhizome/rhizomeEngine.ts:326:3)
    at loop (http://localhost:5173/src/ui/labs/RhizomeLab.tsx?t=1772147833677:1882:7)
Page Error: n is not defined
ReferenceError: n is not defined
    at applyForces (http://localhost:5173/src/sim/rhizome/rhizomeEngine.ts:473:38)
    at tickRhizome (http://localhost:5173/src/sim/rhizome/rhizomeEngine.ts:326:3)
    at loop (http://localhost:5173/src/ui/labs/RhizomeLab.tsx?t=1772147833677:1882:7)
Page Error: n is not defined
ReferenceError: n is not defined
    at applyForces (http://localhost:5173/src/sim/rhizome/rhizomeEngine.ts:473:38)
    at tickRhizome (http://localhost:5173/src/sim/rhizome/rhizomeEngine.ts:326:3)
    at loop (http://localhost:5173/src/ui/labs/RhizomeLab.tsx?t=1772147833677:1882:7)
Page Error: n is not defined
ReferenceError: n is not defined
    at applyForces (http://localhost:5173/src/sim/rhizome/rhizomeEngine.ts:473:38)
    at tickRhizome (http://localhost:5173/src/sim/rhizome/rhizomeEngine.ts:326:3)
    at loop (http://localhost:5173/src/ui/labs/RhizomeLab.tsx?t=1772147833677:1882:7)
Page Error: n is not defined
ReferenceError: n is not defined
    at applyForces (http://localhost:5173/src/sim/rhizome/rhizomeEngine.ts:473:38)
    at tickRhizome (http://localhost:5173/src/sim/rhizome/rhizomeEngine.ts:326:3)
    at loop (http://localhost:5173/src/ui/labs/RhizomeLab.tsx?t=1772147833677:1882:7)
Page Error: n is not defined
ReferenceError: n is not defined
    at applyForces (http://localhost:5173/src/sim/rhizome/rhizomeEngine.ts:473:38)
    at tickRhizome (http://localhost:5173/src/sim/rhizome/rhizomeEngine.ts:326:3)
    at loop (http://localhost:5173/src/ui/labs/RhizomeLab.tsx?t=1772147833677:1882:7)
Page Error: n is not defined
ReferenceError: n is not defined
    at applyForces (http://localhost:5173/src/sim/rhizome/rhizomeEngine.ts:473:38)
    at tickRhizome (http://localhost:5173/src/sim/rhizome/rhizomeEngine.ts:326:3)
    at loop (http://localhost:5173/src/ui/labs/RhizomeLab.tsx?t=1772147833677:1882:7)
Page Error: n is not defined
ReferenceError: n is not defined
    at applyForces (http://localhost:5173/src/sim/rhizome/rhizomeEngine.ts:473:38)
    at tickRhizome (http://localhost:5173/src/sim/rhizome/rhizomeEngine.ts:326:3)
    at loop (http://localhost:5173/src/ui/labs/RhizomeLab.tsx?t=1772147833677:1882:7)
Page Error: n is not defined
ReferenceError: n is not defined
    at applyForces (http://localhost:5173/src/sim/rhizome/rhizomeEngine.ts:473:38)
    at tickRhizome (http://localhost:5173/src/sim/rhizome/rhizomeEngine.ts:326:3)
    at loop (http://localhost:5173/src/ui/labs/RhizomeLab.tsx?t=1772147833677:1882:7)
Page Error: n is not defined
ReferenceError: n is not defined
    at applyForces (http://localhost:5173/src/sim/rhizome/rhizomeEngine.ts:473:38)
    at tickRhizome (http://localhost:5173/src/sim/rhizome/rhizomeEngine.ts:326:3)
    at loop (http://localhost:5173/src/ui/labs/RhizomeLab.tsx?t=1772147833677:1882:7)
Page Error: n is not defined
ReferenceError: n is not defined
    at applyForces (http://localhost:5173/src/sim/rhizome/rhizomeEngine.ts:473:38)
    at tickRhizome (http://localhost:5173/src/sim/rhizome/rhizomeEngine.ts:326:3)
    at loop (http://localhost:5173/src/ui/labs/RhizomeLab.tsx?t=1772147833677:1882:7)
Page Error: n is not defined
ReferenceError: n is not defined
    at applyForces (http://localhost:5173/src/sim/rhizome/rhizomeEngine.ts:473:38)
    at tickRhizome (http://localhost:5173/src/sim/rhizome/rhizomeEngine.ts:326:3)
    at loop (http://localhost:5173/src/ui/labs/RhizomeLab.tsx?t=1772147833677:1882:7)
Page Error: n is not defined
ReferenceError: n is not defined
    at applyForces (http://localhost:5173/src/sim/rhizome/rhizomeEngine.ts:473:38)
    at tickRhizome (http://localhost:5173/src/sim/rhizome/rhizomeEngine.ts:326:3)
    at loop (http://localhost:5173/src/ui/labs/RhizomeLab.tsx?t=1772147833677:1882:7)
Page Error: n is not defined
ReferenceError: n is not defined
    at applyForces (http://localhost:5173/src/sim/rhizome/rhizomeEngine.ts:473:38)
    at tickRhizome (http://localhost:5173/src/sim/rhizome/rhizomeEngine.ts:326:3)
    at loop (http://localhost:5173/src/ui/labs/RhizomeLab.tsx?t=1772147833677:1882:7)
Page Error: n is not defined
ReferenceError: n is not defined
    at applyForces (http://localhost:5173/src/sim/rhizome/rhizomeEngine.ts:473:38)
    at tickRhizome (http://localhost:5173/src/sim/rhizome/rhizomeEngine.ts:326:3)
    at loop (http://localhost:5173/src/ui/labs/RhizomeLab.tsx?t=1772147833677:1882:7)
Page Error: n is not defined
ReferenceError: n is not defined
    at applyForces (http://localhost:5173/src/sim/rhizome/rhizomeEngine.ts:473:38)
    at tickRhizome (http://localhost:5173/src/sim/rhizome/rhizomeEngine.ts:326:3)
    at loop (http://localhost:5173/src/ui/labs/RhizomeLab.tsx?t=1772147833677:1882:7)
Page Error: n is not defined
ReferenceError: n is not defined
    at applyForces (http://localhost:5173/src/sim/rhizome/rhizomeEngine.ts:473:38)
    at tickRhizome (http://localhost:5173/src/sim/rhizome/rhizomeEngine.ts:326:3)
    at loop (http://localhost:5173/src/ui/labs/RhizomeLab.tsx?t=1772147833677:1882:7)
Page Error: n is not defined
ReferenceError: n is not defined
    at applyForces (http://localhost:5173/src/sim/rhizome/rhizomeEngine.ts:473:38)
    at tickRhizome (http://localhost:5173/src/sim/rhizome/rhizomeEngine.ts:326:3)
    at loop (http://localhost:5173/src/ui/labs/RhizomeLab.tsx?t=1772147833677:1882:7)
Page Error: n is not defined
ReferenceError: n is not defined
    at applyForces (http://localhost:5173/src/sim/rhizome/rhizomeEngine.ts:473:38)
    at tickRhizome (http://localhost:5173/src/sim/rhizome/rhizomeEngine.ts:326:3)
    at loop (http://localhost:5173/src/ui/labs/RhizomeLab.tsx?t=1772147833677:1882:7)
Page Error: n is not defined
ReferenceError: n is not defined
    at applyForces (http://localhost:5173/src/sim/rhizome/rhizomeEngine.ts:473:38)
    at tickRhizome (http://localhost:5173/src/sim/rhizome/rhizomeEngine.ts:326:3)
    at loop (http://localhost:5173/src/ui/labs/RhizomeLab.tsx?t=1772147833677:1882:7)
Page Error: n is not defined
ReferenceError: n is not defined
    at applyForces (http://localhost:5173/src/sim/rhizome/rhizomeEngine.ts:473:38)
    at tickRhizome (http://localhost:5173/src/sim/rhizome/rhizomeEngine.ts:326:3)
    at loop (http://localhost:5173/src/ui/labs/RhizomeLab.tsx?t=1772147833677:1882:7)
Page Error: n is not defined
ReferenceError: n is not defined
    at applyForces (http://localhost:5173/src/sim/rhizome/rhizomeEngine.ts:473:38)
    at tickRhizome (http://localhost:5173/src/sim/rhizome/rhizomeEngine.ts:326:3)
    at loop (http://localhost:5173/src/ui/labs/RhizomeLab.tsx?t=1772147833677:1882:7)
Page Error: n is not defined
ReferenceError: n is not defined
    at applyForces (http://localhost:5173/src/sim/rhizome/rhizomeEngine.ts:473:38)
    at tickRhizome (http://localhost:5173/src/sim/rhizome/rhizomeEngine.ts:326:3)
    at loop (http://localhost:5173/src/ui/labs/RhizomeLab.tsx?t=1772147833677:1882:7)
Page Error: n is not defined
ReferenceError: n is not defined
    at applyForces (http://localhost:5173/src/sim/rhizome/rhizomeEngine.ts:473:38)
    at tickRhizome (http://localhost:5173/src/sim/rhizome/rhizomeEngine.ts:326:3)
    at loop (http://localhost:5173/src/ui/labs/RhizomeLab.tsx?t=1772147833677:1882:7)
Page Error: n is not defined
ReferenceError: n is not defined
    at applyForces (http://localhost:5173/src/sim/rhizome/rhizomeEngine.ts:473:38)
    at tickRhizome (http://localhost:5173/src/sim/rhizome/rhizomeEngine.ts:326:3)
    at loop (http://localhost:5173/src/ui/labs/RhizomeLab.tsx?t=1772147833677:1882:7)
Page Error: n is not defined
ReferenceError: n is not defined
    at applyForces (http://localhost:5173/src/sim/rhizome/rhizomeEngine.ts:473:38)
    at tickRhizome (http://localhost:5173/src/sim/rhizome/rhizomeEngine.ts:326:3)
    at loop (http://localhost:5173/src/ui/labs/RhizomeLab.tsx?t=1772147833677:1882:7)
Page Error: n is not defined
ReferenceError: n is not defined
    at applyForces (http://localhost:5173/src/sim/rhizome/rhizomeEngine.ts:473:38)
    at tickRhizome (http://localhost:5173/src/sim/rhizome/rhizomeEngine.ts:326:3)
    at loop (http://localhost:5173/src/ui/labs/RhizomeLab.tsx?t=1772147833677:1882:7)
Page Error: n is not defined
ReferenceError: n is not defined
    at applyForces (http://localhost:5173/src/sim/rhizome/rhizomeEngine.ts:473:38)
    at tickRhizome (http://localhost:5173/src/sim/rhizome/rhizomeEngine.ts:326:3)
    at loop (http://localhost:5173/src/ui/labs/RhizomeLab.tsx?t=1772147833677:1882:7)
Page Error: n is not defined
ReferenceError: n is not defined
    at applyForces (http://localhost:5173/src/sim/rhizome/rhizomeEngine.ts:473:38)
    at tickRhizome (http://localhost:5173/src/sim/rhizome/rhizomeEngine.ts:326:3)
    at loop (http://localhost:5173/src/ui/labs/RhizomeLab.tsx?t=1772147833677:1882:7)
Page Error: n is not defined
ReferenceError: n is not defined
    at applyForces (http://localhost:5173/src/sim/rhizome/rhizomeEngine.ts:473:38)
    at tickRhizome (http://localhost:5173/src/sim/rhizome/rhizomeEngine.ts:326:3)
    at loop (http://localhost:5173/src/ui/labs/RhizomeLab.tsx?t=1772147833677:1882:7)
Page Error: n is not defined
ReferenceError: n is not defined
    at applyForces (http://localhost:5173/src/sim/rhizome/rhizomeEngine.ts:473:38)
    at tickRhizome (http://localhost:5173/src/sim/rhizome/rhizomeEngine.ts:326:3)
    at loop (http://localhost:5173/src/ui/labs/RhizomeLab.tsx?t=1772147833677:1882:7)
Page Error: n is not defined
ReferenceError: n is not defined
    at applyForces (http://localhost:5173/src/sim/rhizome/rhizomeEngine.ts:473:38)
    at tickRhizome (http://localhost:5173/src/sim/rhizome/rhizomeEngine.ts:326:3)
    at loop (http://localhost:5173/src/ui/labs/RhizomeLab.tsx?t=1772147833677:1882:7)
Page Error: n is not defined
ReferenceError: n is not defined
    at applyForces (http://localhost:5173/src/sim/rhizome/rhizomeEngine.ts:473:38)
    at tickRhizome (http://localhost:5173/src/sim/rhizome/rhizomeEngine.ts:326:3)
    at loop (http://localhost:5173/src/ui/labs/RhizomeLab.tsx?t=1772147833677:1882:7)
Page Error: n is not defined
ReferenceError: n is not defined
    at applyForces (http://localhost:5173/src/sim/rhizome/rhizomeEngine.ts:473:38)
    at tickRhizome (http://localhost:5173/src/sim/rhizome/rhizomeEngine.ts:326:3)
    at loop (http://localhost:5173/src/ui/labs/RhizomeLab.tsx?t=1772147833677:1882:7)
Page Error: n is not defined
ReferenceError: n is not defined
    at applyForces (http://localhost:5173/src/sim/rhizome/rhizomeEngine.ts:473:38)
    at tickRhizome (http://localhost:5173/src/sim/rhizome/rhizomeEngine.ts:326:3)
    at loop (http://localhost:5173/src/ui/labs/RhizomeLab.tsx?t=1772147833677:1882:7)
Page Error: n is not defined
ReferenceError: n is not defined
    at applyForces (http://localhost:5173/src/sim/rhizome/rhizomeEngine.ts:473:38)
    at tickRhizome (http://localhost:5173/src/sim/rhizome/rhizomeEngine.ts:326:3)
    at loop (http://localhost:5173/src/ui/labs/RhizomeLab.tsx?t=1772147833677:1882:7)
Page Error: n is not defined
ReferenceError: n is not defined
    at applyForces (http://localhost:5173/src/sim/rhizome/rhizomeEngine.ts:473:38)
    at tickRhizome (http://localhost:5173/src/sim/rhizome/rhizomeEngine.ts:326:3)
    at loop (http://localhost:5173/src/ui/labs/RhizomeLab.tsx?t=1772147833677:1882:7)
Page Error: n is not defined
ReferenceError: n is not defined
    at applyForces (http://localhost:5173/src/sim/rhizome/rhizomeEngine.ts:473:38)
    at tickRhizome (http://localhost:5173/src/sim/rhizome/rhizomeEngine.ts:326:3)
    at loop (http://localhost:5173/src/ui/labs/RhizomeLab.tsx?t=1772147833677:1882:7)
Page Error: n is not defined
ReferenceError: n is not defined
    at applyForces (http://localhost:5173/src/sim/rhizome/rhizomeEngine.ts:473:38)
    at tickRhizome (http://localhost:5173/src/sim/rhizome/rhizomeEngine.ts:326:3)
    at loop (http://localhost:5173/src/ui/labs/RhizomeLab.tsx?t=1772147833677:1882:7)
Page Error: n is not defined
ReferenceError: n is not defined
    at applyForces (http://localhost:5173/src/sim/rhizome/rhizomeEngine.ts:473:38)
    at tickRhizome (http://localhost:5173/src/sim/rhizome/rhizomeEngine.ts:326:3)
    at loop (http://localhost:5173/src/ui/labs/RhizomeLab.tsx?t=1772147833677:1882:7)
Page Error: n is not defined
ReferenceError: n is not defined
    at applyForces (http://localhost:5173/src/sim/rhizome/rhizomeEngine.ts:473:38)
    at tickRhizome (http://localhost:5173/src/sim/rhizome/rhizomeEngine.ts:326:3)
    at loop (http://localhost:5173/src/ui/labs/RhizomeLab.tsx?t=1772147833677:1882:7)
Page Error: n is not defined
ReferenceError: n is not defined
    at applyForces (http://localhost:5173/src/sim/rhizome/rhizomeEngine.ts:473:38)
    at tickRhizome (http://localhost:5173/src/sim/rhizome/rhizomeEngine.ts:326:3)
    at loop (http://localhost:5173/src/ui/labs/RhizomeLab.tsx?t=1772147833677:1882:7)
Page Error: n is not defined
ReferenceError: n is not defined
    at applyForces (http://localhost:5173/src/sim/rhizome/rhizomeEngine.ts:473:38)
    at tickRhizome (http://localhost:5173/src/sim/rhizome/rhizomeEngine.ts:326:3)
    at loop (http://localhost:5173/src/ui/labs/RhizomeLab.tsx?t=1772147833677:1882:7)
Page Error: n is not defined
ReferenceError: n is not defined
    at applyForces (http://localhost:5173/src/sim/rhizome/rhizomeEngine.ts:473:38)
    at tickRhizome (http://localhost:5173/src/sim/rhizome/rhizomeEngine.ts:326:3)
    at loop (http://localhost:5173/src/ui/labs/RhizomeLab.tsx?t=1772147833677:1882:7)
Page Error: n is not defined
ReferenceError: n is not defined
    at applyForces (http://localhost:5173/src/sim/rhizome/rhizomeEngine.ts:473:38)
    at tickRhizome (http://localhost:5173/src/sim/rhizome/rhizomeEngine.ts:326:3)
    at loop (http://localhost:5173/src/ui/labs/RhizomeLab.tsx?t=1772147833677:1882:7)
Page Error: n is not defined
ReferenceError: n is not defined
    at applyForces (http://localhost:5173/src/sim/rhizome/rhizomeEngine.ts:473:38)
    at tickRhizome (http://localhost:5173/src/sim/rhizome/rhizomeEngine.ts:326:3)
    at loop (http://localhost:5173/src/ui/labs/RhizomeLab.tsx?t=1772147833677:1882:7)
Page Error: n is not defined
ReferenceError: n is not defined
    at applyForces (http://localhost:5173/src/sim/rhizome/rhizomeEngine.ts:473:38)
    at tickRhizome (http://localhost:5173/src/sim/rhizome/rhizomeEngine.ts:326:3)
    at loop (http://localhost:5173/src/ui/labs/RhizomeLab.tsx?t=1772147833677:1882:7)
Page Error: n is not defined
ReferenceError: n is not defined
    at applyForces (http://localhost:5173/src/sim/rhizome/rhizomeEngine.ts:473:38)
    at tickRhizome (http://localhost:5173/src/sim/rhizome/rhizomeEngine.ts:326:3)
    at loop (http://localhost:5173/src/ui/labs/RhizomeLab.tsx?t=1772147833677:1882:7)
Page Error: n is not defined
ReferenceError: n is not defined
    at applyForces (http://localhost:5173/src/sim/rhizome/rhizomeEngine.ts:473:38)
    at tickRhizome (http://localhost:5173/src/sim/rhizome/rhizomeEngine.ts:326:3)
    at loop (http://localhost:5173/src/ui/labs/RhizomeLab.tsx?t=1772147833677:1882:7)
Page Error: n is not defined
ReferenceError: n is not defined
    at applyForces (http://localhost:5173/src/sim/rhizome/rhizomeEngine.ts:473:38)
    at tickRhizome (http://localhost:5173/src/sim/rhizome/rhizomeEngine.ts:326:3)
    at loop (http://localhost:5173/src/ui/labs/RhizomeLab.tsx?t=1772147833677:1882:7)
Page Error: n is not defined
ReferenceError: n is not defined
    at applyForces (http://localhost:5173/src/sim/rhizome/rhizomeEngine.ts:473:38)
    at tickRhizome (http://localhost:5173/src/sim/rhizome/rhizomeEngine.ts:326:3)
    at loop (http://localhost:5173/src/ui/labs/RhizomeLab.tsx?t=1772147833677:1882:7)
Page Error: n is not defined
ReferenceError: n is not defined
    at applyForces (http://localhost:5173/src/sim/rhizome/rhizomeEngine.ts:473:38)
    at tickRhizome (http://localhost:5173/src/sim/rhizome/rhizomeEngine.ts:326:3)
    at loop (http://localhost:5173/src/ui/labs/RhizomeLab.tsx?t=1772147833677:1882:7)
Page Error: n is not defined
ReferenceError: n is not defined
    at applyForces (http://localhost:5173/src/sim/rhizome/rhizomeEngine.ts:473:38)
    at tickRhizome (http://localhost:5173/src/sim/rhizome/rhizomeEngine.ts:326:3)
    at loop (http://localhost:5173/src/ui/labs/RhizomeLab.tsx?t=1772147833677:1882:7)
Page Error: n is not defined
ReferenceError: n is not defined
    at applyForces (http://localhost:5173/src/sim/rhizome/rhizomeEngine.ts:473:38)
    at tickRhizome (http://localhost:5173/src/sim/rhizome/rhizomeEngine.ts:326:3)
    at loop (http://localhost:5173/src/ui/labs/RhizomeLab.tsx?t=1772147833677:1882:7)
Page Error: n is not defined
ReferenceError: n is not defined
    at applyForces (http://localhost:5173/src/sim/rhizome/rhizomeEngine.ts:473:38)
    at tickRhizome (http://localhost:5173/src/sim/rhizome/rhizomeEngine.ts:326:3)
    at loop (http://localhost:5173/src/ui/labs/RhizomeLab.tsx?t=1772147833677:1882:7)
Page Error: n is not defined
ReferenceError: n is not defined
    at applyForces (http://localhost:5173/src/sim/rhizome/rhizomeEngine.ts:473:38)
    at tickRhizome (http://localhost:5173/src/sim/rhizome/rhizomeEngine.ts:326:3)
    at loop (http://localhost:5173/src/ui/labs/RhizomeLab.tsx?t=1772147833677:1882:7)
Page Error: n is not defined
ReferenceError: n is not defined
    at applyForces (http://localhost:5173/src/sim/rhizome/rhizomeEngine.ts:473:38)
    at tickRhizome (http://localhost:5173/src/sim/rhizome/rhizomeEngine.ts:326:3)
    at loop (http://localhost:5173/src/ui/labs/RhizomeLab.tsx?t=1772147833677:1882:7)
Page Error: n is not defined
ReferenceError: n is not defined
    at applyForces (http://localhost:5173/src/sim/rhizome/rhizomeEngine.ts:473:38)
    at tickRhizome (http://localhost:5173/src/sim/rhizome/rhizomeEngine.ts:326:3)
    at loop (http://localhost:5173/src/ui/labs/RhizomeLab.tsx?t=1772147833677:1882:7)
Page Error: n is not defined
ReferenceError: n is not defined
    at applyForces (http://localhost:5173/src/sim/rhizome/rhizomeEngine.ts:473:38)
    at tickRhizome (http://localhost:5173/src/sim/rhizome/rhizomeEngine.ts:326:3)
    at loop (http://localhost:5173/src/ui/labs/RhizomeLab.tsx?t=1772147833677:1882:7)
Page Error: n is not defined
ReferenceError: n is not defined
    at applyForces (http://localhost:5173/src/sim/rhizome/rhizomeEngine.ts:473:38)
    at tickRhizome (http://localhost:5173/src/sim/rhizome/rhizomeEngine.ts:326:3)
    at loop (http://localhost:5173/src/ui/labs/RhizomeLab.tsx?t=1772147833677:1882:7)
Page Error: n is not defined
ReferenceError: n is not defined
    at applyForces (http://localhost:5173/src/sim/rhizome/rhizomeEngine.ts:473:38)
    at tickRhizome (http://localhost:5173/src/sim/rhizome/rhizomeEngine.ts:326:3)
    at loop (http://localhost:5173/src/ui/labs/RhizomeLab.tsx?t=1772147833677:1882:7)
Page Error: n is not defined
ReferenceError: n is not defined
    at applyForces (http://localhost:5173/src/sim/rhizome/rhizomeEngine.ts:473:38)
    at tickRhizome (http://localhost:5173/src/sim/rhizome/rhizomeEngine.ts:326:3)
    at loop (http://localhost:5173/src/ui/labs/RhizomeLab.tsx?t=1772147833677:1882:7)
Page Error: n is not defined
ReferenceError: n is not defined
    at applyForces (http://localhost:5173/src/sim/rhizome/rhizomeEngine.ts:473:38)
    at tickRhizome (http://localhost:5173/src/sim/rhizome/rhizomeEngine.ts:326:3)
    at loop (http://localhost:5173/src/ui/labs/RhizomeLab.tsx?t=1772147833677:1882:7)
Page Error: n is not defined
ReferenceError: n is not defined
    at applyForces (http://localhost:5173/src/sim/rhizome/rhizomeEngine.ts:473:38)
    at tickRhizome (http://localhost:5173/src/sim/rhizome/rhizomeEngine.ts:326:3)
    at loop (http://localhost:5173/src/ui/labs/RhizomeLab.tsx?t=1772147833677:1882:7)
Page Error: n is not defined
ReferenceError: n is not defined
    at applyForces (http://localhost:5173/src/sim/rhizome/rhizomeEngine.ts:473:38)
    at tickRhizome (http://localhost:5173/src/sim/rhizome/rhizomeEngine.ts:326:3)
    at loop (http://localhost:5173/src/ui/labs/RhizomeLab.tsx?t=1772147833677:1882:7)
Page Error: n is not defined
ReferenceError: n is not defined
    at applyForces (http://localhost:5173/src/sim/rhizome/rhizomeEngine.ts:473:38)
    at tickRhizome (http://localhost:5173/src/sim/rhizome/rhizomeEngine.ts:326:3)
    at loop (http://localhost:5173/src/ui/labs/RhizomeLab.tsx?t=1772147833677:1882:7)
Page Error: n is not defined
ReferenceError: n is not defined
    at applyForces (http://localhost:5173/src/sim/rhizome/rhizomeEngine.ts:473:38)
    at tickRhizome (http://localhost:5173/src/sim/rhizome/rhizomeEngine.ts:326:3)
    at loop (http://localhost:5173/src/ui/labs/RhizomeLab.tsx?t=1772147833677:1882:7)
Page Error: n is not defined
ReferenceError: n is not defined
    at applyForces (http://localhost:5173/src/sim/rhizome/rhizomeEngine.ts:473:38)
    at tickRhizome (http://localhost:5173/src/sim/rhizome/rhizomeEngine.ts:326:3)
    at loop (http://localhost:5173/src/ui/labs/RhizomeLab.tsx?t=1772147833677:1882:7)
Page Error: n is not defined
ReferenceError: n is not defined
    at applyForces (http://localhost:5173/src/sim/rhizome/rhizomeEngine.ts:473:38)
    at tickRhizome (http://localhost:5173/src/sim/rhizome/rhizomeEngine.ts:326:3)
    at loop (http://localhost:5173/src/ui/labs/RhizomeLab.tsx?t=1772147833677:1882:7)
Page Error: n is not defined
ReferenceError: n is not defined
    at applyForces (http://localhost:5173/src/sim/rhizome/rhizomeEngine.ts:473:38)
    at tickRhizome (http://localhost:5173/src/sim/rhizome/rhizomeEngine.ts:326:3)
    at loop (http://localhost:5173/src/ui/labs/RhizomeLab.tsx?t=1772147833677:1882:7)
Page Error: n is not defined
ReferenceError: n is not defined
    at applyForces (http://localhost:5173/src/sim/rhizome/rhizomeEngine.ts:473:38)
    at tickRhizome (http://localhost:5173/src/sim/rhizome/rhizomeEngine.ts:326:3)
    at loop (http://localhost:5173/src/ui/labs/RhizomeLab.tsx?t=1772147833677:1882:7)
Page Error: n is not defined
ReferenceError: n is not defined
    at applyForces (http://localhost:5173/src/sim/rhizome/rhizomeEngine.ts:473:38)
    at tickRhizome (http://localhost:5173/src/sim/rhizome/rhizomeEngine.ts:326:3)
    at loop (http://localhost:5173/src/ui/labs/RhizomeLab.tsx?t=1772147833677:1882:7)
Page Error: n is not defined
ReferenceError: n is not defined
    at applyForces (http://localhost:5173/src/sim/rhizome/rhizomeEngine.ts:473:38)
    at tickRhizome (http://localhost:5173/src/sim/rhizome/rhizomeEngine.ts:326:3)
    at loop (http://localhost:5173/src/ui/labs/RhizomeLab.tsx?t=1772147833677:1882:7)
Page Error: n is not defined
ReferenceError: n is not defined
    at applyForces (http://localhost:5173/src/sim/rhizome/rhizomeEngine.ts:473:38)
    at tickRhizome (http://localhost:5173/src/sim/rhizome/rhizomeEngine.ts:326:3)
    at loop (http://localhost:5173/src/ui/labs/RhizomeLab.tsx?t=1772147833677:1882:7)
Page Error: n is not defined
ReferenceError: n is not defined
    at applyForces (http://localhost:5173/src/sim/rhizome/rhizomeEngine.ts:473:38)
    at tickRhizome (http://localhost:5173/src/sim/rhizome/rhizomeEngine.ts:326:3)
    at loop (http://localhost:5173/src/ui/labs/RhizomeLab.tsx?t=1772147833677:1882:7)
Page Error: n is not defined
ReferenceError: n is not defined
    at applyForces (http://localhost:5173/src/sim/rhizome/rhizomeEngine.ts:473:38)
    at tickRhizome (http://localhost:5173/src/sim/rhizome/rhizomeEngine.ts:326:3)
    at loop (http://localhost:5173/src/ui/labs/RhizomeLab.tsx?t=1772147833677:1882:7)
Page Error: n is not defined
ReferenceError: n is not defined
    at applyForces (http://localhost:5173/src/sim/rhizome/rhizomeEngine.ts:473:38)
    at tickRhizome (http://localhost:5173/src/sim/rhizome/rhizomeEngine.ts:326:3)
    at loop (http://localhost:5173/src/ui/labs/RhizomeLab.tsx?t=1772147833677:1882:7)
Page Error: n is not defined
ReferenceError: n is not defined
    at applyForces (http://localhost:5173/src/sim/rhizome/rhizomeEngine.ts:473:38)
    at tickRhizome (http://localhost:5173/src/sim/rhizome/rhizomeEngine.ts:326:3)
    at loop (http://localhost:5173/src/ui/labs/RhizomeLab.tsx?t=1772147833677:1882:7)
Page Error: n is not defined
ReferenceError: n is not defined
    at applyForces (http://localhost:5173/src/sim/rhizome/rhizomeEngine.ts:473:38)
    at tickRhizome (http://localhost:5173/src/sim/rhizome/rhizomeEngine.ts:326:3)
    at loop (http://localhost:5173/src/ui/labs/RhizomeLab.tsx?t=1772147833677:1882:7)
Page Error: n is not defined
ReferenceError: n is not defined
    at applyForces (http://localhost:5173/src/sim/rhizome/rhizomeEngine.ts:473:38)
    at tickRhizome (http://localhost:5173/src/sim/rhizome/rhizomeEngine.ts:326:3)
    at loop (http://localhost:5173/src/ui/labs/RhizomeLab.tsx?t=1772147833677:1882:7)
Page Error: n is not defined
ReferenceError: n is not defined
    at applyForces (http://localhost:5173/src/sim/rhizome/rhizomeEngine.ts:473:38)
    at tickRhizome (http://localhost:5173/src/sim/rhizome/rhizomeEngine.ts:326:3)
    at loop (http://localhost:5173/src/ui/labs/RhizomeLab.tsx?t=1772147833677:1882:7)
Page Error: n is not defined
ReferenceError: n is not defined
    at applyForces (http://localhost:5173/src/sim/rhizome/rhizomeEngine.ts:473:38)
    at tickRhizome (http://localhost:5173/src/sim/rhizome/rhizomeEngine.ts:326:3)
    at loop (http://localhost:5173/src/ui/labs/RhizomeLab.tsx?t=1772147833677:1882:7)
Page Error: n is not defined
ReferenceError: n is not defined
    at applyForces (http://localhost:5173/src/sim/rhizome/rhizomeEngine.ts:473:38)
    at tickRhizome (http://localhost:5173/src/sim/rhizome/rhizomeEngine.ts:326:3)
    at loop (http://localhost:5173/src/ui/labs/RhizomeLab.tsx?t=1772147833677:1882:7)
Page Error: n is not defined
ReferenceError: n is not defined
    at applyForces (http://localhost:5173/src/sim/rhizome/rhizomeEngine.ts:473:38)
    at tickRhizome (http://localhost:5173/src/sim/rhizome/rhizomeEngine.ts:326:3)
    at loop (http://localhost:5173/src/ui/labs/RhizomeLab.tsx?t=1772147833677:1882:7)
Page Error: n is not defined
ReferenceError: n is not defined
    at applyForces (http://localhost:5173/src/sim/rhizome/rhizomeEngine.ts:473:38)
    at tickRhizome (http://localhost:5173/src/sim/rhizome/rhizomeEngine.ts:326:3)
    at loop (http://localhost:5173/src/ui/labs/RhizomeLab.tsx?t=1772147833677:1882:7)
Page Error: n is not defined
ReferenceError: n is not defined
    at applyForces (http://localhost:5173/src/sim/rhizome/rhizomeEngine.ts:473:38)
    at tickRhizome (http://localhost:5173/src/sim/rhizome/rhizomeEngine.ts:326:3)
    at loop (http://localhost:5173/src/ui/labs/RhizomeLab.tsx?t=1772147833677:1882:7)
Page Error: n is not defined
ReferenceError: n is not defined
    at applyForces (http://localhost:5173/src/sim/rhizome/rhizomeEngine.ts:473:38)
    at tickRhizome (http://localhost:5173/src/sim/rhizome/rhizomeEngine.ts:326:3)
    at loop (http://localhost:5173/src/ui/labs/RhizomeLab.tsx?t=1772147833677:1882:7)
Page Error: n is not defined
ReferenceError: n is not defined
    at applyForces (http://localhost:5173/src/sim/rhizome/rhizomeEngine.ts:473:38)
    at tickRhizome (http://localhost:5173/src/sim/rhizome/rhizomeEngine.ts:326:3)
    at loop (http://localhost:5173/src/ui/labs/RhizomeLab.tsx?t=1772147833677:1882:7)
Page Error: n is not defined
ReferenceError: n is not defined
    at applyForces (http://localhost:5173/src/sim/rhizome/rhizomeEngine.ts:473:38)
    at tickRhizome (http://localhost:5173/src/sim/rhizome/rhizomeEngine.ts:326:3)
    at loop (http://localhost:5173/src/ui/labs/RhizomeLab.tsx?t=1772147833677:1882:7)
Page Error: n is not defined
ReferenceError: n is not defined
    at applyForces (http://localhost:5173/src/sim/rhizome/rhizomeEngine.ts:473:38)
    at tickRhizome (http://localhost:5173/src/sim/rhizome/rhizomeEngine.ts:326:3)
    at loop (http://localhost:5173/src/ui/labs/RhizomeLab.tsx?t=1772147833677:1882:7)
Page Error: n is not defined
ReferenceError: n is not defined
    at applyForces (http://localhost:5173/src/sim/rhizome/rhizomeEngine.ts:473:38)
    at tickRhizome (http://localhost:5173/src/sim/rhizome/rhizomeEngine.ts:326:3)
    at loop (http://localhost:5173/src/ui/labs/RhizomeLab.tsx?t=1772147833677:1882:7)
Page Error: n is not defined
ReferenceError: n is not defined
    at applyForces (http://localhost:5173/src/sim/rhizome/rhizomeEngine.ts:473:38)
    at tickRhizome (http://localhost:5173/src/sim/rhizome/rhizomeEngine.ts:326:3)
    at loop (http://localhost:5173/src/ui/labs/RhizomeLab.tsx?t=1772147833677:1882:7)
Page Error: n is not defined
ReferenceError: n is not defined
    at applyForces (http://localhost:5173/src/sim/rhizome/rhizomeEngine.ts:473:38)
    at tickRhizome (http://localhost:5173/src/sim/rhizome/rhizomeEngine.ts:326:3)
    at loop (http://localhost:5173/src/ui/labs/RhizomeLab.tsx?t=1772147833677:1882:7)
Page Error: n is not defined
ReferenceError: n is not defined
    at applyForces (http://localhost:5173/src/sim/rhizome/rhizomeEngine.ts:473:38)
    at tickRhizome (http://localhost:5173/src/sim/rhizome/rhizomeEngine.ts:326:3)
    at loop (http://localhost:5173/src/ui/labs/RhizomeLab.tsx?t=1772147833677:1882:7)
Page Error: n is not defined
ReferenceError: n is not defined
    at applyForces (http://localhost:5173/src/sim/rhizome/rhizomeEngine.ts:473:38)
    at tickRhizome (http://localhost:5173/src/sim/rhizome/rhizomeEngine.ts:326:3)
    at loop (http://localhost:5173/src/ui/labs/RhizomeLab.tsx?t=1772147833677:1882:7)
Page Error: n is not defined
ReferenceError: n is not defined
    at applyForces (http://localhost:5173/src/sim/rhizome/rhizomeEngine.ts:473:38)
    at tickRhizome (http://localhost:5173/src/sim/rhizome/rhizomeEngine.ts:326:3)
    at loop (http://localhost:5173/src/ui/labs/RhizomeLab.tsx?t=1772147833677:1882:7)
Page Error: n is not defined
ReferenceError: n is not defined
    at applyForces (http://localhost:5173/src/sim/rhizome/rhizomeEngine.ts:473:38)
    at tickRhizome (http://localhost:5173/src/sim/rhizome/rhizomeEngine.ts:326:3)
    at loop (http://localhost:5173/src/ui/labs/RhizomeLab.tsx?t=1772147833677:1882:7)
Page Error: n is not defined
ReferenceError: n is not defined
    at applyForces (http://localhost:5173/src/sim/rhizome/rhizomeEngine.ts:473:38)
    at tickRhizome (http://localhost:5173/src/sim/rhizome/rhizomeEngine.ts:326:3)
    at loop (http://localhost:5173/src/ui/labs/RhizomeLab.tsx?t=1772147833677:1882:7)
Page Error: n is not defined
ReferenceError: n is not defined
    at applyForces (http://localhost:5173/src/sim/rhizome/rhizomeEngine.ts:473:38)
    at tickRhizome (http://localhost:5173/src/sim/rhizome/rhizomeEngine.ts:326:3)
    at loop (http://localhost:5173/src/ui/labs/RhizomeLab.tsx?t=1772147833677:1882:7)
Page Error: n is not defined
ReferenceError: n is not defined
    at applyForces (http://localhost:5173/src/sim/rhizome/rhizomeEngine.ts:473:38)
    at tickRhizome (http://localhost:5173/src/sim/rhizome/rhizomeEngine.ts:326:3)
    at loop (http://localhost:5173/src/ui/labs/RhizomeLab.tsx?t=1772147833677:1882:7)
Page Error: n is not defined
ReferenceError: n is not defined
    at applyForces (http://localhost:5173/src/sim/rhizome/rhizomeEngine.ts:473:38)
    at tickRhizome (http://localhost:5173/src/sim/rhizome/rhizomeEngine.ts:326:3)
    at loop (http://localhost:5173/src/ui/labs/RhizomeLab.tsx?t=1772147833677:1882:7)
Page Error: n is not defined
ReferenceError: n is not defined
    at applyForces (http://localhost:5173/src/sim/rhizome/rhizomeEngine.ts:473:38)
    at tickRhizome (http://localhost:5173/src/sim/rhizome/rhizomeEngine.ts:326:3)
    at loop (http://localhost:5173/src/ui/labs/RhizomeLab.tsx?t=1772147833677:1882:7)
Page Error: n is not defined
ReferenceError: n is not defined
    at applyForces (http://localhost:5173/src/sim/rhizome/rhizomeEngine.ts:473:38)
    at tickRhizome (http://localhost:5173/src/sim/rhizome/rhizomeEngine.ts:326:3)
    at loop (http://localhost:5173/src/ui/labs/RhizomeLab.tsx?t=1772147833677:1882:7)
Page Error: n is not defined
ReferenceError: n is not defined
    at applyForces (http://localhost:5173/src/sim/rhizome/rhizomeEngine.ts:473:38)
    at tickRhizome (http://localhost:5173/src/sim/rhizome/rhizomeEngine.ts:326:3)
    at loop (http://localhost:5173/src/ui/labs/RhizomeLab.tsx?t=1772147833677:1882:7)
Page Error: n is not defined
ReferenceError: n is not defined
    at applyForces (http://localhost:5173/src/sim/rhizome/rhizomeEngine.ts:473:38)
    at tickRhizome (http://localhost:5173/src/sim/rhizome/rhizomeEngine.ts:326:3)
    at loop (http://localhost:5173/src/ui/labs/RhizomeLab.tsx?t=1772147833677:1882:7)
Page Error: n is not defined
ReferenceError: n is not defined
    at applyForces (http://localhost:5173/src/sim/rhizome/rhizomeEngine.ts:473:38)
    at tickRhizome (http://localhost:5173/src/sim/rhizome/rhizomeEngine.ts:326:3)
    at loop (http://localhost:5173/src/ui/labs/RhizomeLab.tsx?t=1772147833677:1882:7)
Page Error: n is not defined
ReferenceError: n is not defined
    at applyForces (http://localhost:5173/src/sim/rhizome/rhizomeEngine.ts:473:38)
    at tickRhizome (http://localhost:5173/src/sim/rhizome/rhizomeEngine.ts:326:3)
    at loop (http://localhost:5173/src/ui/labs/RhizomeLab.tsx?t=1772147833677:1882:7)
Page Error: n is not defined
ReferenceError: n is not defined
    at applyForces (http://localhost:5173/src/sim/rhizome/rhizomeEngine.ts:473:38)
    at tickRhizome (http://localhost:5173/src/sim/rhizome/rhizomeEngine.ts:326:3)
    at loop (http://localhost:5173/src/ui/labs/RhizomeLab.tsx?t=1772147833677:1882:7)
Page Error: n is not defined
ReferenceError: n is not defined
    at applyForces (http://localhost:5173/src/sim/rhizome/rhizomeEngine.ts:473:38)
    at tickRhizome (http://localhost:5173/src/sim/rhizome/rhizomeEngine.ts:326:3)
    at loop (http://localhost:5173/src/ui/labs/RhizomeLab.tsx?t=1772147833677:1882:7)
Page Error: n is not defined
ReferenceError: n is not defined
    at applyForces (http://localhost:5173/src/sim/rhizome/rhizomeEngine.ts:473:38)
    at tickRhizome (http://localhost:5173/src/sim/rhizome/rhizomeEngine.ts:326:3)
    at loop (http://localhost:5173/src/ui/labs/RhizomeLab.tsx?t=1772147833677:1882:7)
Page Error: n is not defined
ReferenceError: n is not defined
    at applyForces (http://localhost:5173/src/sim/rhizome/rhizomeEngine.ts:473:38)
    at tickRhizome (http://localhost:5173/src/sim/rhizome/rhizomeEngine.ts:326:3)
    at loop (http://localhost:5173/src/ui/labs/RhizomeLab.tsx?t=1772147833677:1882:7)
Page Error: n is not defined
ReferenceError: n is not defined
    at applyForces (http://localhost:5173/src/sim/rhizome/rhizomeEngine.ts:473:38)
    at tickRhizome (http://localhost:5173/src/sim/rhizome/rhizomeEngine.ts:326:3)
    at loop (http://localhost:5173/src/ui/labs/RhizomeLab.tsx?t=1772147833677:1882:7)
Page Error: n is not defined
ReferenceError: n is not defined
    at applyForces (http://localhost:5173/src/sim/rhizome/rhizomeEngine.ts:473:38)
    at tickRhizome (http://localhost:5173/src/sim/rhizome/rhizomeEngine.ts:326:3)
    at loop (http://localhost:5173/src/ui/labs/RhizomeLab.tsx?t=1772147833677:1882:7)
Page Error: n is not defined
ReferenceError: n is not defined
    at applyForces (http://localhost:5173/src/sim/rhizome/rhizomeEngine.ts:473:38)
    at tickRhizome (http://localhost:5173/src/sim/rhizome/rhizomeEngine.ts:326:3)
    at loop (http://localhost:5173/src/ui/labs/RhizomeLab.tsx?t=1772147833677:1882:7)
Page Error: n is not defined
ReferenceError: n is not defined
    at applyForces (http://localhost:5173/src/sim/rhizome/rhizomeEngine.ts:473:38)
    at tickRhizome (http://localhost:5173/src/sim/rhizome/rhizomeEngine.ts:326:3)
    at loop (http://localhost:5173/src/ui/labs/RhizomeLab.tsx?t=1772147833677:1882:7)
Page Error: n is not defined
ReferenceError: n is not defined
    at applyForces (http://localhost:5173/src/sim/rhizome/rhizomeEngine.ts:473:38)
    at tickRhizome (http://localhost:5173/src/sim/rhizome/rhizomeEngine.ts:326:3)
    at loop (http://localhost:5173/src/ui/labs/RhizomeLab.tsx?t=1772147833677:1882:7)
Page Error: n is not defined
ReferenceError: n is not defined
    at applyForces (http://localhost:5173/src/sim/rhizome/rhizomeEngine.ts:473:38)
    at tickRhizome (http://localhost:5173/src/sim/rhizome/rhizomeEngine.ts:326:3)
    at loop (http://localhost:5173/src/ui/labs/RhizomeLab.tsx?t=1772147833677:1882:7)
Page Error: n is not defined
ReferenceError: n is not defined
    at applyForces (http://localhost:5173/src/sim/rhizome/rhizomeEngine.ts:473:38)
    at tickRhizome (http://localhost:5173/src/sim/rhizome/rhizomeEngine.ts:326:3)
    at loop (http://localhost:5173/src/ui/labs/RhizomeLab.tsx?t=1772147833677:1882:7)
Page Error: n is not defined
ReferenceError: n is not defined
    at applyForces (http://localhost:5173/src/sim/rhizome/rhizomeEngine.ts:473:38)
    at tickRhizome (http://localhost:5173/src/sim/rhizome/rhizomeEngine.ts:326:3)
    at loop (http://localhost:5173/src/ui/labs/RhizomeLab.tsx?t=1772147833677:1882:7)
Page Error: n is not defined
ReferenceError: n is not defined
    at applyForces (http://localhost:5173/src/sim/rhizome/rhizomeEngine.ts:473:38)
    at tickRhizome (http://localhost:5173/src/sim/rhizome/rhizomeEngine.ts:326:3)
    at loop (http://localhost:5173/src/ui/labs/RhizomeLab.tsx?t=1772147833677:1882:7)
Page Error: n is not defined
ReferenceError: n is not defined
    at applyForces (http://localhost:5173/src/sim/rhizome/rhizomeEngine.ts:473:38)
    at tickRhizome (http://localhost:5173/src/sim/rhizome/rhizomeEngine.ts:326:3)
    at loop (http://localhost:5173/src/ui/labs/RhizomeLab.tsx?t=1772147833677:1882:7)
Page Error: n is not defined
ReferenceError: n is not defined
    at applyForces (http://localhost:5173/src/sim/rhizome/rhizomeEngine.ts:473:38)
    at tickRhizome (http://localhost:5173/src/sim/rhizome/rhizomeEngine.ts:326:3)
    at loop (http://localhost:5173/src/ui/labs/RhizomeLab.tsx?t=1772147833677:1882:7)
Page Error: n is not defined
ReferenceError: n is not defined
    at applyForces (http://localhost:5173/src/sim/rhizome/rhizomeEngine.ts:473:38)
    at tickRhizome (http://localhost:5173/src/sim/rhizome/rhizomeEngine.ts:326:3)
    at loop (http://localhost:5173/src/ui/labs/RhizomeLab.tsx?t=1772147833677:1882:7)
Page Error: n is not defined
ReferenceError: n is not defined
    at applyForces (http://localhost:5173/src/sim/rhizome/rhizomeEngine.ts:473:38)
    at tickRhizome (http://localhost:5173/src/sim/rhizome/rhizomeEngine.ts:326:3)
    at loop (http://localhost:5173/src/ui/labs/RhizomeLab.tsx?t=1772147833677:1882:7)
Page Error: n is not defined
ReferenceError: n is not defined
    at applyForces (http://localhost:5173/src/sim/rhizome/rhizomeEngine.ts:473:38)
    at tickRhizome (http://localhost:5173/src/sim/rhizome/rhizomeEngine.ts:326:3)
    at loop (http://localhost:5173/src/ui/labs/RhizomeLab.tsx?t=1772147833677:1882:7)
Page Error: n is not defined
ReferenceError: n is not defined
    at applyForces (http://localhost:5173/src/sim/rhizome/rhizomeEngine.ts:473:38)
    at tickRhizome (http://localhost:5173/src/sim/rhizome/rhizomeEngine.ts:326:3)
    at loop (http://localhost:5173/src/ui/labs/RhizomeLab.tsx?t=1772147833677:1882:7)
Page Error: n is not defined
ReferenceError: n is not defined
    at applyForces (http://localhost:5173/src/sim/rhizome/rhizomeEngine.ts:473:38)
    at tickRhizome (http://localhost:5173/src/sim/rhizome/rhizomeEngine.ts:326:3)
    at loop (http://localhost:5173/src/ui/labs/RhizomeLab.tsx?t=1772147833677:1882:7)
Page Error: n is not defined
ReferenceError: n is not defined
    at applyForces (http://localhost:5173/src/sim/rhizome/rhizomeEngine.ts:473:38)
    at tickRhizome (http://localhost:5173/src/sim/rhizome/rhizomeEngine.ts:326:3)
    at loop (http://localhost:5173/src/ui/labs/RhizomeLab.tsx?t=1772147833677:1882:7)
Page Error: n is not defined
ReferenceError: n is not defined
    at applyForces (http://localhost:5173/src/sim/rhizome/rhizomeEngine.ts:473:38)
    at tickRhizome (http://localhost:5173/src/sim/rhizome/rhizomeEngine.ts:326:3)
    at loop (http://localhost:5173/src/ui/labs/RhizomeLab.tsx?t=1772147833677:1882:7)
Page Error: n is not defined
ReferenceError: n is not defined
    at applyForces (http://localhost:5173/src/sim/rhizome/rhizomeEngine.ts:473:38)
    at tickRhizome (http://localhost:5173/src/sim/rhizome/rhizomeEngine.ts:326:3)
    at loop (http://localhost:5173/src/ui/labs/RhizomeLab.tsx?t=1772147833677:1882:7)
Page Error: n is not defined
ReferenceError: n is not defined
    at applyForces (http://localhost:5173/src/sim/rhizome/rhizomeEngine.ts:473:38)
    at tickRhizome (http://localhost:5173/src/sim/rhizome/rhizomeEngine.ts:326:3)
    at loop (http://localhost:5173/src/ui/labs/RhizomeLab.tsx?t=1772147833677:1882:7)
Page Error: n is not defined
ReferenceError: n is not defined
    at applyForces (http://localhost:5173/src/sim/rhizome/rhizomeEngine.ts:473:38)
    at tickRhizome (http://localhost:5173/src/sim/rhizome/rhizomeEngine.ts:326:3)
    at loop (http://localhost:5173/src/ui/labs/RhizomeLab.tsx?t=1772147833677:1882:7)
Page Error: n is not defined
ReferenceError: n is not defined
    at applyForces (http://localhost:5173/src/sim/rhizome/rhizomeEngine.ts:473:38)
    at tickRhizome (http://localhost:5173/src/sim/rhizome/rhizomeEngine.ts:326:3)
    at loop (http://localhost:5173/src/ui/labs/RhizomeLab.tsx?t=1772147833677:1882:7)
Page Error: n is not defined
ReferenceError: n is not defined
    at applyForces (http://localhost:5173/src/sim/rhizome/rhizomeEngine.ts:473:38)
    at tickRhizome (http://localhost:5173/src/sim/rhizome/rhizomeEngine.ts:326:3)
    at loop (http://localhost:5173/src/ui/labs/RhizomeLab.tsx?t=1772147833677:1882:7)
Page Error: n is not defined
ReferenceError: n is not defined
    at applyForces (http://localhost:5173/src/sim/rhizome/rhizomeEngine.ts:473:38)
    at tickRhizome (http://localhost:5173/src/sim/rhizome/rhizomeEngine.ts:326:3)
    at loop (http://localhost:5173/src/ui/labs/RhizomeLab.tsx?t=1772147833677:1882:7)
Page Error: n is not defined
ReferenceError: n is not defined
    at applyForces (http://localhost:5173/src/sim/rhizome/rhizomeEngine.ts:473:38)
    at tickRhizome (http://localhost:5173/src/sim/rhizome/rhizomeEngine.ts:326:3)
    at loop (http://localhost:5173/src/ui/labs/RhizomeLab.tsx?t=1772147833677:1882:7)
Page Error: n is not defined
ReferenceError: n is not defined
    at applyForces (http://localhost:5173/src/sim/rhizome/rhizomeEngine.ts:473:38)
    at tickRhizome (http://localhost:5173/src/sim/rhizome/rhizomeEngine.ts:326:3)
    at loop (http://localhost:5173/src/ui/labs/RhizomeLab.tsx?t=1772147833677:1882:7)
Page Error: n is not defined
ReferenceError: n is not defined
    at applyForces (http://localhost:5173/src/sim/rhizome/rhizomeEngine.ts:473:38)
    at tickRhizome (http://localhost:5173/src/sim/rhizome/rhizomeEngine.ts:326:3)
    at loop (http://localhost:5173/src/ui/labs/RhizomeLab.tsx?t=1772147833677:1882:7)
Page Error: n is not defined
ReferenceError: n is not defined
    at applyForces (http://localhost:5173/src/sim/rhizome/rhizomeEngine.ts:473:38)
    at tickRhizome (http://localhost:5173/src/sim/rhizome/rhizomeEngine.ts:326:3)
    at loop (http://localhost:5173/src/ui/labs/RhizomeLab.tsx?t=1772147833677:1882:7)
Page Error: n is not defined
ReferenceError: n is not defined
    at applyForces (http://localhost:5173/src/sim/rhizome/rhizomeEngine.ts:473:38)
    at tickRhizome (http://localhost:5173/src/sim/rhizome/rhizomeEngine.ts:326:3)
    at loop (http://localhost:5173/src/ui/labs/RhizomeLab.tsx?t=1772147833677:1882:7)
Page Error: n is not defined
ReferenceError: n is not defined
    at applyForces (http://localhost:5173/src/sim/rhizome/rhizomeEngine.ts:473:38)
    at tickRhizome (http://localhost:5173/src/sim/rhizome/rhizomeEngine.ts:326:3)
    at loop (http://localhost:5173/src/ui/labs/RhizomeLab.tsx?t=1772147833677:1882:7)
Page Error: n is not defined
ReferenceError: n is not defined
    at applyForces (http://localhost:5173/src/sim/rhizome/rhizomeEngine.ts:473:38)
    at tickRhizome (http://localhost:5173/src/sim/rhizome/rhizomeEngine.ts:326:3)
    at loop (http://localhost:5173/src/ui/labs/RhizomeLab.tsx?t=1772147833677:1882:7)
Page Error: n is not defined
ReferenceError: n is not defined
    at applyForces (http://localhost:5173/src/sim/rhizome/rhizomeEngine.ts:473:38)
    at tickRhizome (http://localhost:5173/src/sim/rhizome/rhizomeEngine.ts:326:3)
    at loop (http://localhost:5173/src/ui/labs/RhizomeLab.tsx?t=1772147833677:1882:7)
Page Error: n is not defined
ReferenceError: n is not defined
    at applyForces (http://localhost:5173/src/sim/rhizome/rhizomeEngine.ts:473:38)
    at tickRhizome (http://localhost:5173/src/sim/rhizome/rhizomeEngine.ts:326:3)
    at loop (http://localhost:5173/src/ui/labs/RhizomeLab.tsx?t=1772147833677:1882:7)
Page Error: n is not defined
ReferenceError: n is not defined
    at applyForces (http://localhost:5173/src/sim/rhizome/rhizomeEngine.ts:473:38)
    at tickRhizome (http://localhost:5173/src/sim/rhizome/rhizomeEngine.ts:326:3)
    at loop (http://localhost:5173/src/ui/labs/RhizomeLab.tsx?t=1772147833677:1882:7)
Page Error: n is not defined
ReferenceError: n is not defined
    at applyForces (http://localhost:5173/src/sim/rhizome/rhizomeEngine.ts:473:38)
    at tickRhizome (http://localhost:5173/src/sim/rhizome/rhizomeEngine.ts:326:3)
    at loop (http://localhost:5173/src/ui/labs/RhizomeLab.tsx?t=1772147833677:1882:7)
Page Error: n is not defined
ReferenceError: n is not defined
    at applyForces (http://localhost:5173/src/sim/rhizome/rhizomeEngine.ts:473:38)
    at tickRhizome (http://localhost:5173/src/sim/rhizome/rhizomeEngine.ts:326:3)
    at loop (http://localhost:5173/src/ui/labs/RhizomeLab.tsx?t=1772147833677:1882:7)
Page Error: n is not defined
ReferenceError: n is not defined
    at applyForces (http://localhost:5173/src/sim/rhizome/rhizomeEngine.ts:473:38)
    at tickRhizome (http://localhost:5173/src/sim/rhizome/rhizomeEngine.ts:326:3)
    at loop (http://localhost:5173/src/ui/labs/RhizomeLab.tsx?t=1772147833677:1882:7)
Page Error: n is not defined
ReferenceError: n is not defined
    at applyForces (http://localhost:5173/src/sim/rhizome/rhizomeEngine.ts:473:38)
    at tickRhizome (http://localhost:5173/src/sim/rhizome/rhizomeEngine.ts:326:3)
    at loop (http://localhost:5173/src/ui/labs/RhizomeLab.tsx?t=1772147833677:1882:7)
Page Error: n is not defined
ReferenceError: n is not defined
    at applyForces (http://localhost:5173/src/sim/rhizome/rhizomeEngine.ts:473:38)
    at tickRhizome (http://localhost:5173/src/sim/rhizome/rhizomeEngine.ts:326:3)
    at loop (http://localhost:5173/src/ui/labs/RhizomeLab.tsx?t=1772147833677:1882:7)
Page Error: n is not defined
ReferenceError: n is not defined
    at applyForces (http://localhost:5173/src/sim/rhizome/rhizomeEngine.ts:473:38)
    at tickRhizome (http://localhost:5173/src/sim/rhizome/rhizomeEngine.ts:326:3)
    at loop (http://localhost:5173/src/ui/labs/RhizomeLab.tsx?t=1772147833677:1882:7)
Page Error: n is not defined
ReferenceError: n is not defined
    at applyForces (http://localhost:5173/src/sim/rhizome/rhizomeEngine.ts:473:38)
    at tickRhizome (http://localhost:5173/src/sim/rhizome/rhizomeEngine.ts:326:3)
    at loop (http://localhost:5173/src/ui/labs/RhizomeLab.tsx?t=1772147833677:1882:7)
Page Error: n is not defined
ReferenceError: n is not defined
    at applyForces (http://localhost:5173/src/sim/rhizome/rhizomeEngine.ts:473:38)
    at tickRhizome (http://localhost:5173/src/sim/rhizome/rhizomeEngine.ts:326:3)
    at loop (http://localhost:5173/src/ui/labs/RhizomeLab.tsx?t=1772147833677:1882:7)
Page Error: n is not defined
ReferenceError: n is not defined
    at applyForces (http://localhost:5173/src/sim/rhizome/rhizomeEngine.ts:473:38)
    at tickRhizome (http://localhost:5173/src/sim/rhizome/rhizomeEngine.ts:326:3)
    at loop (http://localhost:5173/src/ui/labs/RhizomeLab.tsx?t=1772147833677:1882:7)
Page Error: n is not defined
ReferenceError: n is not defined
    at applyForces (http://localhost:5173/src/sim/rhizome/rhizomeEngine.ts:473:38)
    at tickRhizome (http://localhost:5173/src/sim/rhizome/rhizomeEngine.ts:326:3)
    at loop (http://localhost:5173/src/ui/labs/RhizomeLab.tsx?t=1772147833677:1882:7)
Page Error: n is not defined
ReferenceError: n is not defined
    at applyForces (http://localhost:5173/src/sim/rhizome/rhizomeEngine.ts:473:38)
    at tickRhizome (http://localhost:5173/src/sim/rhizome/rhizomeEngine.ts:326:3)
    at loop (http://localhost:5173/src/ui/labs/RhizomeLab.tsx?t=1772147833677:1882:7)
Page Error: n is not defined
ReferenceError: n is not defined
    at applyForces (http://localhost:5173/src/sim/rhizome/rhizomeEngine.ts:473:38)
    at tickRhizome (http://localhost:5173/src/sim/rhizome/rhizomeEngine.ts:326:3)
    at loop (http://localhost:5173/src/ui/labs/RhizomeLab.tsx?t=1772147833677:1882:7)
Page Error: n is not defined
ReferenceError: n is not defined
    at applyForces (http://localhost:5173/src/sim/rhizome/rhizomeEngine.ts:473:38)
    at tickRhizome (http://localhost:5173/src/sim/rhizome/rhizomeEngine.ts:326:3)
    at loop (http://localhost:5173/src/ui/labs/RhizomeLab.tsx?t=1772147833677:1882:7)
Page Error: n is not defined
ReferenceError: n is not defined
    at applyForces (http://localhost:5173/src/sim/rhizome/rhizomeEngine.ts:473:38)
    at tickRhizome (http://localhost:5173/src/sim/rhizome/rhizomeEngine.ts:326:3)
    at loop (http://localhost:5173/src/ui/labs/RhizomeLab.tsx?t=1772147833677:1882:7)
Page Error: n is not defined
ReferenceError: n is not defined
    at applyForces (http://localhost:5173/src/sim/rhizome/rhizomeEngine.ts:473:38)
    at tickRhizome (http://localhost:5173/src/sim/rhizome/rhizomeEngine.ts:326:3)
    at loop (http://localhost:5173/src/ui/labs/RhizomeLab.tsx?t=1772147833677:1882:7)
Page Error: n is not defined
ReferenceError: n is not defined
    at applyForces (http://localhost:5173/src/sim/rhizome/rhizomeEngine.ts:473:38)
    at tickRhizome (http://localhost:5173/src/sim/rhizome/rhizomeEngine.ts:326:3)
    at loop (http://localhost:5173/src/ui/labs/RhizomeLab.tsx?t=1772147833677:1882:7)
Page Error: n is not defined
ReferenceError: n is not defined
    at applyForces (http://localhost:5173/src/sim/rhizome/rhizomeEngine.ts:473:38)
    at tickRhizome (http://localhost:5173/src/sim/rhizome/rhizomeEngine.ts:326:3)
    at loop (http://localhost:5173/src/ui/labs/RhizomeLab.tsx?t=1772147833677:1882:7)
Page Error: n is not defined
ReferenceError: n is not defined
    at applyForces (http://localhost:5173/src/sim/rhizome/rhizomeEngine.ts:473:38)
    at tickRhizome (http://localhost:5173/src/sim/rhizome/rhizomeEngine.ts:326:3)
    at loop (http://localhost:5173/src/ui/labs/RhizomeLab.tsx?t=1772147833677:1882:7)
Page Error: n is not defined
ReferenceError: n is not defined
    at applyForces (http://localhost:5173/src/sim/rhizome/rhizomeEngine.ts:473:38)
    at tickRhizome (http://localhost:5173/src/sim/rhizome/rhizomeEngine.ts:326:3)
    at loop (http://localhost:5173/src/ui/labs/RhizomeLab.tsx?t=1772147833677:1882:7)
Page Error: n is not defined
ReferenceError: n is not defined
    at applyForces (http://localhost:5173/src/sim/rhizome/rhizomeEngine.ts:473:38)
    at tickRhizome (http://localhost:5173/src/sim/rhizome/rhizomeEngine.ts:326:3)
    at loop (http://localhost:5173/src/ui/labs/RhizomeLab.tsx?t=1772147833677:1882:7)
Page Error: n is not defined
ReferenceError: n is not defined
    at applyForces (http://localhost:5173/src/sim/rhizome/rhizomeEngine.ts:473:38)
    at tickRhizome (http://localhost:5173/src/sim/rhizome/rhizomeEngine.ts:326:3)
    at loop (http://localhost:5173/src/ui/labs/RhizomeLab.tsx?t=1772147833677:1882:7)
Page Error: n is not defined
ReferenceError: n is not defined
    at applyForces (http://localhost:5173/src/sim/rhizome/rhizomeEngine.ts:473:38)
    at tickRhizome (http://localhost:5173/src/sim/rhizome/rhizomeEngine.ts:326:3)
    at loop (http://localhost:5173/src/ui/labs/RhizomeLab.tsx?t=1772147833677:1882:7)
Page Error: n is not defined
ReferenceError: n is not defined
    at applyForces (http://localhost:5173/src/sim/rhizome/rhizomeEngine.ts:473:38)
    at tickRhizome (http://localhost:5173/src/sim/rhizome/rhizomeEngine.ts:326:3)
    at loop (http://localhost:5173/src/ui/labs/RhizomeLab.tsx?t=1772147833677:1882:7)
Page Error: n is not defined
ReferenceError: n is not defined
    at applyForces (http://localhost:5173/src/sim/rhizome/rhizomeEngine.ts:473:38)
    at tickRhizome (http://localhost:5173/src/sim/rhizome/rhizomeEngine.ts:326:3)
    at loop (http://localhost:5173/src/ui/labs/RhizomeLab.tsx?t=1772147833677:1882:7)
Page Error: n is not defined
ReferenceError: n is not defined
    at applyForces (http://localhost:5173/src/sim/rhizome/rhizomeEngine.ts:473:38)
    at tickRhizome (http://localhost:5173/src/sim/rhizome/rhizomeEngine.ts:326:3)
    at loop (http://localhost:5173/src/ui/labs/RhizomeLab.tsx?t=1772147833677:1882:7)
Page Error: n is not defined
ReferenceError: n is not defined
    at applyForces (http://localhost:5173/src/sim/rhizome/rhizomeEngine.ts:473:38)
    at tickRhizome (http://localhost:5173/src/sim/rhizome/rhizomeEngine.ts:326:3)
    at loop (http://localhost:5173/src/ui/labs/RhizomeLab.tsx?t=1772147833677:1882:7)
Page Error: n is not defined
ReferenceError: n is not defined
    at applyForces (http://localhost:5173/src/sim/rhizome/rhizomeEngine.ts:473:38)
    at tickRhizome (http://localhost:5173/src/sim/rhizome/rhizomeEngine.ts:326:3)
    at loop (http://localhost:5173/src/ui/labs/RhizomeLab.tsx?t=1772147833677:1882:7)
Page Error: n is not defined
ReferenceError: n is not defined
    at applyForces (http://localhost:5173/src/sim/rhizome/rhizomeEngine.ts:473:38)
    at tickRhizome (http://localhost:5173/src/sim/rhizome/rhizomeEngine.ts:326:3)
    at loop (http://localhost:5173/src/ui/labs/RhizomeLab.tsx?t=1772147833677:1882:7)
Page Error: n is not defined
ReferenceError: n is not defined
    at applyForces (http://localhost:5173/src/sim/rhizome/rhizomeEngine.ts:473:38)
    at tickRhizome (http://localhost:5173/src/sim/rhizome/rhizomeEngine.ts:326:3)
    at loop (http://localhost:5173/src/ui/labs/RhizomeLab.tsx?t=1772147833677:1882:7)
Page Error: n is not defined
ReferenceError: n is not defined
    at applyForces (http://localhost:5173/src/sim/rhizome/rhizomeEngine.ts:473:38)
    at tickRhizome (http://localhost:5173/src/sim/rhizome/rhizomeEngine.ts:326:3)
    at loop (http://localhost:5173/src/ui/labs/RhizomeLab.tsx?t=1772147833677:1882:7)
Page Error: n is not defined
ReferenceError: n is not defined
    at applyForces (http://localhost:5173/src/sim/rhizome/rhizomeEngine.ts:473:38)
    at tickRhizome (http://localhost:5173/src/sim/rhizome/rhizomeEngine.ts:326:3)
    at loop (http://localhost:5173/src/ui/labs/RhizomeLab.tsx?t=1772147833677:1882:7)
Page Error: n is not defined
ReferenceError: n is not defined
    at applyForces (http://localhost:5173/src/sim/rhizome/rhizomeEngine.ts:473:38)
    at tickRhizome (http://localhost:5173/src/sim/rhizome/rhizomeEngine.ts:326:3)
    at loop (http://localhost:5173/src/ui/labs/RhizomeLab.tsx?t=1772147833677:1882:7)
Page Error: n is not defined
ReferenceError: n is not defined
    at applyForces (http://localhost:5173/src/sim/rhizome/rhizomeEngine.ts:473:38)
    at tickRhizome (http://localhost:5173/src/sim/rhizome/rhizomeEngine.ts:326:3)
    at loop (http://localhost:5173/src/ui/labs/RhizomeLab.tsx?t=1772147833677:1882:7)
Page Error: n is not defined
ReferenceError: n is not defined
    at applyForces (http://localhost:5173/src/sim/rhizome/rhizomeEngine.ts:473:38)
    at tickRhizome (http://localhost:5173/src/sim/rhizome/rhizomeEngine.ts:326:3)
    at loop (http://localhost:5173/src/ui/labs/RhizomeLab.tsx?t=1772147833677:1882:7)
Page Error: n is not defined
ReferenceError: n is not defined
    at applyForces (http://localhost:5173/src/sim/rhizome/rhizomeEngine.ts:473:38)
    at tickRhizome (http://localhost:5173/src/sim/rhizome/rhizomeEngine.ts:326:3)
    at loop (http://localhost:5173/src/ui/labs/RhizomeLab.tsx?t=1772147833677:1882:7)
Page Error: n is not defined
ReferenceError: n is not defined
    at applyForces (http://localhost:5173/src/sim/rhizome/rhizomeEngine.ts:473:38)
    at tickRhizome (http://localhost:5173/src/sim/rhizome/rhizomeEngine.ts:326:3)
    at loop (http://localhost:5173/src/ui/labs/RhizomeLab.tsx?t=1772147833677:1882:7)
Page Error: n is not defined
ReferenceError: n is not defined
    at applyForces (http://localhost:5173/src/sim/rhizome/rhizomeEngine.ts:473:38)
    at tickRhizome (http://localhost:5173/src/sim/rhizome/rhizomeEngine.ts:326:3)
    at loop (http://localhost:5173/src/ui/labs/RhizomeLab.tsx?t=1772147833677:1882:7)
Page Error: n is not defined
ReferenceError: n is not defined
    at applyForces (http://localhost:5173/src/sim/rhizome/rhizomeEngine.ts:473:38)
    at tickRhizome (http://localhost:5173/src/sim/rhizome/rhizomeEngine.ts:326:3)
    at loop (http://localhost:5173/src/ui/labs/RhizomeLab.tsx?t=1772147833677:1882:7)
Page Error: n is not defined
ReferenceError: n is not defined
    at applyForces (http://localhost:5173/src/sim/rhizome/rhizomeEngine.ts:473:38)
    at tickRhizome (http://localhost:5173/src/sim/rhizome/rhizomeEngine.ts:326:3)
    at loop (http://localhost:5173/src/ui/labs/RhizomeLab.tsx?t=1772147833677:1882:7)
Page Error: n is not defined
ReferenceError: n is not defined
    at applyForces (http://localhost:5173/src/sim/rhizome/rhizomeEngine.ts:473:38)
    at tickRhizome (http://localhost:5173/src/sim/rhizome/rhizomeEngine.ts:326:3)
    at loop (http://localhost:5173/src/ui/labs/RhizomeLab.tsx?t=1772147833677:1882:7)
Page Error: n is not defined
ReferenceError: n is not defined
    at applyForces (http://localhost:5173/src/sim/rhizome/rhizomeEngine.ts:473:38)
    at tickRhizome (http://localhost:5173/src/sim/rhizome/rhizomeEngine.ts:326:3)
    at loop (http://localhost:5173/src/ui/labs/RhizomeLab.tsx?t=1772147833677:1882:7)
Page Error: n is not defined
ReferenceError: n is not defined
    at applyForces (http://localhost:5173/src/sim/rhizome/rhizomeEngine.ts:473:38)
    at tickRhizome (http://localhost:5173/src/sim/rhizome/rhizomeEngine.ts:326:3)
    at loop (http://localhost:5173/src/ui/labs/RhizomeLab.tsx?t=1772147833677:1882:7)
Page Error: n is not defined
ReferenceError: n is not defined
    at applyForces (http://localhost:5173/src/sim/rhizome/rhizomeEngine.ts:473:38)
    at tickRhizome (http://localhost:5173/src/sim/rhizome/rhizomeEngine.ts:326:3)
    at loop (http://localhost:5173/src/ui/labs/RhizomeLab.tsx?t=1772147833677:1882:7)
Page Error: n is not defined
ReferenceError: n is not defined
    at applyForces (http://localhost:5173/src/sim/rhizome/rhizomeEngine.ts:473:38)
    at tickRhizome (http://localhost:5173/src/sim/rhizome/rhizomeEngine.ts:326:3)
    at loop (http://localhost:5173/src/ui/labs/RhizomeLab.tsx?t=1772147833677:1882:7)
Page Error: n is not defined
ReferenceError: n is not defined
    at applyForces (http://localhost:5173/src/sim/rhizome/rhizomeEngine.ts:473:38)
    at tickRhizome (http://localhost:5173/src/sim/rhizome/rhizomeEngine.ts:326:3)
    at loop (http://localhost:5173/src/ui/labs/RhizomeLab.tsx?t=1772147833677:1882:7)
Page Error: n is not defined
ReferenceError: n is not defined
    at applyForces (http://localhost:5173/src/sim/rhizome/rhizomeEngine.ts:473:38)
    at tickRhizome (http://localhost:5173/src/sim/rhizome/rhizomeEngine.ts:326:3)
    at loop (http://localhost:5173/src/ui/labs/RhizomeLab.tsx?t=1772147833677:1882:7)
Page Error: n is not defined
ReferenceError: n is not defined
    at applyForces (http://localhost:5173/src/sim/rhizome/rhizomeEngine.ts:473:38)
    at tickRhizome (http://localhost:5173/src/sim/rhizome/rhizomeEngine.ts:326:3)
    at loop (http://localhost:5173/src/ui/labs/RhizomeLab.tsx?t=1772147833677:1882:7)
Page Error: n is not defined
ReferenceError: n is not defined
    at applyForces (http://localhost:5173/src/sim/rhizome/rhizomeEngine.ts:473:38)
    at tickRhizome (http://localhost:5173/src/sim/rhizome/rhizomeEngine.ts:326:3)
    at loop (http://localhost:5173/src/ui/labs/RhizomeLab.tsx?t=1772147833677:1882:7)
Page Error: n is not defined
ReferenceError: n is not defined
    at applyForces (http://localhost:5173/src/sim/rhizome/rhizomeEngine.ts:473:38)
    at tickRhizome (http://localhost:5173/src/sim/rhizome/rhizomeEngine.ts:326:3)
    at loop (http://localhost:5173/src/ui/labs/RhizomeLab.tsx?t=1772147833677:1882:7)
Page Error: n is not defined
ReferenceError: n is not defined
    at applyForces (http://localhost:5173/src/sim/rhizome/rhizomeEngine.ts:473:38)
    at tickRhizome (http://localhost:5173/src/sim/rhizome/rhizomeEngine.ts:326:3)
    at loop (http://localhost:5173/src/ui/labs/RhizomeLab.tsx?t=1772147833677:1882:7)
Page Error: n is not defined
ReferenceError: n is not defined
    at applyForces (http://localhost:5173/src/sim/rhizome/rhizomeEngine.ts:473:38)
    at tickRhizome (http://localhost:5173/src/sim/rhizome/rhizomeEngine.ts:326:3)
    at loop (http://localhost:5173/src/ui/labs/RhizomeLab.tsx?t=1772147833677:1882:7)
Page Error: n is not defined
ReferenceError: n is not defined
    at applyForces (http://localhost:5173/src/sim/rhizome/rhizomeEngine.ts:473:38)
    at tickRhizome (http://localhost:5173/src/sim/rhizome/rhizomeEngine.ts:326:3)
    at loop (http://localhost:5173/src/ui/labs/RhizomeLab.tsx?t=1772147833677:1882:7)
Page Error: n is not defined
ReferenceError: n is not defined
    at applyForces (http://localhost:5173/src/sim/rhizome/rhizomeEngine.ts:473:38)
    at tickRhizome (http://localhost:5173/src/sim/rhizome/rhizomeEngine.ts:326:3)
    at loop (http://localhost:5173/src/ui/labs/RhizomeLab.tsx?t=1772147833677:1882:7)
Page Error: n is not defined
ReferenceError: n is not defined
    at applyForces (http://localhost:5173/src/sim/rhizome/rhizomeEngine.ts:473:38)
    at tickRhizome (http://localhost:5173/src/sim/rhizome/rhizomeEngine.ts:326:3)
    at loop (http://localhost:5173/src/ui/labs/RhizomeLab.tsx?t=1772147833677:1882:7)
Page Error: n is not defined
ReferenceError: n is not defined
    at applyForces (http://localhost:5173/src/sim/rhizome/rhizomeEngine.ts:473:38)
    at tickRhizome (http://localhost:5173/src/sim/rhizome/rhizomeEngine.ts:326:3)
    at loop (http://localhost:5173/src/ui/labs/RhizomeLab.tsx?t=1772147833677:1882:7)
Page Error: n is not defined
ReferenceError: n is not defined
    at applyForces (http://localhost:5173/src/sim/rhizome/rhizomeEngine.ts:473:38)
    at tickRhizome (http://localhost:5173/src/sim/rhizome/rhizomeEngine.ts:326:3)
    at loop (http://localhost:5173/src/ui/labs/RhizomeLab.tsx?t=1772147833677:1882:7)
Page Error: n is not defined
ReferenceError: n is not defined
    at applyForces (http://localhost:5173/src/sim/rhizome/rhizomeEngine.ts:473:38)
    at tickRhizome (http://localhost:5173/src/sim/rhizome/rhizomeEngine.ts:326:3)
    at loop (http://localhost:5173/src/ui/labs/RhizomeLab.tsx?t=1772147833677:1882:7)
Page Error: n is not defined
ReferenceError: n is not defined
    at applyForces (http://localhost:5173/src/sim/rhizome/rhizomeEngine.ts:473:38)
    at tickRhizome (http://localhost:5173/src/sim/rhizome/rhizomeEngine.ts:326:3)
    at loop (http://localhost:5173/src/ui/labs/RhizomeLab.tsx?t=1772147833677:1882:7)
Page Error: n is not defined
ReferenceError: n is not defined
    at applyForces (http://localhost:5173/src/sim/rhizome/rhizomeEngine.ts:473:38)
    at tickRhizome (http://localhost:5173/src/sim/rhizome/rhizomeEngine.ts:326:3)
    at loop (http://localhost:5173/src/ui/labs/RhizomeLab.tsx?t=1772147833677:1882:7)
Page Error: n is not defined
ReferenceError: n is not defined
    at applyForces (http://localhost:5173/src/sim/rhizome/rhizomeEngine.ts:473:38)
    at tickRhizome (http://localhost:5173/src/sim/rhizome/rhizomeEngine.ts:326:3)
    at loop (http://localhost:5173/src/ui/labs/RhizomeLab.tsx?t=1772147833677:1882:7)
Page Error: n is not defined
ReferenceError: n is not defined
    at applyForces (http://localhost:5173/src/sim/rhizome/rhizomeEngine.ts:473:38)
    at tickRhizome (http://localhost:5173/src/sim/rhizome/rhizomeEngine.ts:326:3)
    at loop (http://localhost:5173/src/ui/labs/RhizomeLab.tsx?t=1772147833677:1882:7)
Page Error: n is not defined
ReferenceError: n is not defined
    at applyForces (http://localhost:5173/src/sim/rhizome/rhizomeEngine.ts:473:38)
    at tickRhizome (http://localhost:5173/src/sim/rhizome/rhizomeEngine.ts:326:3)
    at loop (http://localhost:5173/src/ui/labs/RhizomeLab.tsx?t=1772147833677:1882:7)
Page Error: n is not defined
ReferenceError: n is not defined
    at applyForces (http://localhost:5173/src/sim/rhizome/rhizomeEngine.ts:473:38)
    at tickRhizome (http://localhost:5173/src/sim/rhizome/rhizomeEngine.ts:326:3)
    at loop (http://localhost:5173/src/ui/labs/RhizomeLab.tsx?t=1772147833677:1882:7)
Page Error: n is not defined
ReferenceError: n is not defined
    at applyForces (http://localhost:5173/src/sim/rhizome/rhizomeEngine.ts:473:38)
    at tickRhizome (http://localhost:5173/src/sim/rhizome/rhizomeEngine.ts:326:3)
    at loop (http://localhost:5173/src/ui/labs/RhizomeLab.tsx?t=1772147833677:1882:7)
Page Error: n is not defined
ReferenceError: n is not defined
    at applyForces (http://localhost:5173/src/sim/rhizome/rhizomeEngine.ts:473:38)
    at tickRhizome (http://localhost:5173/src/sim/rhizome/rhizomeEngine.ts:326:3)
    at loop (http://localhost:5173/src/ui/labs/RhizomeLab.tsx?t=1772147833677:1882:7)
Page Error: n is not defined
ReferenceError: n is not defined
    at applyForces (http://localhost:5173/src/sim/rhizome/rhizomeEngine.ts:473:38)
    at tickRhizome (http://localhost:5173/src/sim/rhizome/rhizomeEngine.ts:326:3)
    at loop (http://localhost:5173/src/ui/labs/RhizomeLab.tsx?t=1772147833677:1882:7)
Page Error: n is not defined
ReferenceError: n is not defined
    at applyForces (http://localhost:5173/src/sim/rhizome/rhizomeEngine.ts:473:38)
    at tickRhizome (http://localhost:5173/src/sim/rhizome/rhizomeEngine.ts:326:3)
    at loop (http://localhost:5173/src/ui/labs/RhizomeLab.tsx?t=1772147833677:1882:7)
Page Error: n is not defined
ReferenceError: n is not defined
    at applyForces (http://localhost:5173/src/sim/rhizome/rhizomeEngine.ts:473:38)
    at tickRhizome (http://localhost:5173/src/sim/rhizome/rhizomeEngine.ts:326:3)
    at loop (http://localhost:5173/src/ui/labs/RhizomeLab.tsx?t=1772147833677:1882:7)
Page Error: n is not defined
ReferenceError: n is not defined
    at applyForces (http://localhost:5173/src/sim/rhizome/rhizomeEngine.ts:473:38)
    at tickRhizome (http://localhost:5173/src/sim/rhizome/rhizomeEngine.ts:326:3)
    at loop (http://localhost:5173/src/ui/labs/RhizomeLab.tsx?t=1772147833677:1882:7)
Page Error: n is not defined
ReferenceError: n is not defined
    at applyForces (http://localhost:5173/src/sim/rhizome/rhizomeEngine.ts:473:38)
    at tickRhizome (http://localhost:5173/src/sim/rhizome/rhizomeEngine.ts:326:3)
    at loop (http://localhost:5173/src/ui/labs/RhizomeLab.tsx?t=1772147833677:1882:7)
Page Error: n is not defined
ReferenceError: n is not defined
    at applyForces (http://localhost:5173/src/sim/rhizome/rhizomeEngine.ts:473:38)
    at tickRhizome (http://localhost:5173/src/sim/rhizome/rhizomeEngine.ts:326:3)
    at loop (http://localhost:5173/src/ui/labs/RhizomeLab.tsx?t=1772147833677:1882:7)
Page Error: n is not defined
ReferenceError: n is not defined
    at applyForces (http://localhost:5173/src/sim/rhizome/rhizomeEngine.ts:473:38)
    at tickRhizome (http://localhost:5173/src/sim/rhizome/rhizomeEngine.ts:326:3)
    at loop (http://localhost:5173/src/ui/labs/RhizomeLab.tsx?t=1772147833677:1882:7)
Page Error: n is not defined
ReferenceError: n is not defined
    at applyForces (http://localhost:5173/src/sim/rhizome/rhizomeEngine.ts:473:38)
    at tickRhizome (http://localhost:5173/src/sim/rhizome/rhizomeEngine.ts:326:3)
    at loop (http://localhost:5173/src/ui/labs/RhizomeLab.tsx?t=1772147833677:1882:7)
Page Error: n is not defined
ReferenceError: n is not defined
    at applyForces (http://localhost:5173/src/sim/rhizome/rhizomeEngine.ts:473:38)
    at tickRhizome (http://localhost:5173/src/sim/rhizome/rhizomeEngine.ts:326:3)
    at loop (http://localhost:5173/src/ui/labs/RhizomeLab.tsx?t=1772147833677:1882:7)
Page Error: n is not defined
ReferenceError: n is not defined
    at applyForces (http://localhost:5173/src/sim/rhizome/rhizomeEngine.ts:473:38)
    at tickRhizome (http://localhost:5173/src/sim/rhizome/rhizomeEngine.ts:326:3)
    at loop (http://localhost:5173/src/ui/labs/RhizomeLab.tsx?t=1772147833677:1882:7)
Page Error: n is not defined
ReferenceError: n is not defined
    at applyForces (http://localhost:5173/src/sim/rhizome/rhizomeEngine.ts:473:38)
    at tickRhizome (http://localhost:5173/src/sim/rhizome/rhizomeEngine.ts:326:3)
    at loop (http://localhost:5173/src/ui/labs/RhizomeLab.tsx?t=1772147833677:1882:7)
Page Error: n is not defined
ReferenceError: n is not defined
    at applyForces (http://localhost:5173/src/sim/rhizome/rhizomeEngine.ts:473:38)
    at tickRhizome (http://localhost:5173/src/sim/rhizome/rhizomeEngine.ts:326:3)
    at loop (http://localhost:5173/src/ui/labs/RhizomeLab.tsx?t=1772147833677:1882:7)
Page Error: n is not defined
ReferenceError: n is not defined
    at applyForces (http://localhost:5173/src/sim/rhizome/rhizomeEngine.ts:473:38)
    at tickRhizome (http://localhost:5173/src/sim/rhizome/rhizomeEngine.ts:326:3)
    at loop (http://localhost:5173/src/ui/labs/RhizomeLab.tsx?t=1772147833677:1882:7)
Page Error: n is not defined
ReferenceError: n is not defined
    at applyForces (http://localhost:5173/src/sim/rhizome/rhizomeEngine.ts:473:38)
    at tickRhizome (http://localhost:5173/src/sim/rhizome/rhizomeEngine.ts:326:3)
    at loop (http://localhost:5173/src/ui/labs/RhizomeLab.tsx?t=1772147833677:1882:7)
Page Error: n is not defined
ReferenceError: n is not defined
    at applyForces (http://localhost:5173/src/sim/rhizome/rhizomeEngine.ts:473:38)
    at tickRhizome (http://localhost:5173/src/sim/rhizome/rhizomeEngine.ts:326:3)
    at loop (http://localhost:5173/src/ui/labs/RhizomeLab.tsx?t=1772147833677:1882:7)
Page Error: n is not defined
ReferenceError: n is not defined
    at applyForces (http://localhost:5173/src/sim/rhizome/rhizomeEngine.ts:473:38)
    at tickRhizome (http://localhost:5173/src/sim/rhizome/rhizomeEngine.ts:326:3)
    at loop (http://localhost:5173/src/ui/labs/RhizomeLab.tsx?t=1772147833677:1882:7)
Page Error: n is not defined
ReferenceError: n is not defined
    at applyForces (http://localhost:5173/src/sim/rhizome/rhizomeEngine.ts:473:38)
    at tickRhizome (http://localhost:5173/src/sim/rhizome/rhizomeEngine.ts:326:3)
    at loop (http://localhost:5173/src/ui/labs/RhizomeLab.tsx?t=1772147833677:1882:7)
Page Error: n is not defined
ReferenceError: n is not defined
    at applyForces (http://localhost:5173/src/sim/rhizome/rhizomeEngine.ts:473:38)
    at tickRhizome (http://localhost:5173/src/sim/rhizome/rhizomeEngine.ts:326:3)
    at loop (http://localhost:5173/src/ui/labs/RhizomeLab.tsx?t=1772147833677:1882:7)
Page Error: n is not defined
ReferenceError: n is not defined
    at applyForces (http://localhost:5173/src/sim/rhizome/rhizomeEngine.ts:473:38)
    at tickRhizome (http://localhost:5173/src/sim/rhizome/rhizomeEngine.ts:326:3)
    at loop (http://localhost:5173/src/ui/labs/RhizomeLab.tsx?t=1772147833677:1882:7)
Page Error: n is not defined
ReferenceError: n is not defined
    at applyForces (http://localhost:5173/src/sim/rhizome/rhizomeEngine.ts:473:38)
    at tickRhizome (http://localhost:5173/src/sim/rhizome/rhizomeEngine.ts:326:3)
    at loop (http://localhost:5173/src/ui/labs/RhizomeLab.tsx?t=1772147833677:1882:7)
Page Error: n is not defined
ReferenceError: n is not defined
    at applyForces (http://localhost:5173/src/sim/rhizome/rhizomeEngine.ts:473:38)
    at tickRhizome (http://localhost:5173/src/sim/rhizome/rhizomeEngine.ts:326:3)
    at loop (http://localhost:5173/src/ui/labs/RhizomeLab.tsx?t=1772147833677:1882:7)
Page Error: n is not defined
ReferenceError: n is not defined
    at applyForces (http://localhost:5173/src/sim/rhizome/rhizomeEngine.ts:473:38)
    at tickRhizome (http://localhost:5173/src/sim/rhizome/rhizomeEngine.ts:326:3)
    at loop (http://localhost:5173/src/ui/labs/RhizomeLab.tsx?t=1772147833677:1882:7)
Page Error: n is not defined
ReferenceError: n is not defined
    at applyForces (http://localhost:5173/src/sim/rhizome/rhizomeEngine.ts:473:38)
    at tickRhizome (http://localhost:5173/src/sim/rhizome/rhizomeEngine.ts:326:3)
    at loop (http://localhost:5173/src/ui/labs/RhizomeLab.tsx?t=1772147833677:1882:7)
Page Error: n is not defined
ReferenceError: n is not defined
    at applyForces (http://localhost:5173/src/sim/rhizome/rhizomeEngine.ts:473:38)
    at tickRhizome (http://localhost:5173/src/sim/rhizome/rhizomeEngine.ts:326:3)
    at loop (http://localhost:5173/src/ui/labs/RhizomeLab.tsx?t=1772147833677:1882:7)
Page Error: n is not defined
ReferenceError: n is not defined
    at applyForces (http://localhost:5173/src/sim/rhizome/rhizomeEngine.ts:473:38)
    at tickRhizome (http://localhost:5173/src/sim/rhizome/rhizomeEngine.ts:326:3)
    at loop (http://localhost:5173/src/ui/labs/RhizomeLab.tsx?t=1772147833677:1882:7)
Page Error: n is not defined
ReferenceError: n is not defined
    at applyForces (http://localhost:5173/src/sim/rhizome/rhizomeEngine.ts:473:38)
    at tickRhizome (http://localhost:5173/src/sim/rhizome/rhizomeEngine.ts:326:3)
    at loop (http://localhost:5173/src/ui/labs/RhizomeLab.tsx?t=1772147833677:1882:7)
Page Error: n is not defined
ReferenceError: n is not defined
    at applyForces (http://localhost:5173/src/sim/rhizome/rhizomeEngine.ts:473:38)
    at tickRhizome (http://localhost:5173/src/sim/rhizome/rhizomeEngine.ts:326:3)
    at loop (http://localhost:5173/src/ui/labs/RhizomeLab.tsx?t=1772147833677:1882:7)
Page Error: n is not defined
ReferenceError: n is not defined
    at applyForces (http://localhost:5173/src/sim/rhizome/rhizomeEngine.ts:473:38)
    at tickRhizome (http://localhost:5173/src/sim/rhizome/rhizomeEngine.ts:326:3)
    at loop (http://localhost:5173/src/ui/labs/RhizomeLab.tsx?t=1772147833677:1882:7)
Page Error: n is not defined
ReferenceError: n is not defined
    at applyForces (http://localhost:5173/src/sim/rhizome/rhizomeEngine.ts:473:38)
    at tickRhizome (http://localhost:5173/src/sim/rhizome/rhizomeEngine.ts:326:3)
    at loop (http://localhost:5173/src/ui/labs/RhizomeLab.tsx?t=1772147833677:1882:7)
Page Error: n is not defined
ReferenceError: n is not defined
    at applyForces (http://localhost:5173/src/sim/rhizome/rhizomeEngine.ts:473:38)
    at tickRhizome (http://localhost:5173/src/sim/rhizome/rhizomeEngine.ts:326:3)
    at loop (http://localhost:5173/src/ui/labs/RhizomeLab.tsx?t=1772147833677:1882:7)
Page Error: n is not defined
ReferenceError: n is not defined
    at applyForces (http://localhost:5173/src/sim/rhizome/rhizomeEngine.ts:473:38)
    at tickRhizome (http://localhost:5173/src/sim/rhizome/rhizomeEngine.ts:326:3)
    at loop (http://localhost:5173/src/ui/labs/RhizomeLab.tsx?t=1772147833677:1882:7)
Page Error: n is not defined
ReferenceError: n is not defined
    at applyForces (http://localhost:5173/src/sim/rhizome/rhizomeEngine.ts:473:38)
    at tickRhizome (http://localhost:5173/src/sim/rhizome/rhizomeEngine.ts:326:3)
    at loop (http://localhost:5173/src/ui/labs/RhizomeLab.tsx?t=1772147833677:1882:7)
Page Error: n is not defined
ReferenceError: n is not defined
    at applyForces (http://localhost:5173/src/sim/rhizome/rhizomeEngine.ts:473:38)
    at tickRhizome (http://localhost:5173/src/sim/rhizome/rhizomeEngine.ts:326:3)
    at loop (http://localhost:5173/src/ui/labs/RhizomeLab.tsx?t=1772147833677:1882:7)
Page Error: n is not defined
ReferenceError: n is not defined
    at applyForces (http://localhost:5173/src/sim/rhizome/rhizomeEngine.ts:473:38)
    at tickRhizome (http://localhost:5173/src/sim/rhizome/rhizomeEngine.ts:326:3)
    at loop (http://localhost:5173/src/ui/labs/RhizomeLab.tsx?t=1772147833677:1882:7)
Page Error: n is not defined
ReferenceError: n is not defined
    at applyForces (http://localhost:5173/src/sim/rhizome/rhizomeEngine.ts:473:38)
    at tickRhizome (http://localhost:5173/src/sim/rhizome/rhizomeEngine.ts:326:3)
    at loop (http://localhost:5173/src/ui/labs/RhizomeLab.tsx?t=1772147833677:1882:7)
Page Error: n is not defined
ReferenceError: n is not defined
    at applyForces (http://localhost:5173/src/sim/rhizome/rhizomeEngine.ts:473:38)
    at tickRhizome (http://localhost:5173/src/sim/rhizome/rhizomeEngine.ts:326:3)
    at loop (http://localhost:5173/src/ui/labs/RhizomeLab.tsx?t=1772147833677:1882:7)
Page Error: n is not defined
ReferenceError: n is not defined
    at applyForces (http://localhost:5173/src/sim/rhizome/rhizomeEngine.ts:473:38)
    at tickRhizome (http://localhost:5173/src/sim/rhizome/rhizomeEngine.ts:326:3)
    at loop (http://localhost:5173/src/ui/labs/RhizomeLab.tsx?t=1772147833677:1882:7)
Page Error: n is not defined
ReferenceError: n is not defined
    at applyForces (http://localhost:5173/src/sim/rhizome/rhizomeEngine.ts:473:38)
    at tickRhizome (http://localhost:5173/src/sim/rhizome/rhizomeEngine.ts:326:3)
    at loop (http://localhost:5173/src/ui/labs/RhizomeLab.tsx?t=1772147833677:1882:7)
Page Error: n is not defined
ReferenceError: n is not defined
    at applyForces (http://localhost:5173/src/sim/rhizome/rhizomeEngine.ts:473:38)
    at tickRhizome (http://localhost:5173/src/sim/rhizome/rhizomeEngine.ts:326:3)
    at loop (http://localhost:5173/src/ui/labs/RhizomeLab.tsx?t=1772147833677:1882:7)
Page Error: n is not defined
ReferenceError: n is not defined
    at applyForces (http://localhost:5173/src/sim/rhizome/rhizomeEngine.ts:473:38)
    at tickRhizome (http://localhost:5173/src/sim/rhizome/rhizomeEngine.ts:326:3)
    at loop (http://localhost:5173/src/ui/labs/RhizomeLab.tsx?t=1772147833677:1882:7)
Page Error: n is not defined
ReferenceError: n is not defined
    at applyForces (http://localhost:5173/src/sim/rhizome/rhizomeEngine.ts:473:38)
    at tickRhizome (http://localhost:5173/src/sim/rhizome/rhizomeEngine.ts:326:3)
    at loop (http://localhost:5173/src/ui/labs/RhizomeLab.tsx?t=1772147833677:1882:7)
Page Error: n is not defined
ReferenceError: n is not defined
    at applyForces (http://localhost:5173/src/sim/rhizome/rhizomeEngine.ts:473:38)
    at tickRhizome (http://localhost:5173/src/sim/rhizome/rhizomeEngine.ts:326:3)
    at loop (http://localhost:5173/src/ui/labs/RhizomeLab.tsx?t=1772147833677:1882:7)
Page Error: n is not defined
ReferenceError: n is not defined
    at applyForces (http://localhost:5173/src/sim/rhizome/rhizomeEngine.ts:473:38)
    at tickRhizome (http://localhost:5173/src/sim/rhizome/rhizomeEngine.ts:326:3)
    at loop (http://localhost:5173/src/ui/labs/RhizomeLab.tsx?t=1772147833677:1882:7)
Page Error: n is not defined
ReferenceError: n is not defined
    at applyForces (http://localhost:5173/src/sim/rhizome/rhizomeEngine.ts:473:38)
    at tickRhizome (http://localhost:5173/src/sim/rhizome/rhizomeEngine.ts:326:3)
    at loop (http://localhost:5173/src/ui/labs/RhizomeLab.tsx?t=1772147833677:1882:7)
Page Error: n is not defined
ReferenceError: n is not defined
    at applyForces (http://localhost:5173/src/sim/rhizome/rhizomeEngine.ts:473:38)
    at tickRhizome (http://localhost:5173/src/sim/rhizome/rhizomeEngine.ts:326:3)
    at loop (http://localhost:5173/src/ui/labs/RhizomeLab.tsx?t=1772147833677:1882:7)
Page Error: n is not defined
ReferenceError: n is not defined
    at applyForces (http://localhost:5173/src/sim/rhizome/rhizomeEngine.ts:473:38)
    at tickRhizome (http://localhost:5173/src/sim/rhizome/rhizomeEngine.ts:326:3)
    at loop (http://localhost:5173/src/ui/labs/RhizomeLab.tsx?t=1772147833677:1882:7)
Page Error: n is not defined
ReferenceError: n is not defined
    at applyForces (http://localhost:5173/src/sim/rhizome/rhizomeEngine.ts:473:38)
    at tickRhizome (http://localhost:5173/src/sim/rhizome/rhizomeEngine.ts:326:3)
    at loop (http://localhost:5173/src/ui/labs/RhizomeLab.tsx?t=1772147833677:1882:7)
Page Error: n is not defined
ReferenceError: n is not defined
    at applyForces (http://localhost:5173/src/sim/rhizome/rhizomeEngine.ts:473:38)
    at tickRhizome (http://localhost:5173/src/sim/rhizome/rhizomeEngine.ts:326:3)
    at loop (http://localhost:5173/src/ui/labs/RhizomeLab.tsx?t=1772147833677:1882:7)
Page Error: n is not defined
ReferenceError: n is not defined
    at applyForces (http://localhost:5173/src/sim/rhizome/rhizomeEngine.ts:473:38)
    at tickRhizome (http://localhost:5173/src/sim/rhizome/rhizomeEngine.ts:326:3)
    at loop (http://localhost:5173/src/ui/labs/RhizomeLab.tsx?t=1772147833677:1882:7)
Page Error: n is not defined
ReferenceError: n is not defined
    at applyForces (http://localhost:5173/src/sim/rhizome/rhizomeEngine.ts:473:38)
    at tickRhizome (http://localhost:5173/src/sim/rhizome/rhizomeEngine.ts:326:3)
    at loop (http://localhost:5173/src/ui/labs/RhizomeLab.tsx?t=1772147833677:1882:7)
Page Error: n is not defined
ReferenceError: n is not defined
    at applyForces (http://localhost:5173/src/sim/rhizome/rhizomeEngine.ts:473:38)
    at tickRhizome (http://localhost:5173/src/sim/rhizome/rhizomeEngine.ts:326:3)
    at loop (http://localhost:5173/src/ui/labs/RhizomeLab.tsx?t=1772147833677:1882:7)
Page Error: n is not defined
ReferenceError: n is not defined
    at applyForces (http://localhost:5173/src/sim/rhizome/rhizomeEngine.ts:473:38)
    at tickRhizome (http://localhost:5173/src/sim/rhizome/rhizomeEngine.ts:326:3)
    at loop (http://localhost:5173/src/ui/labs/RhizomeLab.tsx?t=1772147833677:1882:7)
Page Error: n is not defined
ReferenceError: n is not defined
    at applyForces (http://localhost:5173/src/sim/rhizome/rhizomeEngine.ts:473:38)
    at tickRhizome (http://localhost:5173/src/sim/rhizome/rhizomeEngine.ts:326:3)
    at loop (http://localhost:5173/src/ui/labs/RhizomeLab.tsx?t=1772147833677:1882:7)
Page Error: n is not defined
ReferenceError: n is not defined
    at applyForces (http://localhost:5173/src/sim/rhizome/rhizomeEngine.ts:473:38)
    at tickRhizome (http://localhost:5173/src/sim/rhizome/rhizomeEngine.ts:326:3)
    at loop (http://localhost:5173/src/ui/labs/RhizomeLab.tsx?t=1772147833677:1882:7)
Page Error: n is not defined
ReferenceError: n is not defined
    at applyForces (http://localhost:5173/src/sim/rhizome/rhizomeEngine.ts:473:38)
    at tickRhizome (http://localhost:5173/src/sim/rhizome/rhizomeEngine.ts:326:3)
    at loop (http://localhost:5173/src/ui/labs/RhizomeLab.tsx?t=1772147833677:1882:7)
Page Error: n is not defined
ReferenceError: n is not defined
    at applyForces (http://localhost:5173/src/sim/rhizome/rhizomeEngine.ts:473:38)
    at tickRhizome (http://localhost:5173/src/sim/rhizome/rhizomeEngine.ts:326:3)
    at loop (http://localhost:5173/src/ui/labs/RhizomeLab.tsx?t=1772147833677:1882:7)
Page Error: n is not defined
ReferenceError: n is not defined
    at applyForces (http://localhost:5173/src/sim/rhizome/rhizomeEngine.ts:473:38)
    at tickRhizome (http://localhost:5173/src/sim/rhizome/rhizomeEngine.ts:326:3)
    at loop (http://localhost:5173/src/ui/labs/RhizomeLab.tsx?t=1772147833677:1882:7)
Page Error: n is not defined
ReferenceError: n is not defined
    at applyForces (http://localhost:5173/src/sim/rhizome/rhizomeEngine.ts:473:38)
    at tickRhizome (http://localhost:5173/src/sim/rhizome/rhizomeEngine.ts:326:3)
    at loop (http://localhost:5173/src/ui/labs/RhizomeLab.tsx?t=1772147833677:1882:7)
Page Error: n is not defined
ReferenceError: n is not defined
    at applyForces (http://localhost:5173/src/sim/rhizome/rhizomeEngine.ts:473:38)
    at tickRhizome (http://localhost:5173/src/sim/rhizome/rhizomeEngine.ts:326:3)
    at loop (http://localhost:5173/src/ui/labs/RhizomeLab.tsx?t=1772147833677:1882:7)
Page Error: n is not defined
ReferenceError: n is not defined
    at applyForces (http://localhost:5173/src/sim/rhizome/rhizomeEngine.ts:473:38)
    at tickRhizome (http://localhost:5173/src/sim/rhizome/rhizomeEngine.ts:326:3)
    at loop (http://localhost:5173/src/ui/labs/RhizomeLab.tsx?t=1772147833677:1882:7)
Page Error: n is not defined
ReferenceError: n is not defined
    at applyForces (http://localhost:5173/src/sim/rhizome/rhizomeEngine.ts:473:38)
    at tickRhizome (http://localhost:5173/src/sim/rhizome/rhizomeEngine.ts:326:3)
    at loop (http://localhost:5173/src/ui/labs/RhizomeLab.tsx?t=1772147833677:1882:7)
Page Error: n is not defined
ReferenceError: n is not defined
    at applyForces (http://localhost:5173/src/sim/rhizome/rhizomeEngine.ts:473:38)
    at tickRhizome (http://localhost:5173/src/sim/rhizome/rhizomeEngine.ts:326:3)
    at loop (http://localhost:5173/src/ui/labs/RhizomeLab.tsx?t=1772147833677:1882:7)
Page Error: n is not defined
ReferenceError: n is not defined
    at applyForces (http://localhost:5173/src/sim/rhizome/rhizomeEngine.ts:473:38)
    at tickRhizome (http://localhost:5173/src/sim/rhizome/rhizomeEngine.ts:326:3)
    at loop (http://localhost:5173/src/ui/labs/RhizomeLab.tsx?t=1772147833677:1882:7)
Page Error: n is not defined
ReferenceError: n is not defined
    at applyForces (http://localhost:5173/src/sim/rhizome/rhizomeEngine.ts:473:38)
    at tickRhizome (http://localhost:5173/src/sim/rhizome/rhizomeEngine.ts:326:3)
    at loop (http://localhost:5173/src/ui/labs/RhizomeLab.tsx?t=1772147833677:1882:7)
Page Error: n is not defined
ReferenceError: n is not defined
    at applyForces (http://localhost:5173/src/sim/rhizome/rhizomeEngine.ts:473:38)
    at tickRhizome (http://localhost:5173/src/sim/rhizome/rhizomeEngine.ts:326:3)
    at loop (http://localhost:5173/src/ui/labs/RhizomeLab.tsx?t=1772147833677:1882:7)
Page Error: n is not defined
ReferenceError: n is not defined
    at applyForces (http://localhost:5173/src/sim/rhizome/rhizomeEngine.ts:473:38)
    at tickRhizome (http://localhost:5173/src/sim/rhizome/rhizomeEngine.ts:326:3)
    at loop (http://localhost:5173/src/ui/labs/RhizomeLab.tsx?t=1772147833677:1882:7)
Page Error: n is not defined
ReferenceError: n is not defined
    at applyForces (http://localhost:5173/src/sim/rhizome/rhizomeEngine.ts:473:38)
    at tickRhizome (http://localhost:5173/src/sim/rhizome/rhizomeEngine.ts:326:3)
    at loop (http://localhost:5173/src/ui/labs/RhizomeLab.tsx?t=1772147833677:1882:7)
Page Error: n is not defined
ReferenceError: n is not defined
    at applyForces (http://localhost:5173/src/sim/rhizome/rhizomeEngine.ts:473:38)
    at tickRhizome (http://localhost:5173/src/sim/rhizome/rhizomeEngine.ts:326:3)
    at loop (http://localhost:5173/src/ui/labs/RhizomeLab.tsx?t=1772147833677:1882:7)
Page Error: n is not defined
ReferenceError: n is not defined
    at applyForces (http://localhost:5173/src/sim/rhizome/rhizomeEngine.ts:473:38)
    at tickRhizome (http://localhost:5173/src/sim/rhizome/rhizomeEngine.ts:326:3)
    at loop (http://localhost:5173/src/ui/labs/RhizomeLab.tsx?t=1772147833677:1882:7)
